Godot Engine v4.7.2.stable.official.ed1daf0bf - https://godotengine.org

PASS material catalog parses
PASS catalog uses the shared linear-color schema
PASS catalog contains materials and surface families
PASS ArmBody loads as a web-compatible StandardMaterial3D
PASS ArmBody preserves catalog color/PBR values as a shared external resource
PASS ArmBody catalog emission is limited to the indicator LED
PASS ArmBody has the expected emission state
PASS ArmBody uses a shared baked normal map with local triplanar mapping
PASS BaseBody loads as a web-compatible StandardMaterial3D
PASS BaseBody preserves catalog color/PBR values as a shared external resource
PASS BaseBody catalog emission is limited to the indicator LED
PASS BaseBody has the expected emission state
PASS BaseBody uses a shared baked normal map with local triplanar mapping
PASS Black loads as a web-compatible StandardMaterial3D
PASS Black preserves catalog color/PBR values as a shared external resource
PASS Black catalog emission is limited to the indicator LED
PASS Black has the expected emission state
PASS Black uses a shared baked normal map with local triplanar mapping
PASS BoardBody loads as a web-compatible StandardMaterial3D
PASS BoardBody preserves catalog color/PBR values as a shared external resource
PASS BoardBody catalog emission is limited to the indicator LED
PASS BoardBody has the expected emission state
PASS BoardBody uses a shared baked normal map with local triplanar mapping
PASS BracketMetal loads as a web-compatible StandardMaterial3D
PASS BracketMetal preserves catalog color/PBR values as a shared external resource
PASS BracketMetal catalog emission is limited to the indicator LED
PASS BracketMetal has the expected emission state
PASS BracketMetal uses a shared baked normal map with local triplanar mapping
PASS Brown loads as a web-compatible StandardMaterial3D
PASS Brown preserves catalog color/PBR values as a shared external resource
PASS Brown catalog emission is limited to the indicator LED
PASS Brown has the expected emission state
PASS Brown uses a shared baked normal map with local triplanar mapping
PASS ChassisMetal loads as a web-compatible StandardMaterial3D
PASS ChassisMetal preserves catalog color/PBR values as a shared external resource
PASS ChassisMetal catalog emission is limited to the indicator LED
PASS ChassisMetal has the expected emission state
PASS ChassisMetal uses a shared baked normal map with local triplanar mapping
PASS Cream loads as a web-compatible StandardMaterial3D
PASS Cream preserves catalog color/PBR values as a shared external resource
PASS Cream catalog emission is limited to the indicator LED
PASS Cream has the expected emission state
PASS Cream uses a shared baked normal map with local triplanar mapping
PASS DetailAmber loads as a web-compatible StandardMaterial3D
PASS DetailAmber preserves catalog color/PBR values as a shared external resource
PASS DetailAmber catalog emission is limited to the indicator LED
PASS DetailAmber has the expected emission state
PASS DetailAmber needs no normal texture
PASS DetailCopper loads as a web-compatible StandardMaterial3D
PASS DetailCopper preserves catalog color/PBR values as a shared external resource
PASS DetailCopper catalog emission is limited to the indicator LED
PASS DetailCopper has the expected emission state
PASS DetailCopper uses a shared baked normal map with local triplanar mapping
PASS DetailGraphite loads as a web-compatible StandardMaterial3D
PASS DetailGraphite preserves catalog color/PBR values as a shared external resource
PASS DetailGraphite catalog emission is limited to the indicator LED
PASS DetailGraphite has the expected emission state
PASS DetailGraphite uses a shared baked normal map with local triplanar mapping
PASS DetailSteel loads as a web-compatible StandardMaterial3D
PASS DetailSteel preserves catalog color/PBR values as a shared external resource
PASS DetailSteel catalog emission is limited to the indicator LED
PASS DetailSteel has the expected emission state
PASS DetailSteel uses a shared baked normal map with local triplanar mapping
PASS DetailTeal loads as a web-compatible StandardMaterial3D
PASS DetailTeal preserves catalog color/PBR values as a shared external resource
PASS DetailTeal catalog emission is limited to the indicator LED
PASS DetailTeal has the expected emission state
PASS DetailTeal uses a shared baked normal map with local triplanar mapping
PASS DetailWhite loads as a web-compatible StandardMaterial3D
PASS DetailWhite preserves catalog color/PBR values as a shared external resource
PASS DetailWhite catalog emission is limited to the indicator LED
PASS DetailWhite has the expected emission state
PASS DetailWhite needs no normal texture
PASS Gold loads as a web-compatible StandardMaterial3D
PASS Gold preserves catalog color/PBR values as a shared external resource
PASS Gold catalog emission is limited to the indicator LED
PASS Gold has the expected emission state
PASS Gold needs no normal texture
PASS Orange loads as a web-compatible StandardMaterial3D
PASS Orange preserves catalog color/PBR values as a shared external resource
PASS Orange catalog emission is limited to the indicator LED
PASS Orange has the expected emission state
PASS Orange uses a shared baked normal map with local triplanar mapping
PASS Red loads as a web-compatible StandardMaterial3D
PASS Red preserves catalog color/PBR values as a shared external resource
PASS Red catalog emission is limited to the indicator LED
PASS Red has the expected emission state
PASS Red uses a shared baked normal map with local triplanar mapping
PASS RimYellow loads as a web-compatible StandardMaterial3D
PASS RimYellow preserves catalog color/PBR values as a shared external resource
PASS RimYellow catalog emission is limited to the indicator LED
PASS RimYellow has the expected emission state
PASS RimYellow uses a shared baked normal map with local triplanar mapping
PASS Rubber loads as a web-compatible StandardMaterial3D
PASS Rubber preserves catalog color/PBR values as a shared external resource
PASS Rubber catalog emission is limited to the indicator LED
PASS Rubber has the expected emission state
PASS Rubber uses a shared baked normal map with local triplanar mapping
PASS SensorBlue loads as a web-compatible StandardMaterial3D
PASS SensorBlue preserves catalog color/PBR values as a shared external resource
PASS SensorBlue catalog emission is limited to the indicator LED
PASS SensorBlue has the expected emission state
PASS SensorBlue uses a shared baked normal map with local triplanar mapping
PASS ServoBlue loads as a web-compatible StandardMaterial3D
PASS ServoBlue preserves catalog color/PBR values as a shared external resource
PASS ServoBlue catalog emission is limited to the indicator LED
PASS ServoBlue has the expected emission state
PASS ServoBlue uses a shared baked normal map with local triplanar mapping
PASS ServoBody loads as a web-compatible StandardMaterial3D
PASS ServoBody preserves catalog color/PBR values as a shared external resource
PASS ServoBody catalog emission is limited to the indicator LED
PASS ServoBody has the expected emission state
PASS ServoBody uses a shared baked normal map with local triplanar mapping
PASS Shell loads as a web-compatible StandardMaterial3D
PASS Shell preserves catalog color/PBR values as a shared external resource
PASS Shell catalog emission is limited to the indicator LED
PASS Shell has the expected emission state
PASS Shell uses a shared baked normal map with local triplanar mapping
PASS Silver loads as a web-compatible StandardMaterial3D
PASS Silver preserves catalog color/PBR values as a shared external resource
PASS Silver catalog emission is limited to the indicator LED
PASS Silver has the expected emission state
PASS Silver uses a shared baked normal map with local triplanar mapping
PASS Temporary_cutter loads as a web-compatible StandardMaterial3D
PASS Temporary_cutter preserves catalog color/PBR values as a shared external resource
PASS Temporary_cutter catalog emission is limited to the indicator LED
PASS Temporary_cutter has the expected emission state
PASS Temporary_cutter needs no normal texture
PASS TtYellow loads as a web-compatible StandardMaterial3D
PASS TtYellow preserves catalog color/PBR values as a shared external resource
PASS TtYellow catalog emission is limited to the indicator LED
PASS TtYellow has the expected emission state
PASS TtYellow uses a shared baked normal map with local triplanar mapping
PASS UnoBlue loads as a web-compatible StandardMaterial3D
PASS UnoBlue preserves catalog color/PBR values as a shared external resource
PASS UnoBlue catalog emission is limited to the indicator LED
PASS UnoBlue has the expected emission state
PASS UnoBlue uses a shared baked normal map with local triplanar mapping
PASS palette directory exists
PASS arduino_uno.tres loads as PartDef
PASS arduino_uno source and materialized meshes exist
PASS arduino_uno PartDef uses the persistent materialized mesh
PASS arduino_uno exactly preserves all source vertex/index/normal arrays and AABB
PASS arduino_uno surfaces resolve the correct shared catalog materials
PASS arm_link.tres loads as PartDef
PASS arm_link source and materialized meshes exist
PASS arm_link PartDef uses the persistent materialized mesh
PASS arm_link exactly preserves all source vertex/index/normal arrays and AABB
PASS arm_link surfaces resolve the correct shared catalog materials
PASS ball_caster.tres loads as PartDef
ERROR: Resource file not found: res://assets/parts/ball_caster.obj (expected type: unknown)
   at: _load (core/io/resource_loader.cpp:325)
   GDScript backtrace (most recent call first):
       [0] _check_meshes (res://tests/material_assets_check.gd:103)
       [1] _run (res://tests/material_assets_check.gd:34)
FAIL ball_caster source and materialized meshes exist
PASS base.tres loads as PartDef
PASS base source and materialized meshes exist
PASS base PartDef uses the persistent materialized mesh
PASS base exactly preserves all source vertex/index/normal arrays and AABB
PASS base surfaces resolve the correct shared catalog materials
PASS biped_body.tres loads as PartDef
PASS biped_body source and materialized meshes exist
PASS biped_body PartDef uses the persistent materialized mesh
PASS biped_body exactly preserves all source vertex/index/normal arrays and AABB
PASS biped_body surfaces resolve the correct shared catalog materials
PASS board.tres loads as PartDef
PASS board source and materialized meshes exist
PASS board PartDef uses the persistent materialized mesh
PASS board exactly preserves all source vertex/index/normal arrays and AABB
PASS board surfaces resolve the correct shared catalog materials
PASS car_chassis.tres loads as PartDef
ERROR: Resource file not found: res://assets/parts/car_chassis.obj (expected type: unknown)
   at: _load (core/io/resource_loader.cpp:325)
   GDScript backtrace (most recent call first):
       [0] _check_meshes (res://tests/material_assets_check.gd:103)
       [1] _run (res://tests/material_assets_check.gd:34)
FAIL car_chassis source and materialized meshes exist
PASS chassis_plate.tres loads as PartDef
PASS chassis_plate source and materialized meshes exist
PASS chassis_plate PartDef uses the persistent materialized mesh
PASS chassis_plate exactly preserves all source vertex/index/normal arrays and AABB
PASS chassis_plate surfaces resolve the correct shared catalog materials
PASS foot.tres loads as PartDef
PASS foot source and materialized meshes exist
PASS foot PartDef uses the persistent materialized mesh
PASS foot exactly preserves all source vertex/index/normal arrays and AABB
PASS foot surfaces resolve the correct shared catalog materials
PASS hc_sr04.tres loads as PartDef
PASS hc_sr04 source and materialized meshes exist
PASS hc_sr04 PartDef uses the persistent materialized mesh
PASS hc_sr04 exactly preserves all source vertex/index/normal arrays and AABB
PASS hc_sr04 surfaces resolve the correct shared catalog materials
PASS leg_link.tres loads as PartDef
PASS leg_link source and materialized meshes exist
PASS leg_link PartDef uses the persistent materialized mesh
PASS leg_link exactly preserves all source vertex/index/normal arrays and AABB
PASS leg_link surfaces resolve the correct shared catalog materials
PASS microbit.tres loads as PartDef
ERROR: Resource file not found: res://assets/parts/microbit.obj (expected type: unknown)
   at: _load (core/io/resource_loader.cpp:325)
   GDScript backtrace (most recent call first):
       [0] _check_meshes (res://tests/material_assets_check.gd:103)
       [1] _run (res://tests/material_assets_check.gd:34)
FAIL microbit source and materialized meshes exist
PASS motor_driver.tres loads as PartDef
ERROR: Resource file not found: res://assets/parts/motor_driver.obj (expected type: unknown)
   at: _load (core/io/resource_loader.cpp:325)
   GDScript backtrace (most recent call first):
       [0] _check_meshes (res://tests/material_assets_check.gd:103)
       [1] _run (res://tests/material_assets_check.gd:34)
FAIL motor_driver source and materialized meshes exist
PASS servo.tres loads as PartDef
PASS servo source and materialized meshes exist
PASS servo PartDef uses the persistent materialized mesh
PASS servo exactly preserves all source vertex/index/normal arrays and AABB
PASS servo surfaces resolve the correct shared catalog materials
PASS servo_bracket.tres loads as PartDef
PASS servo_bracket source and materialized meshes exist
PASS servo_bracket PartDef uses the persistent materialized mesh
PASS servo_bracket exactly preserves all source vertex/index/normal arrays and AABB
PASS servo_bracket surfaces resolve the correct shared catalog materials
PASS stage_wall.tres loads as PartDef
ERROR: Resource file not found: res://assets/parts/stage_wall.obj (expected type: unknown)
   at: _load (core/io/resource_loader.cpp:325)
   GDScript backtrace (most recent call first):
       [0] _check_meshes (res://tests/material_assets_check.gd:103)
       [1] _run (res://tests/material_assets_check.gd:34)
FAIL stage_wall source and materialized meshes exist
PASS tb6612_driver.tres loads as PartDef
ERROR: Resource file not found: res://assets/parts/tb6612_driver.obj (expected type: unknown)
   at: _load (core/io/resource_loader.cpp:325)
   GDScript backtrace (most recent call first):
       [0] _check_meshes (res://tests/material_assets_check.gd:103)
       [1] _run (res://tests/material_assets_check.gd:34)
FAIL tb6612_driver source and materialized meshes exist
PASS tt_motor.tres loads as PartDef
PASS tt_motor source and materialized meshes exist
PASS tt_motor PartDef uses the persistent materialized mesh
PASS tt_motor exactly preserves all source vertex/index/normal arrays and AABB
PASS tt_motor surfaces resolve the correct shared catalog materials
PASS wheel_65.tres loads as PartDef
PASS wheel_65 source and materialized meshes exist
PASS wheel_65 PartDef uses the persistent materialized mesh
PASS wheel_65 exactly preserves all source vertex/index/normal arrays and AABB
PASS wheel_65 surfaces resolve the correct shared catalog materials
FAIL all 13 robot part definitions are checked
PASS ArmBody is bound to a palette mesh
PASS BaseBody is bound to a palette mesh
PASS Black is bound to a palette mesh
PASS BoardBody is bound to a palette mesh
PASS BracketMetal is bound to a palette mesh
PASS Brown is bound to a palette mesh
PASS ChassisMetal is bound to a palette mesh
PASS Cream is bound to a palette mesh
PASS DetailAmber is bound to a palette mesh
PASS DetailCopper is bound to a palette mesh
PASS DetailGraphite is bound to a palette mesh
PASS DetailSteel is bound to a palette mesh
PASS DetailTeal is bound to a palette mesh
PASS DetailWhite is bound to a palette mesh
PASS Gold is bound to a palette mesh
PASS Orange is bound to a palette mesh
PASS Red is bound to a palette mesh
PASS RimYellow is bound to a palette mesh
PASS Rubber is bound to a palette mesh
PASS SensorBlue is bound to a palette mesh
PASS ServoBlue is bound to a palette mesh
PASS ServoBody is bound to a palette mesh
PASS Shell is bound to a palette mesh
PASS Silver is bound to a palette mesh
PASS TtYellow is bound to a palette mesh
PASS UnoBlue is bound to a palette mesh
PASS assembly uses each materialized mesh without copying or overriding materials
PASS run mode uses the same graph-derived materialized meshes as assembly
material_assets_check: 27 materials, 19 parts, 89 surfaces, 7 failure(s)
