Godot Engine v4.7.2.stable.official.ed1daf0bf - https://godotengine.org

[   0% ] [90m[1mfirst_scan_filesystem[22m | Started Project initialization (5 steps)[39m[0m
[   0% ] [90m[1mfirst_scan_filesystem[22m | Scanning file structure...[39m[0m
[  16% ] [90m[1mfirst_scan_filesystem[22m | Loading global class names...[39m[0m
[  33% ] [90m[1mfirst_scan_filesystem[22m | Verifying GDExtensions...[39m[0m
[  50% ] [90m[1mfirst_scan_filesystem[22m | Creating autoload scripts...[39m[0m
[  66% ] [90m[1mfirst_scan_filesystem[22m | Initializing plugins...[39m[0m
[  83% ] [90m[1mfirst_scan_filesystem[22m | Starting file scan...[39m[0m
[92m[ DONE ][39m [1mfirst_scan_filesystem[22m
[0m
[   0% ] [90m[1mupdate_scripts_classes[22m | Started Registering global classes... (219 steps)[39m[0m
[   0% ] [90m[1mupdate_scripts_classes[22m | [39m[0m
[   0% ] [90m[1mupdate_scripts_classes[22m | BeehaveDebuggerMessages[39m[0m
[   0% ] [90m[1mupdate_scripts_classes[22m | BeehaveDebuggerTab[39m[0m
[   1% ] [90m[1mupdate_scripts_classes[22m | [39m[0m
[   1% ] [90m[1mupdate_scripts_classes[22m | [39m[0m
[   2% ] [90m[1mupdate_scripts_classes[22m | [39m[0m
[   2% ] [90m[1mupdate_scripts_classes[22m | [39m[0m
[   3% ] [90m[1mupdate_scripts_classes[22m | [39m[0m
[   3% ] [90m[1mupdate_scripts_classes[22m | [39m[0m
[   4% ] [90m[1mupdate_scripts_classes[22m | [39m[0m
[   4% ] [90m[1mupdate_scripts_classes[22m | [39m[0m
[   5% ] [90m[1mupdate_scripts_classes[22m | TreeNode[39m[0m
[   5% ] [90m[1mupdate_scripts_classes[22m | [39m[0m
[   5% ] [90m[1mupdate_scripts_classes[22m | Composite[39m[0m
[   6% ] [90m[1mupdate_scripts_classes[22m | RandomizedComposite[39m[0m
[   6% ] [90m[1mupdate_scripts_classes[22m | SelectorComposite[39m[0m
[   7% ] [90m[1mupdate_scripts_classes[22m | SelectorRandomComposite[39m[0m
[   7% ] [90m[1mupdate_scripts_classes[22m | SelectorReactiveComposite[39m[0m
[   8% ] [90m[1mupdate_scripts_classes[22m | SequenceComposite[39m[0m
[   8% ] [90m[1mupdate_scripts_classes[22m | SequenceRandomComposite[39m[0m
[   9% ] [90m[1mupdate_scripts_classes[22m | SequenceReactiveComposite[39m[0m
[   9% ] [90m[1mupdate_scripts_classes[22m | SequenceStarComposite[39m[0m
[  10% ] [90m[1mupdate_scripts_classes[22m | SimpleParallelComposite[39m[0m
[  10% ] [90m[1mupdate_scripts_classes[22m | CooldownDecorator[39m[0m
[  10% ] [90m[1mupdate_scripts_classes[22m | Decorator[39m[0m
[  11% ] [90m[1mupdate_scripts_classes[22m | DelayDecorator[39m[0m
[  11% ] [90m[1mupdate_scripts_classes[22m | AlwaysFailDecorator[39m[0m
[  12% ] [90m[1mupdate_scripts_classes[22m | InverterDecorator[39m[0m
[  12% ] [90m[1mupdate_scripts_classes[22m | LimiterDecorator[39m[0m
[  13% ] [90m[1mupdate_scripts_classes[22m | RepeaterDecorator[39m[0m
[  13% ] [90m[1mupdate_scripts_classes[22m | AlwaysSucceedDecorator[39m[0m
[  14% ] [90m[1mupdate_scripts_classes[22m | TimeLimiterDecorator[39m[0m
[  14% ] [90m[1mupdate_scripts_classes[22m | UntilFailDecorator[39m[0m
[  15% ] [90m[1mupdate_scripts_classes[22m | ActionLeaf[39m[0m
[  15% ] [90m[1mupdate_scripts_classes[22m | BlackboardCompareCondition[39m[0m
[  15% ] [90m[1mupdate_scripts_classes[22m | BlackboardEraseAction[39m[0m
[  16% ] [90m[1mupdate_scripts_classes[22m | BlackboardHasCondition[39m[0m
[  16% ] [90m[1mupdate_scripts_classes[22m | BlackboardSetAction[39m[0m
[  17% ] [90m[1mupdate_scripts_classes[22m | ConditionLeaf[39m[0m
[  17% ] [90m[1mupdate_scripts_classes[22m | Leaf[39m[0m
[  18% ] [90m[1mupdate_scripts_classes[22m | BeehaveNode[39m[0m
[  18% ] [90m[1mupdate_scripts_classes[22m | BeehaveTree[39m[0m
[  19% ] [90m[1mupdate_scripts_classes[22m | [39m[0m
[  19% ] [90m[1mupdate_scripts_classes[22m | Blackboard[39m[0m
[  20% ] [90m[1mupdate_scripts_classes[22m | [39m[0m
[  20% ] [90m[1mupdate_scripts_classes[22m | [39m[0m
[  20% ] [90m[1mupdate_scripts_classes[22m | [39m[0m
[  21% ] [90m[1mupdate_scripts_classes[22m | [39m[0m
[  21% ] [90m[1mupdate_scripts_classes[22m | [39m[0m
[  22% ] [90m[1mupdate_scripts_classes[22m | [39m[0m
[  22% ] [90m[1mupdate_scripts_classes[22m | [39m[0m
[  23% ] [90m[1mupdate_scripts_classes[22m | [39m[0m
[  23% ] [90m[1mupdate_scripts_classes[22m | [39m[0m
[  24% ] [90m[1mupdate_scripts_classes[22m | [39m[0m
[  24% ] [90m[1mupdate_scripts_classes[22m | [39m[0m
[  25% ] [90m[1mupdate_scripts_classes[22m | [39m[0m
[  25% ] [90m[1mupdate_scripts_classes[22m | [39m[0m
[  25% ] [90m[1mupdate_scripts_classes[22m | [39m[0m
[  26% ] [90m[1mupdate_scripts_classes[22m | [39m[0m
[  26% ] [90m[1mupdate_scripts_classes[22m | AllOfGuard[39m[0m
[  27% ] [90m[1mupdate_scripts_classes[22m | AnimationPlayerState[39m[0m
[  27% ] [90m[1mupdate_scripts_classes[22m | AnimationTreeState[39m[0m
[  28% ] [90m[1mupdate_scripts_classes[22m | AnyOfGuard[39m[0m
[  28% ] [90m[1mupdate_scripts_classes[22m | AtomicState[39m[0m
[  29% ] [90m[1mupdate_scripts_classes[22m | CompoundState[39m[0m
[  29% ] [90m[1mupdate_scripts_classes[22m | [39m[0m
[  30% ] [90m[1mupdate_scripts_classes[22m | ExpressionGuard[39m[0m
[  30% ] [90m[1mupdate_scripts_classes[22m | [39m[0m
[  30% ] [90m[1mupdate_scripts_classes[22m | [39m[0m
[  31% ] [90m[1mupdate_scripts_classes[22m | Guard[39m[0m
[  31% ] [90m[1mupdate_scripts_classes[22m | HistoryState[39m[0m
[  32% ] [90m[1mupdate_scripts_classes[22m | NotGuard[39m[0m
[  32% ] [90m[1mupdate_scripts_classes[22m | ParallelState[39m[0m
[  33% ] [90m[1mupdate_scripts_classes[22m | SavedState[39m[0m
[  33% ] [90m[1mupdate_scripts_classes[22m | SerializedStateChart[39m[0m
[  34% ] [90m[1mupdate_scripts_classes[22m | SerializedStateChartState[39m[0m
[  34% ] [90m[1mupdate_scripts_classes[22m | StateChart[39m[0m
[  35% ] [90m[1mupdate_scripts_classes[22m | StateChartSerializer[39m[0m
[  35% ] [90m[1mupdate_scripts_classes[22m | StateChartState[39m[0m
[  35% ] [90m[1mupdate_scripts_classes[22m | StateIsActiveGuard[39m[0m
[  36% ] [90m[1mupdate_scripts_classes[22m | Transition[39m[0m
[  36% ] [90m[1mupdate_scripts_classes[22m | BipedPreset[39m[0m
[  37% ] [90m[1mupdate_scripts_classes[22m | BipedGait[39m[0m
[  37% ] [90m[1mupdate_scripts_classes[22m | BipedMotion[39m[0m
[  38% ] [90m[1mupdate_scripts_classes[22m | ConstructionKitHumanoidPreset[39m[0m
[  38% ] [90m[1mupdate_scripts_classes[22m | HumanoidPreset[39m[0m
[  39% ] [90m[1mupdate_scripts_classes[22m | HumanoidMotion[39m[0m
[  39% ] [90m[1mupdate_scripts_classes[22m | ModularHumanoidPreset[39m[0m
[  40% ] [90m[1mupdate_scripts_classes[22m | RobotCarPreset[39m[0m
[  40% ] [90m[1mupdate_scripts_classes[22m | ServoArmPreset[39m[0m
[  40% ] [90m[1mupdate_scripts_classes[22m | YawBipedPreset[39m[0m
[  41% ] [90m[1mupdate_scripts_classes[22m | [39m[0m
[  41% ] [90m[1mupdate_scripts_classes[22m | AssemblyMode[39m[0m
[  42% ] [90m[1mupdate_scripts_classes[22m | PartNode[39m[0m
[  42% ] [90m[1mupdate_scripts_classes[22m | TransformGizmo[39m[0m
[  43% ] [90m[1mupdate_scripts_classes[22m | ServoProgram[39m[0m
[  43% ] [90m[1mupdate_scripts_classes[22m | AppController[39m[0m
[  44% ] [90m[1mupdate_scripts_classes[22m | BoardProfile[39m[0m
[  44% ] [90m[1mupdate_scripts_classes[22m | ConnectionGraph[39m[0m
[  45% ] [90m[1mupdate_scripts_classes[22m | PartDef[39m[0m
[  45% ] [90m[1mupdate_scripts_classes[22m | Port[39m[0m
[  45% ] [90m[1mupdate_scripts_classes[22m | ProjectStore[39m[0m
[  46% ] [90m[1mupdate_scripts_classes[22m | StageCatalog[39m[0m
[  46% ] [90m[1mupdate_scripts_classes[22m | StageDefinition[39m[0m
[  47% ] [90m[1mupdate_scripts_classes[22m | LearnerProgram[39m[0m
[  47% ] [90m[1mupdate_scripts_classes[22m | BundledBipedMotion[39m[0m
[  48% ] [90m[1mupdate_scripts_classes[22m | DriveMotor[39m[0m
[  48% ] [90m[1mupdate_scripts_classes[22m | KitHumanoidMotion[39m[0m
[  49% ] [90m[1mupdate_scripts_classes[22m | LearnedBipedMotion[39m[0m
[  49% ] [90m[1mupdate_scripts_classes[22m | ManualController[39m[0m
[  50% ] [90m[1mupdate_scripts_classes[22m | MiniRuntime[39m[0m
[  50% ] [90m[1mupdate_scripts_classes[22m | MotionLabClient[39m[0m
[  50% ] [90m[1mupdate_scripts_classes[22m | MotionPolicy[39m[0m
[  51% ] [90m[1mupdate_scripts_classes[22m | MotionSnapshot[39m[0m
[  51% ] [90m[1mupdate_scripts_classes[22m | MotionTrial[39m[0m
[  52% ] [90m[1mupdate_scripts_classes[22m | PickupPolicy[39m[0m
[  52% ] [90m[1mupdate_scripts_classes[22m | PickupScenarioStore[39m[0m
[  53% ] [90m[1mupdate_scripts_classes[22m | PickupTrial[39m[0m
[  53% ] [90m[1mupdate_scripts_classes[22m | RobotMotionProgram[39m[0m
[  54% ] [90m[1mupdate_scripts_classes[22m | RunMode[39m[0m
[  54% ] [90m[1mupdate_scripts_classes[22m | ServoDrive[39m[0m
[  55% ] [90m[1mupdate_scripts_classes[22m | SonarSensor[39m[0m
[  55% ] [90m[1mupdate_scripts_classes[22m | StageEvaluator[39m[0m
[  55% ] [90m[1mupdate_scripts_classes[22m | Wiring[39m[0m
[  56% ] [90m[1mupdate_scripts_classes[22m | BlenderCamera[39m[0m
[  56% ] [90m[1mupdate_scripts_classes[22m | BlockProgramPanel[39m[0m
[  57% ] [90m[1mupdate_scripts_classes[22m | BrowserEvidence[39m[0m
[  57% ] [90m[1mupdate_scripts_classes[22m | FlagMission[39m[0m
[  58% ] [90m[1mupdate_scripts_classes[22m | FlyCamera[39m[0m
[  58% ] [90m[1mupdate_scripts_classes[22m | MotionLabPanel[39m[0m
[  59% ] [90m[1mupdate_scripts_classes[22m | PickupLabPanel[39m[0m
[  59% ] [90m[1mupdate_scripts_classes[22m | ProjectPanel[39m[0m
[  60% ] [90m[1mupdate_scripts_classes[22m | SsokLocale[39m[0m
[  60% ] [90m[1mupdate_scripts_classes[22m | SsokTheme[39m[0m
[  60% ] [90m[1mupdate_scripts_classes[22m | StagePanel[39m[0m
[  61% ] [90m[1mupdate_scripts_classes[22m | TutorialPanel[39m[0m
[  61% ] [90m[1mupdate_scripts_classes[22m | WebClipboard[39m[0m
[  62% ] [90m[1mupdate_scripts_classes[22m | WiringPanel[39m[0m
[  62% ] [90m[1mupdate_scripts_classes[22m | [39m[0m
[  63% ] [90m[1mupdate_scripts_classes[22m | [39m[0m
[  63% ] [90m[1mupdate_scripts_classes[22m | [39m[0m
[  64% ] [90m[1mupdate_scripts_classes[22m | [39m[0m
[  64% ] [90m[1mupdate_scripts_classes[22m | [39m[0m
[  65% ] [90m[1mupdate_scripts_classes[22m | [39m[0m
[  65% ] [90m[1mupdate_scripts_classes[22m | [39m[0m
[  65% ] [90m[1mupdate_scripts_classes[22m | [39m[0m
[  66% ] [90m[1mupdate_scripts_classes[22m | [39m[0m
[  66% ] [90m[1mupdate_scripts_classes[22m | [39m[0m
[  67% ] [90m[1mupdate_scripts_classes[22m | [39m[0m
[  67% ] [90m[1mupdate_scripts_classes[22m | [39m[0m
[  68% ] [90m[1mupdate_scripts_classes[22m | [39m[0m
[  68% ] [90m[1mupdate_scripts_classes[22m | [39m[0m
[  69% ] [90m[1mupdate_scripts_classes[22m | [39m[0m
[  69% ] [90m[1mupdate_scripts_classes[22m | [39m[0m
[  70% ] [90m[1mupdate_scripts_classes[22m | [39m[0m
[  70% ] [90m[1mupdate_scripts_classes[22m | [39m[0m
[  70% ] [90m[1mupdate_scripts_classes[22m | [39m[0m
[  71% ] [90m[1mupdate_scripts_classes[22m | [39m[0m
[  71% ] [90m[1mupdate_scripts_classes[22m | [39m[0m
[  72% ] [90m[1mupdate_scripts_classes[22m | [39m[0m
[  72% ] [90m[1mupdate_scripts_classes[22m | [39m[0m
[  73% ] [90m[1mupdate_scripts_classes[22m | [39m[0m
[  73% ] [90m[1mupdate_scripts_classes[22m | [39m[0m
[  74% ] [90m[1mupdate_scripts_classes[22m | [39m[0m
[  74% ] [90m[1mupdate_scripts_classes[22m | [39m[0m
[  75% ] [90m[1mupdate_scripts_classes[22m | [39m[0m
[  75% ] [90m[1mupdate_scripts_classes[22m | [39m[0m
[  75% ] [90m[1mupdate_scripts_classes[22m | [39m[0m
[  76% ] [90m[1mupdate_scripts_classes[22m | [39m[0m
[  76% ] [90m[1mupdate_scripts_classes[22m | [39m[0m
[  77% ] [90m[1mupdate_scripts_classes[22m | [39m[0m
[  77% ] [90m[1mupdate_scripts_classes[22m | [39m[0m
[  78% ] [90m[1mupdate_scripts_classes[22m | [39m[0m
[  78% ] [90m[1mupdate_scripts_classes[22m | [39m[0m
[  79% ] [90m[1mupdate_scripts_classes[22m | [39m[0m
[  79% ] [90m[1mupdate_scripts_classes[22m | [39m[0m
[  80% ] [90m[1mupdate_scripts_classes[22m | [39m[0m
[  80% ] [90m[1mupdate_scripts_classes[22m | [39m[0m
[  80% ] [90m[1mupdate_scripts_classes[22m | [39m[0m
[  81% ] [90m[1mupdate_scripts_classes[22m | [39m[0m
[  81% ] [90m[1mupdate_scripts_classes[22m | [39m[0m
[  82% ] [90m[1mupdate_scripts_classes[22m | [39m[0m
[  82% ] [90m[1mupdate_scripts_classes[22m | [39m[0m
[  83% ] [90m[1mupdate_scripts_classes[22m | [39m[0m
[  83% ] [90m[1mupdate_scripts_classes[22m | [39m[0m
[  84% ] [90m[1mupdate_scripts_classes[22m | [39m[0m
[  84% ] [90m[1mupdate_scripts_classes[22m | [39m[0m
[  85% ] [90m[1mupdate_scripts_classes[22m | [39m[0m
[  85% ] [90m[1mupdate_scripts_classes[22m | [39m[0m
[  85% ] [90m[1mupdate_scripts_classes[22m | [39m[0m
[  86% ] [90m[1mupdate_scripts_classes[22m | [39m[0m
[  86% ] [90m[1mupdate_scripts_classes[22m | [39m[0m
[  87% ] [90m[1mupdate_scripts_classes[22m | [39m[0m
[  87% ] [90m[1mupdate_scripts_classes[22m | [39m[0m
[  88% ] [90m[1mupdate_scripts_classes[22m | [39m[0m
[  88% ] [90m[1mupdate_scripts_classes[22m | [39m[0m
[  89% ] [90m[1mupdate_scripts_classes[22m | [39m[0m
[  89% ] [90m[1mupdate_scripts_classes[22m | [39m[0m
[  90% ] [90m[1mupdate_scripts_classes[22m | [39m[0m
[  90% ] [90m[1mupdate_scripts_classes[22m | [39m[0m
[  90% ] [90m[1mupdate_scripts_classes[22m | [39m[0m
[  91% ] [90m[1mupdate_scripts_classes[22m | [39m[0m
[  91% ] [90m[1mupdate_scripts_classes[22m | [39m[0m
[  92% ] [90m[1mupdate_scripts_classes[22m | [39m[0m
[  92% ] [90m[1mupdate_scripts_classes[22m | [39m[0m
[  93% ] [90m[1mupdate_scripts_classes[22m | [39m[0m
[  93% ] [90m[1mupdate_scripts_classes[22m | [39m[0m
[  94% ] [90m[1mupdate_scripts_classes[22m | [39m[0m
[  94% ] [90m[1mupdate_scripts_classes[22m | [39m[0m
[  95% ] [90m[1mupdate_scripts_classes[22m | [39m[0m
[  95% ] [90m[1mupdate_scripts_classes[22m | [39m[0m
[  95% ] [90m[1mupdate_scripts_classes[22m | [39m[0m
[  96% ] [90m[1mupdate_scripts_classes[22m | [39m[0m
[  96% ] [90m[1mupdate_scripts_classes[22m | [39m[0m
[  97% ] [90m[1mupdate_scripts_classes[22m | [39m[0m
[  97% ] [90m[1mupdate_scripts_classes[22m | [39m[0m
[  98% ] [90m[1mupdate_scripts_classes[22m | [39m[0m
[  98% ] [90m[1mupdate_scripts_classes[22m | [39m[0m
[  99% ] [90m[1mupdate_scripts_classes[22m | [39m[0m
[92m[ DONE ][39m [1mupdate_scripts_classes[22m
[0m
[   0% ] [90m[1m_update_scan_actions[22m | Started Scanning actions... (133 steps)[39m[0m
[   0% ] [90m[1m_update_scan_actions[22m | horizontal_layout.svg[39m[0m
[   0% ] [90m[1m_update_scan_actions[22m | port_bottom.svg[39m[0m
[   1% ] [90m[1m_update_scan_actions[22m | port_left.svg[39m[0m
[   2% ] [90m[1m_update_scan_actions[22m | port_right.svg[39m[0m
[   2% ] [90m[1m_update_scan_actions[22m | port_top.svg[39m[0m
[   3% ] [90m[1m_update_scan_actions[22m | vertical_layout.svg[39m[0m
[   4% ] [90m[1m_update_scan_actions[22m | action.svg[39m[0m
[   5% ] [90m[1m_update_scan_actions[22m | blackboard.svg[39m[0m
[   5% ] [90m[1m_update_scan_actions[22m | category_bt.svg[39m[0m
[   6% ] [90m[1m_update_scan_actions[22m | category_composite.svg[39m[0m
[   7% ] [90m[1m_update_scan_actions[22m | category_decorator.svg[39m[0m
[   8% ] [90m[1m_update_scan_actions[22m | category_leaf.svg[39m[0m
[   8% ] [90m[1m_update_scan_actions[22m | condition.svg[39m[0m
[   9% ] [90m[1m_update_scan_actions[22m | cooldown.svg[39m[0m
[  10% ] [90m[1m_update_scan_actions[22m | delayer.svg[39m[0m
[  11% ] [90m[1m_update_scan_actions[22m | failer.svg[39m[0m
[  11% ] [90m[1m_update_scan_actions[22m | inverter.svg[39m[0m
[  12% ] [90m[1m_update_scan_actions[22m | limiter.svg[39m[0m
[  13% ] [90m[1m_update_scan_actions[22m | repeater.svg[39m[0m
[  14% ] [90m[1m_update_scan_actions[22m | selector.svg[39m[0m
[  14% ] [90m[1m_update_scan_actions[22m | selector_random.svg[39m[0m
[  15% ] [90m[1m_update_scan_actions[22m | selector_reactive.svg[39m[0m
[  16% ] [90m[1m_update_scan_actions[22m | sequence.svg[39m[0m
[  17% ] [90m[1m_update_scan_actions[22m | sequence_random.svg[39m[0m
[  17% ] [90m[1m_update_scan_actions[22m | sequence_reactive.svg[39m[0m
[  18% ] [90m[1m_update_scan_actions[22m | simple_parallel.svg[39m[0m
[  19% ] [90m[1m_update_scan_actions[22m | succeeder.svg[39m[0m
[  20% ] [90m[1m_update_scan_actions[22m | tree.svg[39m[0m
[  20% ] [90m[1m_update_scan_actions[22m | until_fail.svg[39m[0m
[  21% ] [90m[1m_update_scan_actions[22m | state_chart_debugger.svg[39m[0m
[  22% ] [90m[1m_update_scan_actions[22m | all_of_guard.svg[39m[0m
[  23% ] [90m[1m_update_scan_actions[22m | animation_player_state.svg[39m[0m
[  23% ] [90m[1m_update_scan_actions[22m | animation_tree_state.svg[39m[0m
[  24% ] [90m[1m_update_scan_actions[22m | any_of_guard.svg[39m[0m
[  25% ] [90m[1m_update_scan_actions[22m | atomic_state.svg[39m[0m
[  26% ] [90m[1m_update_scan_actions[22m | compound_state.svg[39m[0m
[  26% ] [90m[1m_update_scan_actions[22m | expression_guard.svg[39m[0m
[  27% ] [90m[1m_update_scan_actions[22m | guard.svg[39m[0m
[  28% ] [90m[1m_update_scan_actions[22m | history_state.svg[39m[0m
[  29% ] [90m[1m_update_scan_actions[22m | not_guard.svg[39m[0m
[  29% ] [90m[1m_update_scan_actions[22m | parallel_state.svg[39m[0m
[  30% ] [90m[1m_update_scan_actions[22m | state_chart.svg[39m[0m
[  31% ] [90m[1m_update_scan_actions[22m | state_is_active_guard.svg[39m[0m
[  32% ] [90m[1m_update_scan_actions[22m | toggle_sidebar.svg[39m[0m
[  32% ] [90m[1m_update_scan_actions[22m | transition.svg[39m[0m
[  33% ] [90m[1m_update_scan_actions[22m | ssok.png[39m[0m
[  34% ] [90m[1m_update_scan_actions[22m | ssok.svg[39m[0m
[  35% ] [90m[1m_update_scan_actions[22m | kit_angle_bracket.obj[39m[0m
[  35% ] [90m[1m_update_scan_actions[22m | kit_beam_60.obj[39m[0m
[  36% ] [90m[1m_update_scan_actions[22m | kit_beam_100.obj[39m[0m
[  37% ] [90m[1m_update_scan_actions[22m | kit_beam_140.obj[39m[0m
[  38% ] [90m[1m_update_scan_actions[22m | kit_beam_180.obj[39m[0m
[  38% ] [90m[1m_update_scan_actions[22m | kit_beam_240.obj[39m[0m
[  39% ] [90m[1m_update_scan_actions[22m | kit_beam_260.obj[39m[0m
[  40% ] [90m[1m_update_scan_actions[22m | kit_bolt_4.obj[39m[0m
[  41% ] [90m[1m_update_scan_actions[22m | kit_controller.obj[39m[0m
[  41% ] [90m[1m_update_scan_actions[22m | kit_controller_16.obj[39m[0m
[  42% ] [90m[1m_update_scan_actions[22m | kit_coupler_8.obj[39m[0m
[  43% ] [90m[1m_update_scan_actions[22m | kit_motor_12.obj[39m[0m
[  44% ] [90m[1m_update_scan_actions[22m | kit_motor_35.obj[39m[0m
[  44% ] [90m[1m_update_scan_actions[22m | kit_nut_4.obj[39m[0m
[  45% ] [90m[1m_update_scan_actions[22m | kit_optical_sensor.obj[39m[0m
[  46% ] [90m[1m_update_scan_actions[22m | kit_plate_60_40.obj[39m[0m
[  47% ] [90m[1m_update_scan_actions[22m | kit_plate_60_60.obj[39m[0m
[  47% ] [90m[1m_update_scan_actions[22m | kit_plate_80_60.obj[39m[0m
[  48% ] [90m[1m_update_scan_actions[22m | kit_plate_120_80.obj[39m[0m
[  49% ] [90m[1m_update_scan_actions[22m | kit_plate_160_60.obj[39m[0m
[  50% ] [90m[1m_update_scan_actions[22m | kit_plate_220_120.obj[39m[0m
[  50% ] [90m[1m_update_scan_actions[22m | kit_rubber_pad.obj[39m[0m
[  51% ] [90m[1m_update_scan_actions[22m | kit_spacer_20.obj[39m[0m
[  52% ] [90m[1m_update_scan_actions[22m | kit_u_bracket_large.obj[39m[0m
[  52% ] [90m[1m_update_scan_actions[22m | kit_u_bracket_small.obj[39m[0m
[  53% ] [90m[1m_update_scan_actions[22m | NotoSansCJK-Regular.ttc[39m[0m
[  54% ] [90m[1m_update_scan_actions[22m | book-open.svg[39m[0m
[  55% ] [90m[1m_update_scan_actions[22m | box.svg[39m[0m
[  55% ] [90m[1m_update_scan_actions[22m | code-xml.svg[39m[0m
[  56% ] [90m[1m_update_scan_actions[22m | cog.svg[39m[0m
[  57% ] [90m[1m_update_scan_actions[22m | copy.svg[39m[0m
[  58% ] [90m[1m_update_scan_actions[22m | cpu.svg[39m[0m
[  58% ] [90m[1m_update_scan_actions[22m | download.svg[39m[0m
[  59% ] [90m[1m_update_scan_actions[22m | flask-conical.svg[39m[0m
[  60% ] [90m[1m_update_scan_actions[22m | folder-open.svg[39m[0m
[  61% ] [90m[1m_update_scan_actions[22m | gamepad-2.svg[39m[0m
[  61% ] [90m[1m_update_scan_actions[22m | maximize.svg[39m[0m
[  62% ] [90m[1m_update_scan_actions[22m | move.svg[39m[0m
[  63% ] [90m[1m_update_scan_actions[22m | panel-right-close.svg[39m[0m
[  64% ] [90m[1m_update_scan_actions[22m | play.svg[39m[0m
[  64% ] [90m[1m_update_scan_actions[22m | redo-2.svg[39m[0m
[  65% ] [90m[1m_update_scan_actions[22m | rotate-3d.svg[39m[0m
[  66% ] [90m[1m_update_scan_actions[22m | save.svg[39m[0m
[  67% ] [90m[1m_update_scan_actions[22m | scan-line.svg[39m[0m
[  67% ] [90m[1m_update_scan_actions[22m | search.svg[39m[0m
[  68% ] [90m[1m_update_scan_actions[22m | square.svg[39m[0m
[  69% ] [90m[1m_update_scan_actions[22m | trash.svg[39m[0m
[  70% ] [90m[1m_update_scan_actions[22m | undo-2.svg[39m[0m
[  70% ] [90m[1m_update_scan_actions[22m | upload.svg[39m[0m
[  71% ] [90m[1m_update_scan_actions[22m | confirmation_001.ogg[39m[0m
[  72% ] [90m[1m_update_scan_actions[22m | drop_001.ogg[39m[0m
[  73% ] [90m[1m_update_scan_actions[22m | select_001.ogg[39m[0m
[  73% ] [90m[1m_update_scan_actions[22m | modular_arm_bracket.obj[39m[0m
[  74% ] [90m[1m_update_scan_actions[22m | modular_arm_motor.obj[39m[0m
[  75% ] [90m[1m_update_scan_actions[22m | modular_chest_shell.obj[39m[0m
[  76% ] [90m[1m_update_scan_actions[22m | modular_controller.obj[39m[0m
[  76% ] [90m[1m_update_scan_actions[22m | modular_foot.obj[39m[0m
[  77% ] [90m[1m_update_scan_actions[22m | modular_forearm_frame.obj[39m[0m
[  78% ] [90m[1m_update_scan_actions[22m | modular_gripper_hand.obj[39m[0m
[  79% ] [90m[1m_update_scan_actions[22m | modular_head_shell.obj[39m[0m
[  79% ] [90m[1m_update_scan_actions[22m | modular_leg_bracket.obj[39m[0m
[  80% ] [90m[1m_update_scan_actions[22m | modular_leg_motor.obj[39m[0m
[  81% ] [90m[1m_update_scan_actions[22m | modular_pelvis_shell.obj[39m[0m
[  82% ] [90m[1m_update_scan_actions[22m | modular_shin_frame.obj[39m[0m
[  82% ] [90m[1m_update_scan_actions[22m | modular_thigh_frame.obj[39m[0m
[  83% ] [90m[1m_update_scan_actions[22m | modular_torso_frame.obj[39m[0m
[  84% ] [90m[1m_update_scan_actions[22m | modular_upper_arm_frame.obj[39m[0m
[  85% ] [90m[1m_update_scan_actions[22m | arduino_uno.obj[39m[0m
[  85% ] [90m[1m_update_scan_actions[22m | arm_link.obj[39m[0m
[  86% ] [90m[1m_update_scan_actions[22m | ball_caster.obj[39m[0m
[  87% ] [90m[1m_update_scan_actions[22m | base.obj[39m[0m
[  88% ] [90m[1m_update_scan_actions[22m | biped_body.obj[39m[0m
[  88% ] [90m[1m_update_scan_actions[22m | board.obj[39m[0m
[  89% ] [90m[1m_update_scan_actions[22m | car_chassis.obj[39m[0m
[  90% ] [90m[1m_update_scan_actions[22m | chassis_plate.obj[39m[0m
[  91% ] [90m[1m_update_scan_actions[22m | foot.obj[39m[0m
[  91% ] [90m[1m_update_scan_actions[22m | hc_sr04.obj[39m[0m
[  92% ] [90m[1m_update_scan_actions[22m | leg_link.obj[39m[0m
[  93% ] [90m[1m_update_scan_actions[22m | microbit.obj[39m[0m
[  94% ] [90m[1m_update_scan_actions[22m | motor_driver.obj[39m[0m
[  94% ] [90m[1m_update_scan_actions[22m | servo.obj[39m[0m
[  95% ] [90m[1m_update_scan_actions[22m | servo_bracket.obj[39m[0m
[  96% ] [90m[1m_update_scan_actions[22m | stage_wall.obj[39m[0m
[  97% ] [90m[1m_update_scan_actions[22m | tb6612_driver.obj[39m[0m
[  97% ] [90m[1m_update_scan_actions[22m | tt_motor.obj[39m[0m
[  98% ] [90m[1m_update_scan_actions[22m | wheel_65.obj[39m[0m
[92m[ DONE ][39m [1m_update_scan_actions[22m
[0m
[   0% ] [90m[1mreimport[22m | Started (Re)Importing Assets (117 steps)[39m[0m
[   0% ] [90m[1mreimport[22m | Preparing files to reimport...[39m[0m
[   0% ] [90m[1mreimport[22m | Preparing files to reimport...[39m[0m
[   1% ] [90m[1mreimport[22m | Preparing files to reimport...[39m[0m
[   2% ] [90m[1mreimport[22m | Preparing files to reimport...[39m[0m
[   3% ] [90m[1mreimport[22m | Preparing files to reimport...[39m[0m
[   4% ] [90m[1mreimport[22m | Preparing files to reimport...[39m[0m
[   5% ] [90m[1mreimport[22m | Preparing files to reimport...[39m[0m
[   5% ] [90m[1mreimport[22m | Preparing files to reimport...[39m[0m
[   6% ] [90m[1mreimport[22m | Preparing files to reimport...[39m[0m
[   7% ] [90m[1mreimport[22m | Preparing files to reimport...[39m[0m
[   8% ] [90m[1mreimport[22m | Preparing files to reimport...[39m[0m
[   9% ] [90m[1mreimport[22m | Preparing files to reimport...[39m[0m
[  10% ] [90m[1mreimport[22m | Preparing files to reimport...[39m[0m
[  11% ] [90m[1mreimport[22m | Preparing files to reimport...[39m[0m
[  11% ] [90m[1mreimport[22m | Preparing files to reimport...[39m[0m
[  12% ] [90m[1mreimport[22m | Preparing files to reimport...[39m[0m
[  13% ] [90m[1mreimport[22m | Preparing files to reimport...[39m[0m
[  14% ] [90m[1mreimport[22m | Preparing files to reimport...[39m[0m
[  15% ] [90m[1mreimport[22m | Preparing files to reimport...[39m[0m
[  16% ] [90m[1mreimport[22m | Preparing files to reimport...[39m[0m
[  16% ] [90m[1mreimport[22m | Preparing files to reimport...[39m[0m
[  17% ] [90m[1mreimport[22m | Preparing files to reimport...[39m[0m
[  18% ] [90m[1mreimport[22m | Preparing files to reimport...[39m[0m
[  19% ] [90m[1mreimport[22m | Preparing files to reimport...[39m[0m
[  20% ] [90m[1mreimport[22m | Preparing files to reimport...[39m[0m
[  21% ] [90m[1mreimport[22m | Preparing files to reimport...[39m[0m
[  22% ] [90m[1mreimport[22m | Preparing files to reimport...[39m[0m
[  22% ] [90m[1mreimport[22m | Preparing files to reimport...[39m[0m
[  23% ] [90m[1mreimport[22m | Preparing files to reimport...[39m[0m
[  24% ] [90m[1mreimport[22m | Preparing files to reimport...[39m[0m
[  25% ] [90m[1mreimport[22m | Preparing files to reimport...[39m[0m
[  26% ] [90m[1mreimport[22m | Preparing files to reimport...[39m[0m
[  27% ] [90m[1mreimport[22m | Preparing files to reimport...[39m[0m
[  27% ] [90m[1mreimport[22m | Preparing files to reimport...[39m[0m
[  28% ] [90m[1mreimport[22m | Preparing files to reimport...[39m[0m
[  29% ] [90m[1mreimport[22m | Preparing files to reimport...[39m[0m
[  30% ] [90m[1mreimport[22m | Preparing files to reimport...[39m[0m
[  31% ] [90m[1mreimport[22m | Preparing files to reimport...[39m[0m
[  32% ] [90m[1mreimport[22m | Preparing files to reimport...[39m[0m
[  33% ] [90m[1mreimport[22m | Preparing files to reimport...[39m[0m
[  33% ] [90m[1mreimport[22m | Preparing files to reimport...[39m[0m
[  34% ] [90m[1mreimport[22m | Preparing files to reimport...[39m[0m
[  35% ] [90m[1mreimport[22m | Preparing files to reimport...[39m[0m
[  36% ] [90m[1mreimport[22m | Preparing files to reimport...[39m[0m
[  37% ] [90m[1mreimport[22m | Preparing files to reimport...[39m[0m
[  38% ] [90m[1mreimport[22m | Preparing files to reimport...[39m[0m
[  38% ] [90m[1mreimport[22m | Preparing files to reimport...[39m[0m
[  39% ] [90m[1mreimport[22m | Preparing files to reimport...[39m[0m
[  40% ] [90m[1mreimport[22m | Preparing files to reimport...[39m[0m
[  41% ] [90m[1mreimport[22m | Preparing files to reimport...[39m[0m
[  42% ] [90m[1mreimport[22m | Preparing files to reimport...[39m[0m
[  43% ] [90m[1mreimport[22m | Preparing files to reimport...[39m[0m
[  44% ] [90m[1mreimport[22m | Preparing files to reimport...[39m[0m
[  44% ] [90m[1mreimport[22m | Preparing files to reimport...[39m[0m
[  45% ] [90m[1mreimport[22m | Preparing files to reimport...[39m[0m
[  46% ] [90m[1mreimport[22m | Preparing files to reimport...[39m[0m
[  47% ] [90m[1mreimport[22m | Preparing files to reimport...[39m[0m
[  48% ] [90m[1mreimport[22m | Preparing files to reimport...[39m[0m
[  49% ] [90m[1mreimport[22m | Preparing files to reimport...[39m[0m
[  50% ] [90m[1mreimport[22m | Preparing files to reimport...[39m[0m
[  50% ] [90m[1mreimport[22m | Preparing files to reimport...[39m[0m
[  51% ] [90m[1mreimport[22m | Preparing files to reimport...[39m[0m
[  52% ] [90m[1mreimport[22m | Preparing files to reimport...[39m[0m
[  53% ] [90m[1mreimport[22m | Preparing files to reimport...[39m[0m
[  54% ] [90m[1mreimport[22m | Preparing files to reimport...[39m[0m
[  55% ] [90m[1mreimport[22m | Preparing files to reimport...[39m[0m
[  55% ] [90m[1mreimport[22m | Preparing files to reimport...[39m[0m
[  56% ] [90m[1mreimport[22m | Preparing files to reimport...[39m[0m
[  57% ] [90m[1mreimport[22m | Preparing files to reimport...[39m[0m
[  58% ] [90m[1mreimport[22m | Preparing files to reimport...[39m[0m
[  59% ] [90m[1mreimport[22m | Preparing files to reimport...[39m[0m
[  60% ] [90m[1mreimport[22m | Preparing files to reimport...[39m[0m
[  61% ] [90m[1mreimport[22m | Preparing files to reimport...[39m[0m
[  61% ] [90m[1mreimport[22m | Preparing files to reimport...[39m[0m
[  62% ] [90m[1mreimport[22m | Preparing files to reimport...[39m[0m
[  63% ] [90m[1mreimport[22m | Preparing files to reimport...[39m[0m
[  64% ] [90m[1mreimport[22m | Preparing files to reimport...[39m[0m
[  65% ] [90m[1mreimport[22m | Preparing files to reimport...[39m[0m
[  66% ] [90m[1mreimport[22m | Preparing files to reimport...[39m[0m
[  66% ] [90m[1mreimport[22m | Preparing files to reimport...[39m[0m
[  67% ] [90m[1mreimport[22m | Preparing files to reimport...[39m[0m
[  68% ] [90m[1mreimport[22m | Preparing files to reimport...[39m[0m
[  69% ] [90m[1mreimport[22m | Preparing files to reimport...[39m[0m
[  70% ] [90m[1mreimport[22m | Preparing files to reimport...[39m[0m
[  71% ] [90m[1mreimport[22m | Preparing files to reimport...[39m[0m
[  72% ] [90m[1mreimport[22m | Preparing files to reimport...[39m[0m
[  72% ] [90m[1mreimport[22m | Preparing files to reimport...[39m[0m
[  73% ] [90m[1mreimport[22m | Preparing files to reimport...[39m[0m
[  74% ] [90m[1mreimport[22m | Preparing files to reimport...[39m[0m
[  75% ] [90m[1mreimport[22m | Preparing files to reimport...[39m[0m
[  76% ] [90m[1mreimport[22m | Preparing files to reimport...[39m[0m
[  77% ] [90m[1mreimport[22m | Preparing files to reimport...[39m[0m
[  77% ] [90m[1mreimport[22m | Preparing files to reimport...[39m[0m
[  78% ] [90m[1mreimport[22m | Preparing files to reimport...[39m[0m
[  79% ] [90m[1mreimport[22m | Preparing files to reimport...[39m[0m
[  80% ] [90m[1mreimport[22m | Preparing files to reimport...[39m[0m
[  81% ] [90m[1mreimport[22m | Preparing files to reimport...[39m[0m
[  82% ] [90m[1mreimport[22m | Preparing files to reimport...[39m[0m
[  83% ] [90m[1mreimport[22m | Preparing files to reimport...[39m[0m
[  83% ] [90m[1mreimport[22m | Preparing files to reimport...[39m[0m
[  84% ] [90m[1mreimport[22m | Preparing files to reimport...[39m[0m
[  85% ] [90m[1mreimport[22m | Preparing files to reimport...[39m[0m
[  86% ] [90m[1mreimport[22m | Preparing files to reimport...[39m[0m
[  87% ] [90m[1mreimport[22m | Preparing files to reimport...[39m[0m
[  88% ] [90m[1mreimport[22m | Preparing files to reimport...[39m[0m
[  88% ] [90m[1mreimport[22m | Preparing files to reimport...[39m[0m
[  89% ] [90m[1mreimport[22m | Preparing files to reimport...[39m[0m
[  90% ] [90m[1mreimport[22m | Preparing files to reimport...[39m[0m
[  91% ] [90m[1mreimport[22m | Preparing files to reimport...[39m[0m
[  92% ] [90m[1mreimport[22m | Preparing files to reimport...[39m[0m
[  93% ] [90m[1mreimport[22m | Preparing files to reimport...[39m[0m
[  94% ] [90m[1mreimport[22m | Preparing files to reimport...[39m[0m
[  94% ] [90m[1mreimport[22m | Preparing files to reimport...[39m[0m
[  95% ] [90m[1mreimport[22m | Preparing files to reimport...[39m[0m
[  96% ] [90m[1mreimport[22m | Preparing files to reimport...[39m[0m
[  97% ] [90m[1mreimport[22m | Preparing files to reimport...[39m[0m
[  98% ] [90m[1mreimport[22m | Preparing files to reimport...[39m[0m
[   0% ] [90m[1mreimport[22m | Executing pre-reimport operations...[39m[0m
[   0% ] [90m[1mreimport[22m | NotoSansCJK-Regular.ttc[39m[0m
[   0% ] [90m[1mreimport[22m | NotoSansCJK-Regular.ttc[39m[0m
[   1% ] [90m[1mreimport[22m | select_001.ogg[39m[0m
[   2% ] [90m[1mreimport[22m | drop_001.ogg[39m[0m
[   3% ] [90m[1mreimport[22m | NotoSansCJK-Regular.ttc[39m[0m
[   4% ] [90m[1mreimport[22m | select_001.ogg[39m[0m
[   5% ] [90m[1mreimport[22m | drop_001.ogg[39m[0m
[   5% ] [90m[1mreimport[22m | confirmation_001.ogg[39m[0m
[   6% ] [90m[1mreimport[22m | ssok.png[39m[0m
[   7% ] [90m[1mreimport[22m | ssok.svg[39m[0m
[   8% ] [90m[1mreimport[22m | book-open.svg[39m[0m
[   9% ] [90m[1mreimport[22m | box.svg[39m[0m
[  10% ] [90m[1mreimport[22m | code-xml.svg[39m[0m
[  11% ] [90m[1mreimport[22m | cog.svg[39m[0m
[  11% ] [90m[1mreimport[22m | copy.svg[39m[0m
[  12% ] [90m[1mreimport[22m | cpu.svg[39m[0m
[  13% ] [90m[1mreimport[22m | download.svg[39m[0m
[  14% ] [90m[1mreimport[22m | flask-conical.svg[39m[0m
[  15% ] [90m[1mreimport[22m | folder-open.svg[39m[0m
[  16% ] [90m[1mreimport[22m | gamepad-2.svg[39m[0m
[  16% ] [90m[1mreimport[22m | maximize.svg[39m[0m
[  17% ] [90m[1mreimport[22m | move.svg[39m[0m
[  18% ] [90m[1mreimport[22m | panel-right-close.svg[39m[0m
[  19% ] [90m[1mreimport[22m | play.svg[39m[0m
[  20% ] [90m[1mreimport[22m | redo-2.svg[39m[0m
[  21% ] [90m[1mreimport[22m | rotate-3d.svg[39m[0m
[  22% ] [90m[1mreimport[22m | save.svg[39m[0m
[  22% ] [90m[1mreimport[22m | scan-line.svg[39m[0m
[  23% ] [90m[1mreimport[22m | search.svg[39m[0m
[  24% ] [90m[1mreimport[22m | square.svg[39m[0m
[  25% ] [90m[1mreimport[22m | trash.svg[39m[0m
[  26% ] [90m[1mreimport[22m | undo-2.svg[39m[0m
[  27% ] [90m[1mreimport[22m | upload.svg[39m[0m
[  27% ] [90m[1mreimport[22m | guard.svg[39m[0m
[  28% ] [90m[1mreimport[22m | expression_guard.svg[39m[0m
[  29% ] [90m[1mreimport[22m | any_of_guard.svg[39m[0m
[  30% ] [90m[1mreimport[22m | all_of_guard.svg[39m[0m
[  31% ] [90m[1mreimport[22m | state_chart_debugger.svg[39m[0m
[  32% ] [90m[1mreimport[22m | until_fail.svg[39m[0m
[  33% ] [90m[1mreimport[22m | succeeder.svg[39m[0m
[  33% ] [90m[1mreimport[22m | simple_parallel.svg[39m[0m
[  34% ] [90m[1mreimport[22m | sequence_reactive.svg[39m[0m
[  35% ] [90m[1mreimport[22m | sequence_random.svg[39m[0m
[  36% ] [90m[1mreimport[22m | sequence.svg[39m[0m
[  37% ] [90m[1mreimport[22m | selector_reactive.svg[39m[0m
[  38% ] [90m[1mreimport[22m | selector_random.svg[39m[0m
[  38% ] [90m[1mreimport[22m | selector.svg[39m[0m
[  39% ] [90m[1mreimport[22m | repeater.svg[39m[0m
[  40% ] [90m[1mreimport[22m | limiter.svg[39m[0m
[  41% ] [90m[1mreimport[22m | inverter.svg[39m[0m
[  42% ] [90m[1mreimport[22m | failer.svg[39m[0m
[  43% ] [90m[1mreimport[22m | delayer.svg[39m[0m
[  44% ] [90m[1mreimport[22m | cooldown.svg[39m[0m
[  44% ] [90m[1mreimport[22m | condition.svg[39m[0m
[  45% ] [90m[1mreimport[22m | category_leaf.svg[39m[0m
[  46% ] [90m[1mreimport[22m | category_decorator.svg[39m[0m
[  47% ] [90m[1mreimport[22m | category_composite.svg[39m[0m
[  48% ] [90m[1mreimport[22m | category_bt.svg[39m[0m
[  49% ] [90m[1mreimport[22m | modular_forearm_frame.obj[39m[0m
[  50% ] [90m[1mreimport[22m | modular_gripper_hand.obj[39m[0m
[  50% ] [90m[1mreimport[22m | modular_head_shell.obj[39m[0m
[  51% ] [90m[1mreimport[22m | modular_leg_bracket.obj[39m[0m
[  52% ] [90m[1mreimport[22m | modular_leg_motor.obj[39m[0m
[  53% ] [90m[1mreimport[22m | modular_pelvis_shell.obj[39m[0m
[  54% ] [90m[1mreimport[22m | modular_shin_frame.obj[39m[0m
[  55% ] [90m[1mreimport[22m | modular_thigh_frame.obj[39m[0m
[  55% ] [90m[1mreimport[22m | modular_torso_frame.obj[39m[0m
[  56% ] [90m[1mreimport[22m | modular_upper_arm_frame.obj[39m[0m
[  57% ] [90m[1mreimport[22m | arduino_uno.obj[39m[0m
WARNING: OBJ: Ambient light for material 'Black' is ignored in PBR
     at: _parse_material_library (editor/import/3d/resource_importer_obj.cpp:60)
WARNING: OBJ: Ambient light for material 'DetailAmber' is ignored in PBR
     at: _parse_material_library (editor/import/3d/resource_importer_obj.cpp:60)
WARNING: OBJ: Ambient light for material 'DetailCopper' is ignored in PBR
     at: _parse_material_library (editor/import/3d/resource_importer_obj.cpp:60)
WARNING: OBJ: Ambient light for material 'DetailGraphite' is ignored in PBR
     at: _parse_material_library (editor/import/3d/resource_importer_obj.cpp:60)
WARNING: OBJ: Ambient light for material 'DetailSteel' is ignored in PBR
     at: _parse_material_library (editor/import/3d/resource_importer_obj.cpp:60)
WARNING: OBJ: Ambient light for material 'DetailTeal' is ignored in PBR
     at: _parse_material_library (editor/import/3d/resource_importer_obj.cpp:60)
WARNING: OBJ: Ambient light for material 'DetailWhite' is ignored in PBR
     at: _parse_material_library (editor/import/3d/resource_importer_obj.cpp:60)
WARNING: OBJ: Ambient light for material 'Gold' is ignored in PBR
     at: _parse_material_library (editor/import/3d/resource_importer_obj.cpp:60)
WARNING: OBJ: Ambient light for material 'Silver' is ignored in PBR
     at: _parse_material_library (editor/import/3d/resource_importer_obj.cpp:60)
WARNING: OBJ: Ambient light for material 'Temporary_cutter' is ignored in PBR
     at: _parse_material_library (editor/import/3d/resource_importer_obj.cpp:60)
WARNING: OBJ: Ambient light for material 'UnoBlue' is ignored in PBR
     at: _parse_material_library (editor/import/3d/resource_importer_obj.cpp:60)
[  58% ] [90m[1mreimport[22m | arm_link.obj[39m[0m
WARNING: OBJ: Ambient light for material 'ArmBody' is ignored in PBR
     at: _parse_material_library (editor/import/3d/resource_importer_obj.cpp:60)
WARNING: OBJ: Ambient light for material 'Black' is ignored in PBR
     at: _parse_material_library (editor/import/3d/resource_importer_obj.cpp:60)
WARNING: OBJ: Ambient light for material 'Cream' is ignored in PBR
     at: _parse_material_library (editor/import/3d/resource_importer_obj.cpp:60)
WARNING: OBJ: Ambient light for material 'DetailTeal' is ignored in PBR
     at: _parse_material_library (editor/import/3d/resource_importer_obj.cpp:60)
WARNING: OBJ: Ambient light for material 'Temporary_cutter' is ignored in PBR
     at: _parse_material_library (editor/import/3d/resource_importer_obj.cpp:60)
[  59% ] [90m[1mreimport[22m | ball_caster.obj[39m[0m
[  60% ] [90m[1mreimport[22m | base.obj[39m[0m
WARNING: OBJ: Ambient light for material 'BaseBody' is ignored in PBR
     at: _parse_material_library (editor/import/3d/resource_importer_obj.cpp:60)
WARNING: OBJ: Ambient light for material 'Black' is ignored in PBR
     at: _parse_material_library (editor/import/3d/resource_importer_obj.cpp:60)
WARNING: OBJ: Ambient light for material 'DetailGraphite' is ignored in PBR
     at: _parse_material_library (editor/import/3d/resource_importer_obj.cpp:60)
WARNING: OBJ: Ambient light for material 'DetailSteel' is ignored in PBR
     at: _parse_material_library (editor/import/3d/resource_importer_obj.cpp:60)
WARNING: OBJ: Ambient light for material 'DetailTeal' is ignored in PBR
     at: _parse_material_library (editor/import/3d/resource_importer_obj.cpp:60)
WARNING: OBJ: Ambient light for material 'Rubber' is ignored in PBR
     at: _parse_material_library (editor/import/3d/resource_importer_obj.cpp:60)
WARNING: OBJ: Ambient light for material 'Temporary_cutter' is ignored in PBR
     at: _parse_material_library (editor/import/3d/resource_importer_obj.cpp:60)
[  61% ] [90m[1mreimport[22m | biped_body.obj[39m[0m
WARNING: OBJ: Ambient light for material 'Black' is ignored in PBR
     at: _parse_material_library (editor/import/3d/resource_importer_obj.cpp:60)
WARNING: OBJ: Ambient light for material 'DetailGraphite' is ignored in PBR
     at: _parse_material_library (editor/import/3d/resource_importer_obj.cpp:60)
WARNING: OBJ: Ambient light for material 'DetailSteel' is ignored in PBR
     at: _parse_material_library (editor/import/3d/resource_importer_obj.cpp:60)
WARNING: OBJ: Ambient light for material 'DetailTeal' is ignored in PBR
     at: _parse_material_library (editor/import/3d/resource_importer_obj.cpp:60)
WARNING: OBJ: Ambient light for material 'DetailWhite' is ignored in PBR
     at: _parse_material_library (editor/import/3d/resource_importer_obj.cpp:60)
WARNING: OBJ: Ambient light for material 'ServoBlue' is ignored in PBR
     at: _parse_material_library (editor/import/3d/resource_importer_obj.cpp:60)
WARNING: OBJ: Ambient light for material 'Shell' is ignored in PBR
     at: _parse_material_library (editor/import/3d/resource_importer_obj.cpp:60)
WARNING: OBJ: Ambient light for material 'Silver' is ignored in PBR
     at: _parse_material_library (editor/import/3d/resource_importer_obj.cpp:60)
WARNING: OBJ: Ambient light for material 'Temporary_cutter' is ignored in PBR
     at: _parse_material_library (editor/import/3d/resource_importer_obj.cpp:60)
[  61% ] [90m[1mreimport[22m | board.obj[39m[0m
WARNING: OBJ: Ambient light for material 'Black' is ignored in PBR
     at: _parse_material_library (editor/import/3d/resource_importer_obj.cpp:60)
WARNING: OBJ: Ambient light for material 'BoardBody' is ignored in PBR
     at: _parse_material_library (editor/import/3d/resource_importer_obj.cpp:60)
WARNING: OBJ: Ambient light for material 'DetailGraphite' is ignored in PBR
     at: _parse_material_library (editor/import/3d/resource_importer_obj.cpp:60)
WARNING: OBJ: Ambient light for material 'DetailTeal' is ignored in PBR
     at: _parse_material_library (editor/import/3d/resource_importer_obj.cpp:60)
WARNING: OBJ: Ambient light for material 'DetailWhite' is ignored in PBR
     at: _parse_material_library (editor/import/3d/resource_importer_obj.cpp:60)
WARNING: OBJ: Ambient light for material 'Gold' is ignored in PBR
     at: _parse_material_library (editor/import/3d/resource_importer_obj.cpp:60)
WARNING: OBJ: Ambient light for material 'Silver' is ignored in PBR
     at: _parse_material_library (editor/import/3d/resource_importer_obj.cpp:60)
[  62% ] [90m[1mreimport[22m | car_chassis.obj[39m[0m
[  63% ] [90m[1mreimport[22m | chassis_plate.obj[39m[0m
WARNING: OBJ: Ambient light for material 'ChassisMetal' is ignored in PBR
     at: _parse_material_library (editor/import/3d/resource_importer_obj.cpp:60)
WARNING: OBJ: Ambient light for material 'ServoBlue' is ignored in PBR
     at: _parse_material_library (editor/import/3d/resource_importer_obj.cpp:60)
WARNING: OBJ: Ambient light for material 'Temporary_cutter' is ignored in PBR
     at: _parse_material_library (editor/import/3d/resource_importer_obj.cpp:60)
[  64% ] [90m[1mreimport[22m | foot.obj[39m[0m
WARNING: OBJ: Ambient light for material 'Black' is ignored in PBR
     at: _parse_material_library (editor/import/3d/resource_importer_obj.cpp:60)
WARNING: OBJ: Ambient light for material 'DetailGraphite' is ignored in PBR
     at: _parse_material_library (editor/import/3d/resource_importer_obj.cpp:60)
WARNING: OBJ: Ambient light for material 'DetailSteel' is ignored in PBR
     at: _parse_material_library (editor/import/3d/resource_importer_obj.cpp:60)
WARNING: OBJ: Ambient light for material 'DetailTeal' is ignored in PBR
     at: _parse_material_library (editor/import/3d/resource_importer_obj.cpp:60)
WARNING: OBJ: Ambient light for material 'Rubber' is ignored in PBR
     at: _parse_material_library (editor/import/3d/resource_importer_obj.cpp:60)
WARNING: OBJ: Ambient light for material 'Shell' is ignored in PBR
     at: _parse_material_library (editor/import/3d/resource_importer_obj.cpp:60)
WARNING: OBJ: Ambient light for material 'Silver' is ignored in PBR
     at: _parse_material_library (editor/import/3d/resource_importer_obj.cpp:60)
WARNING: OBJ: Ambient light for material 'Temporary_cutter' is ignored in PBR
     at: _parse_material_library (editor/import/3d/resource_importer_obj.cpp:60)
[  65% ] [90m[1mreimport[22m | hc_sr04.obj[39m[0m
WARNING: OBJ: Ambient light for material 'Black' is ignored in PBR
     at: _parse_material_library (editor/import/3d/resource_importer_obj.cpp:60)
WARNING: OBJ: Ambient light for material 'DetailAmber' is ignored in PBR
     at: _parse_material_library (editor/import/3d/resource_importer_obj.cpp:60)
WARNING: OBJ: Ambient light for material 'DetailSteel' is ignored in PBR
     at: _parse_material_library (editor/import/3d/resource_importer_obj.cpp:60)
WARNING: OBJ: Ambient light for material 'DetailWhite' is ignored in PBR
     at: _parse_material_library (editor/import/3d/resource_importer_obj.cpp:60)
WARNING: OBJ: Ambient light for material 'Gold' is ignored in PBR
     at: _parse_material_library (editor/import/3d/resource_importer_obj.cpp:60)
WARNING: OBJ: Ambient light for material 'SensorBlue' is ignored in PBR
     at: _parse_material_library (editor/import/3d/resource_importer_obj.cpp:60)
WARNING: OBJ: Ambient light for material 'Silver' is ignored in PBR
     at: _parse_material_library (editor/import/3d/resource_importer_obj.cpp:60)
WARNING: OBJ: Ambient light for material 'Temporary_cutter' is ignored in PBR
     at: _parse_material_library (editor/import/3d/resource_importer_obj.cpp:60)
[  66% ] [90m[1mreimport[22m | leg_link.obj[39m[0m
WARNING: OBJ: Ambient light for material 'Black' is ignored in PBR
     at: _parse_material_library (editor/import/3d/resource_importer_obj.cpp:60)
WARNING: OBJ: Ambient light for material 'DetailGraphite' is ignored in PBR
     at: _parse_material_library (editor/import/3d/resource_importer_obj.cpp:60)
WARNING: OBJ: Ambient light for material 'DetailSteel' is ignored in PBR
     at: _parse_material_library (editor/import/3d/resource_importer_obj.cpp:60)
WARNING: OBJ: Ambient light for material 'DetailTeal' is ignored in PBR
     at: _parse_material_library (editor/import/3d/resource_importer_obj.cpp:60)
WARNING: OBJ: Ambient light for material 'Shell' is ignored in PBR
     at: _parse_material_library (editor/import/3d/resource_importer_obj.cpp:60)
WARNING: OBJ: Ambient light for material 'Temporary_cutter' is ignored in PBR
     at: _parse_material_library (editor/import/3d/resource_importer_obj.cpp:60)
[  66% ] [90m[1mreimport[22m | microbit.obj[39m[0m
[  67% ] [90m[1mreimport[22m | motor_driver.obj[39m[0m
[  68% ] [90m[1mreimport[22m | servo.obj[39m[0m
WARNING: OBJ: Ambient light for material 'Black' is ignored in PBR
     at: _parse_material_library (editor/import/3d/resource_importer_obj.cpp:60)
WARNING: OBJ: Ambient light for material 'Brown' is ignored in PBR
     at: _parse_material_library (editor/import/3d/resource_importer_obj.cpp:60)
WARNING: OBJ: Ambient light for material 'Cream' is ignored in PBR
     at: _parse_material_library (editor/import/3d/resource_importer_obj.cpp:60)
WARNING: OBJ: Ambient light for material 'DetailGraphite' is ignored in PBR
     at: _parse_material_library (editor/import/3d/resource_importer_obj.cpp:60)
WARNING: OBJ: Ambient light for material 'DetailSteel' is ignored in PBR
     at: _parse_material_library (editor/import/3d/resource_importer_obj.cpp:60)
WARNING: OBJ: Ambient light for material 'DetailTeal' is ignored in PBR
     at: _parse_material_library (editor/import/3d/resource_importer_obj.cpp:60)
WARNING: OBJ: Ambient light for material 'DetailWhite' is ignored in PBR
     at: _parse_material_library (editor/import/3d/resource_importer_obj.cpp:60)
WARNING: OBJ: Ambient light for material 'Orange' is ignored in PBR
     at: _parse_material_library (editor/import/3d/resource_importer_obj.cpp:60)
WARNING: OBJ: Ambient light for material 'Red' is ignored in PBR
     at: _parse_material_library (editor/import/3d/resource_importer_obj.cpp:60)
WARNING: OBJ: Ambient light for material 'ServoBlue' is ignored in PBR
     at: _parse_material_library (editor/import/3d/resource_importer_obj.cpp:60)
WARNING: OBJ: Ambient light for material 'ServoBody' is ignored in PBR
     at: _parse_material_library (editor/import/3d/resource_importer_obj.cpp:60)
WARNING: OBJ: Ambient light for material 'Silver' is ignored in PBR
     at: _parse_material_library (editor/import/3d/resource_importer_obj.cpp:60)
[  69% ] [90m[1mreimport[22m | servo_bracket.obj[39m[0m
WARNING: OBJ: Ambient light for material 'BracketMetal' is ignored in PBR
     at: _parse_material_library (editor/import/3d/resource_importer_obj.cpp:60)
WARNING: OBJ: Ambient light for material 'ServoBlue' is ignored in PBR
     at: _parse_material_library (editor/import/3d/resource_importer_obj.cpp:60)
WARNING: OBJ: Ambient light for material 'Temporary_cutter' is ignored in PBR
     at: _parse_material_library (editor/import/3d/resource_importer_obj.cpp:60)
[  70% ] [90m[1mreimport[22m | stage_wall.obj[39m[0m
[  71% ] [90m[1mreimport[22m | tb6612_driver.obj[39m[0m
[  72% ] [90m[1mreimport[22m | tt_motor.obj[39m[0m
WARNING: OBJ: Ambient light for material 'Black' is ignored in PBR
     at: _parse_material_library (editor/import/3d/resource_importer_obj.cpp:60)
WARNING: OBJ: Ambient light for material 'DetailGraphite' is ignored in PBR
     at: _parse_material_library (editor/import/3d/resource_importer_obj.cpp:60)
WARNING: OBJ: Ambient light for material 'DetailSteel' is ignored in PBR
     at: _parse_material_library (editor/import/3d/resource_importer_obj.cpp:60)
WARNING: OBJ: Ambient light for material 'DetailWhite' is ignored in PBR
     at: _parse_material_library (editor/import/3d/resource_importer_obj.cpp:60)
WARNING: OBJ: Ambient light for material 'Silver' is ignored in PBR
     at: _parse_material_library (editor/import/3d/resource_importer_obj.cpp:60)
WARNING: OBJ: Ambient light for material 'Temporary_cutter' is ignored in PBR
     at: _parse_material_library (editor/import/3d/resource_importer_obj.cpp:60)
WARNING: OBJ: Ambient light for material 'TtYellow' is ignored in PBR
     at: _parse_material_library (editor/import/3d/resource_importer_obj.cpp:60)
[  72% ] [90m[1mreimport[22m | wheel_65.obj[39m[0m
WARNING: OBJ: Ambient light for material 'Black' is ignored in PBR
     at: _parse_material_library (editor/import/3d/resource_importer_obj.cpp:60)
WARNING: OBJ: Ambient light for material 'RimYellow' is ignored in PBR
     at: _parse_material_library (editor/import/3d/resource_importer_obj.cpp:60)
WARNING: OBJ: Ambient light for material 'Rubber' is ignored in PBR
     at: _parse_material_library (editor/import/3d/resource_importer_obj.cpp:60)
WARNING: OBJ: Ambient light for material 'Temporary_cutter' is ignored in PBR
     at: _parse_material_library (editor/import/3d/resource_importer_obj.cpp:60)
[  73% ] [90m[1mreimport[22m | kit_u_bracket_small.obj[39m[0m
[  74% ] [90m[1mreimport[22m | kit_u_bracket_large.obj[39m[0m
[  75% ] [90m[1mreimport[22m | kit_spacer_20.obj[39m[0m
[  76% ] [90m[1mreimport[22m | kit_rubber_pad.obj[39m[0m
[  77% ] [90m[1mreimport[22m | kit_plate_220_120.obj[39m[0m
[  77% ] [90m[1mreimport[22m | kit_plate_160_60.obj[39m[0m
[  78% ] [90m[1mreimport[22m | kit_plate_120_80.obj[39m[0m
[  79% ] [90m[1mreimport[22m | kit_plate_80_60.obj[39m[0m
[  80% ] [90m[1mreimport[22m | kit_plate_60_60.obj[39m[0m
[  81% ] [90m[1mreimport[22m | kit_plate_60_40.obj[39m[0m
[  82% ] [90m[1mreimport[22m | kit_optical_sensor.obj[39m[0m
[  83% ] [90m[1mreimport[22m | kit_nut_4.obj[39m[0m
[  83% ] [90m[1mreimport[22m | kit_motor_35.obj[39m[0m
[  84% ] [90m[1mreimport[22m | kit_motor_12.obj[39m[0m
[  85% ] [90m[1mreimport[22m | kit_coupler_8.obj[39m[0m
[  86% ] [90m[1mreimport[22m | kit_controller_16.obj[39m[0m
[  87% ] [90m[1mreimport[22m | kit_controller.obj[39m[0m
[  88% ] [90m[1mreimport[22m | kit_bolt_4.obj[39m[0m
[  88% ] [90m[1mreimport[22m | kit_beam_260.obj[39m[0m
[  89% ] [90m[1mreimport[22m | kit_beam_240.obj[39m[0m
[  90% ] [90m[1mreimport[22m | kit_beam_180.obj[39m[0m
[  91% ] [90m[1mreimport[22m | kit_beam_140.obj[39m[0m
[  92% ] [90m[1mreimport[22m | kit_beam_100.obj[39m[0m
[  93% ] [90m[1mreimport[22m | kit_beam_60.obj[39m[0m
[  94% ] [90m[1mreimport[22m | kit_angle_bracket.obj[39m[0m
[  94% ] [90m[1mreimport[22m | modular_arm_bracket.obj[39m[0m
[  95% ] [90m[1mreimport[22m | modular_arm_motor.obj[39m[0m
[  96% ] [90m[1mreimport[22m | modular_chest_shell.obj[39m[0m
[  97% ] [90m[1mreimport[22m | modular_controller.obj[39m[0m
[  98% ] [90m[1mreimport[22m | modular_foot.obj[39m[0m
[  99% ] [90m[1mreimport[22m | Finalizing Asset Import...[39m[0m
[92m[ DONE ][39m [1mreimport[22m
[0m
[   0% ] [90m[1mreimport[22m | Started (Re)Importing Assets (117 steps)[39m[0m
[   0% ] [90m[1mreimport[22m | Executing post-reimport operations...[39m[0m
[92m[ DONE ][39m [1mreimport[22m
[0m
[   0% ] [90m[1mloading_editor_layout[22m | Started Loading editor (5 steps)[39m[0m
[   0% ] [90m[1mloading_editor_layout[22m | Loading editor layout...[39m[0m
[  16% ] [90m[1mloading_editor_layout[22m | Loading docks...[39m[0m
[92m[ DONE ][39m [1mloading_editor_layout[22m
[0m
