Godot Engine v4.7.2.stable.official.ed1daf0bf - https://godotengine.org

[   0% ] [90m[1mfirst_scan_filesystem[22m | Started Project initialization (5 steps)[39m[0m
[   0% ] [90m[1mfirst_scan_filesystem[22m | Scanning file structure...[39m[0m
[  16% ] [90m[1mfirst_scan_filesystem[22m | Loading global class names...[39m[0m
[  33% ] [90m[1mfirst_scan_filesystem[22m | Verifying GDExtensions...[39m[0m
[  50% ] [90m[1mfirst_scan_filesystem[22m | Creating autoload scripts...[39m[0m
[  66% ] [90m[1mfirst_scan_filesystem[22m | Initializing plugins...[39m[0m
[  83% ] [90m[1mfirst_scan_filesystem[22m | Starting file scan...[39m[0m
[92m[ DONE ][39m [1mfirst_scan_filesystem[22m
[0m
[   0% ] [90m[1msavepack[22m | Started Packing (102 steps)[39m[0m
[   1% ] [90m[1msavepack[22m | Storing File: res://.godot/imported/horizontal_layout.svg-d2a7af351e44f9bf61d0c938b6f47fac.ctex[39m[0m
[   1% ] [90m[1msavepack[22m | Storing File: res://addons/beehave/debug/icons/horizontal_layout.svg.import[39m[0m
[   1% ] [90m[1msavepack[22m | Storing File: res://.godot/imported/port_bottom.svg-e5c5c61b642a79ab9c2b66ff56603d34.ctex[39m[0m
[   1% ] [90m[1msavepack[22m | Storing File: res://addons/beehave/debug/icons/port_bottom.svg.import[39m[0m
[   1% ] [90m[1msavepack[22m | Storing File: res://.godot/imported/port_left.svg-69cd927c4db555f1edbb8d1f553ea2fd.ctex[39m[0m
[   1% ] [90m[1msavepack[22m | Storing File: res://addons/beehave/debug/icons/port_left.svg.import[39m[0m
[   1% ] [90m[1msavepack[22m | Storing File: res://.godot/imported/port_right.svg-f760bd8be2dd613d0d3848c998c92a2a.ctex[39m[0m
[   1% ] [90m[1msavepack[22m | Storing File: res://addons/beehave/debug/icons/port_right.svg.import[39m[0m
[   1% ] [90m[1msavepack[22m | Storing File: res://.godot/imported/port_top.svg-d1b336cdc6a0dd570305782a1e56f61d.ctex[39m[0m
[   1% ] [90m[1msavepack[22m | Storing File: res://addons/beehave/debug/icons/port_top.svg.import[39m[0m
[   2% ] [90m[1msavepack[22m | Storing File: res://.godot/imported/vertical_layout.svg-1a08fee4b09812a05bcf3defb8afcc4c.ctex[39m[0m
[   2% ] [90m[1msavepack[22m | Storing File: res://addons/beehave/debug/icons/vertical_layout.svg.import[39m[0m
[   2% ] [90m[1msavepack[22m | Storing File: res://addons/beehave/debug/debugger.gdc[39m[0m
[   2% ] [90m[1msavepack[22m | Storing File: res://addons/beehave/debug/debugger_messages.gdc[39m[0m
[   2% ] [90m[1msavepack[22m | Storing File: res://addons/beehave/debug/debugger_tab.gdc[39m[0m
[   2% ] [90m[1msavepack[22m | Storing File: res://addons/beehave/debug/global_debugger.gdc[39m[0m
[   3% ] [90m[1msavepack[22m | Storing File: res://addons/beehave/debug/new_frames.gdc[39m[0m
[   3% ] [90m[1msavepack[22m | Storing File: res://addons/beehave/debug/new_graph_edit.gdc[39m[0m
[   3% ] [90m[1msavepack[22m | Storing File: res://addons/beehave/debug/new_graph_node.gdc[39m[0m
[   3% ] [90m[1msavepack[22m | Storing File: res://addons/beehave/debug/new_node_blackboard.gdc[39m[0m
[   4% ] [90m[1msavepack[22m | Storing File: res://addons/beehave/debug/old_frames.gdc[39m[0m
[   4% ] [90m[1msavepack[22m | Storing File: res://addons/beehave/debug/old_graph_edit.gdc[39m[0m
[   4% ] [90m[1msavepack[22m | Storing File: res://addons/beehave/debug/old_graph_node.gdc[39m[0m
[   4% ] [90m[1msavepack[22m | Storing File: res://addons/beehave/debug/tree_node.gdc[39m[0m
[   4% ] [90m[1msavepack[22m | Storing File: res://.godot/imported/action.svg-e8a91246d0ba9ba3cf84290d65648f06.ctex[39m[0m
[   4% ] [90m[1msavepack[22m | Storing File: res://addons/beehave/icons/action.svg.import[39m[0m
[   5% ] [90m[1msavepack[22m | Storing File: res://.godot/imported/blackboard.svg-18d4dfd4f6de558de250b67251ff1e69.ctex[39m[0m
[   5% ] [90m[1msavepack[22m | Storing File: res://addons/beehave/icons/blackboard.svg.import[39m[0m
[   5% ] [90m[1msavepack[22m | Storing File: res://.godot/imported/category_bt.svg-8537bebd1c5f62dca3d7ee7f17efeed4.ctex[39m[0m
[   5% ] [90m[1msavepack[22m | Storing File: res://addons/beehave/icons/category_bt.svg.import[39m[0m
[   5% ] [90m[1msavepack[22m | Storing File: res://.godot/imported/category_composite.svg-43f66e63a7ccfa5ac8ec6da0583b3246.ctex[39m[0m
[   5% ] [90m[1msavepack[22m | Storing File: res://addons/beehave/icons/category_composite.svg.import[39m[0m
[   5% ] [90m[1msavepack[22m | Storing File: res://.godot/imported/category_decorator.svg-79d598d6456f32724156248e09d6eaf3.ctex[39m[0m
[   5% ] [90m[1msavepack[22m | Storing File: res://addons/beehave/icons/category_decorator.svg.import[39m[0m
[   6% ] [90m[1msavepack[22m | Storing File: res://.godot/imported/category_leaf.svg-c740ecab6cfae632574ca5e39e46fd2e.ctex[39m[0m
[   6% ] [90m[1msavepack[22m | Storing File: res://addons/beehave/icons/category_leaf.svg.import[39m[0m
[   6% ] [90m[1msavepack[22m | Storing File: res://.godot/imported/condition.svg-57892684b10a64086f68c09c388b17e5.ctex[39m[0m
[   6% ] [90m[1msavepack[22m | Storing File: res://addons/beehave/icons/condition.svg.import[39m[0m
[   6% ] [90m[1msavepack[22m | Storing File: res://.godot/imported/cooldown.svg-2fb8975b5974e35bedad825abb9faf66.ctex[39m[0m
[   6% ] [90m[1msavepack[22m | Storing File: res://addons/beehave/icons/cooldown.svg.import[39m[0m
[   6% ] [90m[1msavepack[22m | Storing File: res://.godot/imported/delayer.svg-6f92c97f61b1eb8679428f438e6b08c7.ctex[39m[0m
[   6% ] [90m[1msavepack[22m | Storing File: res://addons/beehave/icons/delayer.svg.import[39m[0m
[   6% ] [90m[1msavepack[22m | Storing File: res://.godot/imported/failer.svg-9a62b840e1eacc0437e7a67b14a302e4.ctex[39m[0m
[   6% ] [90m[1msavepack[22m | Storing File: res://addons/beehave/icons/failer.svg.import[39m[0m
[   7% ] [90m[1msavepack[22m | Storing File: res://.godot/imported/inverter.svg-1f1b976d95de42c4ad99a92fa9a6c5d0.ctex[39m[0m
[   7% ] [90m[1msavepack[22m | Storing File: res://addons/beehave/icons/inverter.svg.import[39m[0m
[   7% ] [90m[1msavepack[22m | Storing File: res://.godot/imported/limiter.svg-b4c7646605c46f53c5e403fe21d8f584.ctex[39m[0m
[   7% ] [90m[1msavepack[22m | Storing File: res://addons/beehave/icons/limiter.svg.import[39m[0m
[   7% ] [90m[1msavepack[22m | Storing File: res://.godot/imported/repeater.svg-be2d3a7f1a46d7ba1d1939553725f598.ctex[39m[0m
[   7% ] [90m[1msavepack[22m | Storing File: res://addons/beehave/icons/repeater.svg.import[39m[0m
[   7% ] [90m[1msavepack[22m | Storing File: res://.godot/imported/selector.svg-78bccfc448bd1676b5a29bfde4b08e5b.ctex[39m[0m
[   7% ] [90m[1msavepack[22m | Storing File: res://addons/beehave/icons/selector.svg.import[39m[0m
[   8% ] [90m[1msavepack[22m | Storing File: res://.godot/imported/selector_random.svg-d52fea1352c24483ecd9dc8609cf00f3.ctex[39m[0m
[   8% ] [90m[1msavepack[22m | Storing File: res://addons/beehave/icons/selector_random.svg.import[39m[0m
[   8% ] [90m[1msavepack[22m | Storing File: res://.godot/imported/selector_reactive.svg-dd3b8fb8cd2ffe331605aaad1e021cc0.ctex[39m[0m
[   8% ] [90m[1msavepack[22m | Storing File: res://addons/beehave/icons/selector_reactive.svg.import[39m[0m
[   8% ] [90m[1msavepack[22m | Storing File: res://.godot/imported/sequence.svg-76e5600611900cc81e9ec286977b8c6a.ctex[39m[0m
[   8% ] [90m[1msavepack[22m | Storing File: res://addons/beehave/icons/sequence.svg.import[39m[0m
[   8% ] [90m[1msavepack[22m | Storing File: res://.godot/imported/sequence_random.svg-58cee9098c622ef87db941279206422a.ctex[39m[0m
[   8% ] [90m[1msavepack[22m | Storing File: res://addons/beehave/icons/sequence_random.svg.import[39m[0m
[   8% ] [90m[1msavepack[22m | Storing File: res://.godot/imported/sequence_reactive.svg-7d384ca290f7934adb9e17d9e7116b6c.ctex[39m[0m
[   8% ] [90m[1msavepack[22m | Storing File: res://addons/beehave/icons/sequence_reactive.svg.import[39m[0m
[   9% ] [90m[1msavepack[22m | Storing File: res://.godot/imported/simple_parallel.svg-3d4107eaf2e46557f6d3be3249f91430.ctex[39m[0m
[   9% ] [90m[1msavepack[22m | Storing File: res://addons/beehave/icons/simple_parallel.svg.import[39m[0m
[   9% ] [90m[1msavepack[22m | Storing File: res://.godot/imported/succeeder.svg-e5cf6f6e04b9b862b82fd2cb479272aa.ctex[39m[0m
[   9% ] [90m[1msavepack[22m | Storing File: res://addons/beehave/icons/succeeder.svg.import[39m[0m
[   9% ] [90m[1msavepack[22m | Storing File: res://.godot/imported/tree.svg-c0b20ed88b2fe300c0296f7236049076.ctex[39m[0m
[   9% ] [90m[1msavepack[22m | Storing File: res://addons/beehave/icons/tree.svg.import[39m[0m
[   9% ] [90m[1msavepack[22m | Storing File: res://.godot/imported/until_fail.svg-8015014c40e91d9c2668ec34d4118b8e.ctex[39m[0m
[   9% ] [90m[1msavepack[22m | Storing File: res://addons/beehave/icons/until_fail.svg.import[39m[0m
[  10% ] [90m[1msavepack[22m | Storing File: res://addons/beehave/metrics/beehave_global_metrics.gdc[39m[0m
[  10% ] [90m[1msavepack[22m | Storing File: res://addons/beehave/nodes/composites/composite.gdc[39m[0m
[  10% ] [90m[1msavepack[22m | Storing File: res://addons/beehave/nodes/composites/randomized_composite.gdc[39m[0m
[  10% ] [90m[1msavepack[22m | Storing File: res://addons/beehave/nodes/composites/selector.gdc[39m[0m
[  10% ] [90m[1msavepack[22m | Storing File: res://addons/beehave/nodes/composites/selector_random.gdc[39m[0m
[  11% ] [90m[1msavepack[22m | Storing File: res://addons/beehave/nodes/composites/selector_reactive.gdc[39m[0m
[  11% ] [90m[1msavepack[22m | Storing File: res://addons/beehave/nodes/composites/sequence.gdc[39m[0m
[  11% ] [90m[1msavepack[22m | Storing File: res://addons/beehave/nodes/composites/sequence_random.gdc[39m[0m
[  11% ] [90m[1msavepack[22m | Storing File: res://addons/beehave/nodes/composites/sequence_reactive.gdc[39m[0m
[  12% ] [90m[1msavepack[22m | Storing File: res://addons/beehave/nodes/composites/sequence_star.gdc[39m[0m
[  12% ] [90m[1msavepack[22m | Storing File: res://addons/beehave/nodes/composites/simple_parallel.gdc[39m[0m
[  12% ] [90m[1msavepack[22m | Storing File: res://addons/beehave/nodes/decorators/cooldown.gdc[39m[0m
[  12% ] [90m[1msavepack[22m | Storing File: res://addons/beehave/nodes/decorators/decorator.gdc[39m[0m
[  12% ] [90m[1msavepack[22m | Storing File: res://addons/beehave/nodes/decorators/delayer.gdc[39m[0m
[  13% ] [90m[1msavepack[22m | Storing File: res://addons/beehave/nodes/decorators/failer.gdc[39m[0m
[  13% ] [90m[1msavepack[22m | Storing File: res://addons/beehave/nodes/decorators/inverter.gdc[39m[0m
[  13% ] [90m[1msavepack[22m | Storing File: res://addons/beehave/nodes/decorators/limiter.gdc[39m[0m
[  13% ] [90m[1msavepack[22m | Storing File: res://addons/beehave/nodes/decorators/repeater.gdc[39m[0m
[  14% ] [90m[1msavepack[22m | Storing File: res://addons/beehave/nodes/decorators/succeeder.gdc[39m[0m
[  14% ] [90m[1msavepack[22m | Storing File: res://addons/beehave/nodes/decorators/time_limiter.gdc[39m[0m
[  14% ] [90m[1msavepack[22m | Storing File: res://addons/beehave/nodes/decorators/until_fail.gdc[39m[0m
[  14% ] [90m[1msavepack[22m | Storing File: res://addons/beehave/nodes/leaves/action.gdc[39m[0m
[  14% ] [90m[1msavepack[22m | Storing File: res://addons/beehave/nodes/leaves/blackboard_compare.gdc[39m[0m
[  15% ] [90m[1msavepack[22m | Storing File: res://addons/beehave/nodes/leaves/blackboard_erase.gdc[39m[0m
[  15% ] [90m[1msavepack[22m | Storing File: res://addons/beehave/nodes/leaves/blackboard_has.gdc[39m[0m
[  15% ] [90m[1msavepack[22m | Storing File: res://addons/beehave/nodes/leaves/blackboard_set.gdc[39m[0m
[  15% ] [90m[1msavepack[22m | Storing File: res://addons/beehave/nodes/leaves/condition.gdc[39m[0m
[  16% ] [90m[1msavepack[22m | Storing File: res://addons/beehave/nodes/leaves/leaf.gdc[39m[0m
[  16% ] [90m[1msavepack[22m | Storing File: res://addons/beehave/nodes/beehave_node.gdc[39m[0m
[  16% ] [90m[1msavepack[22m | Storing File: res://addons/beehave/nodes/beehave_tree.gdc[39m[0m
[  16% ] [90m[1msavepack[22m | Storing File: res://addons/beehave/utils/utils.gdc[39m[0m
[  16% ] [90m[1msavepack[22m | Storing File: res://addons/beehave/blackboard.gdc[39m[0m
[  17% ] [90m[1msavepack[22m | Storing File: res://addons/beehave/plugin.gdc[39m[0m
[  17% ] [90m[1msavepack[22m | Storing File: res://addons/godot_state_charts/utilities/editor_debugger/editor_debugger.gdc[39m[0m
[  17% ] [90m[1msavepack[22m | Storing File: res://.godot/exported/133200997/export-6593bf77f28de54bbe2169cb0d6c2678-editor_debugger.scn[39m[0m
[  17% ] [90m[1msavepack[22m | Storing File: res://addons/godot_state_charts/utilities/editor_debugger/editor_debugger_message.gdc[39m[0m
[  18% ] [90m[1msavepack[22m | Storing File: res://addons/godot_state_charts/utilities/editor_debugger/editor_debugger_plugin.gdc[39m[0m
[  18% ] [90m[1msavepack[22m | Storing File: res://addons/godot_state_charts/utilities/editor_debugger/editor_debugger_remote.gdc[39m[0m
[  18% ] [90m[1msavepack[22m | Storing File: res://addons/godot_state_charts/utilities/editor_debugger/editor_debugger_settings_propagator.gdc[39m[0m
[  18% ] [90m[1msavepack[22m | Storing File: res://addons/godot_state_charts/utilities/editor_debugger/editor_debugger_state_info.gdc[39m[0m
[  18% ] [90m[1msavepack[22m | Storing File: res://addons/godot_state_charts/utilities/event_editor/event_editor.gdc[39m[0m
[  19% ] [90m[1msavepack[22m | Storing File: res://addons/godot_state_charts/utilities/event_editor/event_inspector_plugin.gdc[39m[0m
[  19% ] [90m[1msavepack[22m | Storing File: res://addons/godot_state_charts/utilities/event_refactor/event_refactor.gdc[39m[0m
[  19% ] [90m[1msavepack[22m | Storing File: res://.godot/exported/133200997/export-b80a8508b527a774be752a0236bbafd0-event_refactor.scn[39m[0m
[  19% ] [90m[1msavepack[22m | Storing File: res://addons/godot_state_charts/utilities/debugger_history.gdc[39m[0m
[  20% ] [90m[1msavepack[22m | Storing File: res://addons/godot_state_charts/utilities/editor_sidebar.gdc[39m[0m
[  20% ] [90m[1msavepack[22m | Storing File: res://.godot/exported/133200997/export-df2d4cfb237df792ce3cd52de2fbb820-editor_sidebar.scn[39m[0m
[  20% ] [90m[1msavepack[22m | Storing File: res://addons/godot_state_charts/utilities/ring_buffer.gdc[39m[0m
[  20% ] [90m[1msavepack[22m | Storing File: res://addons/godot_state_charts/utilities/state_chart_debugger.gdc[39m[0m
[  20% ] [90m[1msavepack[22m | Storing File: res://.godot/imported/state_chart_debugger.svg-84b90904efaf4dffb8ff9ef4bed14dd2.ctex[39m[0m
[  20% ] [90m[1msavepack[22m | Storing File: res://addons/godot_state_charts/utilities/state_chart_debugger.svg.import[39m[0m
[  21% ] [90m[1msavepack[22m | Storing File: res://.godot/exported/133200997/export-6a5e4d68230ed0f2c2536fee1232a133-state_chart_debugger.scn[39m[0m
[  21% ] [90m[1msavepack[22m | Storing File: res://addons/godot_state_charts/utilities/state_chart_util.gdc[39m[0m
[  21% ] [90m[1msavepack[22m | Storing File: res://addons/godot_state_charts/all_of_guard.gdc[39m[0m
[  21% ] [90m[1msavepack[22m | Storing File: res://.godot/imported/all_of_guard.svg-49642db22a4a20844b2d39e67c930c8b.ctex[39m[0m
[  21% ] [90m[1msavepack[22m | Storing File: res://addons/godot_state_charts/all_of_guard.svg.import[39m[0m
[  22% ] [90m[1msavepack[22m | Storing File: res://addons/godot_state_charts/animation_player_state.gdc[39m[0m
[  22% ] [90m[1msavepack[22m | Storing File: res://.godot/imported/animation_player_state.svg-1acd03c414690dd7446458c5293935cb.ctex[39m[0m
[  22% ] [90m[1msavepack[22m | Storing File: res://addons/godot_state_charts/animation_player_state.svg.import[39m[0m
[  22% ] [90m[1msavepack[22m | Storing File: res://addons/godot_state_charts/animation_tree_state.gdc[39m[0m
[  22% ] [90m[1msavepack[22m | Storing File: res://.godot/imported/animation_tree_state.svg-b99077fc178cfa1e23b2c854c7735c4a.ctex[39m[0m
[  22% ] [90m[1msavepack[22m | Storing File: res://addons/godot_state_charts/animation_tree_state.svg.import[39m[0m
[  22% ] [90m[1msavepack[22m | Storing File: res://addons/godot_state_charts/any_of_guard.gdc[39m[0m
[  23% ] [90m[1msavepack[22m | Storing File: res://.godot/imported/any_of_guard.svg-3b1aa026a997dbfebde2cc5993b5c820.ctex[39m[0m
[  23% ] [90m[1msavepack[22m | Storing File: res://addons/godot_state_charts/any_of_guard.svg.import[39m[0m
[  23% ] [90m[1msavepack[22m | Storing File: res://addons/godot_state_charts/atomic_state.gdc[39m[0m
[  23% ] [90m[1msavepack[22m | Storing File: res://.godot/imported/atomic_state.svg-5ab16e5747cef5b5980c4bf84ef9b1af.ctex[39m[0m
[  23% ] [90m[1msavepack[22m | Storing File: res://addons/godot_state_charts/atomic_state.svg.import[39m[0m
[  23% ] [90m[1msavepack[22m | Storing File: res://addons/godot_state_charts/compound_state.gdc[39m[0m
[  24% ] [90m[1msavepack[22m | Storing File: res://.godot/imported/compound_state.svg-84780d78ec1f15e1cbb9d20f4df031a7.ctex[39m[0m
[  24% ] [90m[1msavepack[22m | Storing File: res://addons/godot_state_charts/compound_state.svg.import[39m[0m
[  24% ] [90m[1msavepack[22m | Storing File: res://addons/godot_state_charts/debug_util.gdc[39m[0m
[  24% ] [90m[1msavepack[22m | Storing File: res://addons/godot_state_charts/expression_guard.gdc[39m[0m
[  24% ] [90m[1msavepack[22m | Storing File: res://.godot/imported/expression_guard.svg-e0dc5b3c566ccd2411887df3fe1bbb2b.ctex[39m[0m
[  24% ] [90m[1msavepack[22m | Storing File: res://addons/godot_state_charts/expression_guard.svg.import[39m[0m
[  24% ] [90m[1msavepack[22m | Storing File: res://addons/godot_state_charts/expression_util.gdc[39m[0m
[  25% ] [90m[1msavepack[22m | Storing File: res://addons/godot_state_charts/godot_state_charts.gdc[39m[0m
[  25% ] [90m[1msavepack[22m | Storing File: res://addons/godot_state_charts/guard.gdc[39m[0m
[  25% ] [90m[1msavepack[22m | Storing File: res://.godot/imported/guard.svg-d0ead7a3baf32c0a7719fb3b73645353.ctex[39m[0m
[  25% ] [90m[1msavepack[22m | Storing File: res://addons/godot_state_charts/guard.svg.import[39m[0m
[  25% ] [90m[1msavepack[22m | Storing File: res://addons/godot_state_charts/history_state.gdc[39m[0m
[  26% ] [90m[1msavepack[22m | Storing File: res://.godot/imported/history_state.svg-7ed355ddc4d844fa3139e70c23187edd.ctex[39m[0m
[  26% ] [90m[1msavepack[22m | Storing File: res://addons/godot_state_charts/history_state.svg.import[39m[0m
[  26% ] [90m[1msavepack[22m | Storing File: res://addons/godot_state_charts/not_guard.gdc[39m[0m
[  26% ] [90m[1msavepack[22m | Storing File: res://.godot/imported/not_guard.svg-b2d127d6ec93eb4ce2d86c4aadb7bbfe.ctex[39m[0m
[  26% ] [90m[1msavepack[22m | Storing File: res://addons/godot_state_charts/not_guard.svg.import[39m[0m
[  26% ] [90m[1msavepack[22m | Storing File: res://addons/godot_state_charts/parallel_state.gdc[39m[0m
[  26% ] [90m[1msavepack[22m | Storing File: res://.godot/imported/parallel_state.svg-33f40e94bafae79f072d67563e0adcd3.ctex[39m[0m
[  26% ] [90m[1msavepack[22m | Storing File: res://addons/godot_state_charts/parallel_state.svg.import[39m[0m
[  27% ] [90m[1msavepack[22m | Storing File: res://addons/godot_state_charts/saved_state.gdc[39m[0m
[  27% ] [90m[1msavepack[22m | Storing File: res://addons/godot_state_charts/serialized_state_chart.gdc[39m[0m
[  27% ] [90m[1msavepack[22m | Storing File: res://addons/godot_state_charts/serialized_state_chart_state.gdc[39m[0m
[  27% ] [90m[1msavepack[22m | Storing File: res://addons/godot_state_charts/state_chart.gdc[39m[0m
[  27% ] [90m[1msavepack[22m | Storing File: res://.godot/imported/state_chart.svg-5c268dd045b20d73dfacd5cdf7606676.ctex[39m[0m
[  27% ] [90m[1msavepack[22m | Storing File: res://addons/godot_state_charts/state_chart.svg.import[39m[0m
[  28% ] [90m[1msavepack[22m | Storing File: res://addons/godot_state_charts/state_chart_serializer.gdc[39m[0m
[  28% ] [90m[1msavepack[22m | Storing File: res://addons/godot_state_charts/state_chart_state.gdc[39m[0m
[  28% ] [90m[1msavepack[22m | Storing File: res://addons/godot_state_charts/state_is_active_guard.gdc[39m[0m
[  28% ] [90m[1msavepack[22m | Storing File: res://.godot/imported/state_is_active_guard.svg-d4eaf044adc73632156a007f84651435.ctex[39m[0m
[  28% ] [90m[1msavepack[22m | Storing File: res://addons/godot_state_charts/state_is_active_guard.svg.import[39m[0m
[  29% ] [90m[1msavepack[22m | Storing File: res://.godot/imported/toggle_sidebar.svg-99e4fe22fa516ab6214c0533adb07ec0.ctex[39m[0m
[  29% ] [90m[1msavepack[22m | Storing File: res://addons/godot_state_charts/toggle_sidebar.svg.import[39m[0m
[  29% ] [90m[1msavepack[22m | Storing File: res://addons/godot_state_charts/transition.gdc[39m[0m
[  29% ] [90m[1msavepack[22m | Storing File: res://.godot/imported/transition.svg-20a1a52a85a71c731b2386952d47b2f7.ctex[39m[0m
[  29% ] [90m[1msavepack[22m | Storing File: res://addons/godot_state_charts/transition.svg.import[39m[0m
[  29% ] [90m[1msavepack[22m | Storing File: res://.godot/imported/ssok.png-badddd6c8af1963c51cf0c7f4abc3aab.ctex[39m[0m
[  29% ] [90m[1msavepack[22m | Storing File: res://assets/branding/ssok.png.import[39m[0m
[  29% ] [90m[1msavepack[22m | Storing File: res://.godot/imported/ssok.svg-359d9348bb5014e639cf7056b0d546d8.ctex[39m[0m
[  29% ] [90m[1msavepack[22m | Storing File: res://assets/branding/ssok.svg.import[39m[0m
[  30% ] [90m[1msavepack[22m | Storing File: res://assets/construction_kit/meshes/kit_angle_bracket.res[39m[0m
[  30% ] [90m[1msavepack[22m | Storing File: res://assets/construction_kit/meshes/kit_beam_60.res[39m[0m
[  30% ] [90m[1msavepack[22m | Storing File: res://assets/construction_kit/meshes/kit_beam_100.res[39m[0m
[  30% ] [90m[1msavepack[22m | Storing File: res://assets/construction_kit/meshes/kit_beam_140.res[39m[0m
[  31% ] [90m[1msavepack[22m | Storing File: res://assets/construction_kit/meshes/kit_beam_180.res[39m[0m
[  31% ] [90m[1msavepack[22m | Storing File: res://assets/construction_kit/meshes/kit_beam_240.res[39m[0m
[  31% ] [90m[1msavepack[22m | Storing File: res://assets/construction_kit/meshes/kit_beam_260.res[39m[0m
[  31% ] [90m[1msavepack[22m | Storing File: res://assets/construction_kit/meshes/kit_bolt_4.res[39m[0m
[  31% ] [90m[1msavepack[22m | Storing File: res://assets/construction_kit/meshes/kit_controller.res[39m[0m
[  32% ] [90m[1msavepack[22m | Storing File: res://assets/construction_kit/meshes/kit_controller_16.res[39m[0m
[  32% ] [90m[1msavepack[22m | Storing File: res://assets/construction_kit/meshes/kit_coupler_8.res[39m[0m
[  32% ] [90m[1msavepack[22m | Storing File: res://assets/construction_kit/meshes/kit_motor_12.res[39m[0m
[  32% ] [90m[1msavepack[22m | Storing File: res://assets/construction_kit/meshes/kit_motor_35.res[39m[0m
[  33% ] [90m[1msavepack[22m | Storing File: res://assets/construction_kit/meshes/kit_nut_4.res[39m[0m
[  33% ] [90m[1msavepack[22m | Storing File: res://assets/construction_kit/meshes/kit_optical_sensor.res[39m[0m
[  33% ] [90m[1msavepack[22m | Storing File: res://assets/construction_kit/meshes/kit_plate_60_40.res[39m[0m
[  33% ] [90m[1msavepack[22m | Storing File: res://assets/construction_kit/meshes/kit_plate_60_60.res[39m[0m
[  33% ] [90m[1msavepack[22m | Storing File: res://assets/construction_kit/meshes/kit_plate_80_60.res[39m[0m
[  33% ] [90m[1msavepack[22m | Storing File: res://assets/construction_kit/meshes/kit_plate_120_80.res[39m[0m
[  33% ] [90m[1msavepack[22m | Storing File: res://assets/construction_kit/meshes/kit_plate_160_60.res[39m[0m
[  33% ] [90m[1msavepack[22m | Storing File: res://assets/construction_kit/meshes/kit_plate_220_120.res[39m[0m
[  33% ] [90m[1msavepack[22m | Storing File: res://assets/construction_kit/meshes/kit_rubber_pad.res[39m[0m
[  34% ] [90m[1msavepack[22m | Storing File: res://assets/construction_kit/meshes/kit_spacer_20.res[39m[0m
[  34% ] [90m[1msavepack[22m | Storing File: res://assets/construction_kit/meshes/kit_u_bracket_large.res[39m[0m
[  34% ] [90m[1msavepack[22m | Storing File: res://assets/construction_kit/meshes/kit_u_bracket_small.res[39m[0m
[  34% ] [90m[1msavepack[22m | Storing File: res://.godot/imported/kit_angle_bracket.obj-bdbccb331bd4d9e6608922c5a6bc7ede.mesh[39m[0m
[  34% ] [90m[1msavepack[22m | Storing File: res://assets/construction_kit/obj/kit_angle_bracket.obj.import[39m[0m
[  34% ] [90m[1msavepack[22m | Storing File: res://.godot/imported/kit_beam_60.obj-61d506f3e1eb283770bbe18d8e5d3a55.mesh[39m[0m
[  34% ] [90m[1msavepack[22m | Storing File: res://assets/construction_kit/obj/kit_beam_60.obj.import[39m[0m
[  35% ] [90m[1msavepack[22m | Storing File: res://.godot/imported/kit_beam_100.obj-6ad8587d9d40a6561104a4d63b58e2b8.mesh[39m[0m
[  35% ] [90m[1msavepack[22m | Storing File: res://assets/construction_kit/obj/kit_beam_100.obj.import[39m[0m
[  35% ] [90m[1msavepack[22m | Storing File: res://.godot/imported/kit_beam_140.obj-71ba55ac1426b0518e772a0004d99fac.mesh[39m[0m
[  35% ] [90m[1msavepack[22m | Storing File: res://assets/construction_kit/obj/kit_beam_140.obj.import[39m[0m
[  35% ] [90m[1msavepack[22m | Storing File: res://.godot/imported/kit_beam_180.obj-b867dd9fa628d797aee9461fb992dfa0.mesh[39m[0m
[  35% ] [90m[1msavepack[22m | Storing File: res://assets/construction_kit/obj/kit_beam_180.obj.import[39m[0m
[  35% ] [90m[1msavepack[22m | Storing File: res://.godot/imported/kit_beam_240.obj-84c39012204e878c2151cf3ce2db6de7.mesh[39m[0m
[  35% ] [90m[1msavepack[22m | Storing File: res://assets/construction_kit/obj/kit_beam_240.obj.import[39m[0m
[  36% ] [90m[1msavepack[22m | Storing File: res://.godot/imported/kit_beam_260.obj-79f854a09adcd4538ab3779b0c91480a.mesh[39m[0m
[  36% ] [90m[1msavepack[22m | Storing File: res://assets/construction_kit/obj/kit_beam_260.obj.import[39m[0m
[  36% ] [90m[1msavepack[22m | Storing File: res://.godot/imported/kit_bolt_4.obj-2e8b831cef894ccbdc411956c8ba5048.mesh[39m[0m
[  36% ] [90m[1msavepack[22m | Storing File: res://assets/construction_kit/obj/kit_bolt_4.obj.import[39m[0m
[  36% ] [90m[1msavepack[22m | Storing File: res://.godot/imported/kit_controller.obj-1dbc85ceb3e95f35d55a9c8069e193cb.mesh[39m[0m
[  36% ] [90m[1msavepack[22m | Storing File: res://assets/construction_kit/obj/kit_controller.obj.import[39m[0m
[  36% ] [90m[1msavepack[22m | Storing File: res://.godot/imported/kit_controller_16.obj-a37b6f0351ad063ada92dec4ab30ed60.mesh[39m[0m
[  36% ] [90m[1msavepack[22m | Storing File: res://assets/construction_kit/obj/kit_controller_16.obj.import[39m[0m
[  36% ] [90m[1msavepack[22m | Storing File: res://.godot/imported/kit_coupler_8.obj-b52253dabefd5314e0ef24d5bbf8a6f6.mesh[39m[0m
[  36% ] [90m[1msavepack[22m | Storing File: res://assets/construction_kit/obj/kit_coupler_8.obj.import[39m[0m
[  37% ] [90m[1msavepack[22m | Storing File: res://.godot/imported/kit_motor_12.obj-fb102e09b8585d6581a2d5397c7fbb19.mesh[39m[0m
[  37% ] [90m[1msavepack[22m | Storing File: res://assets/construction_kit/obj/kit_motor_12.obj.import[39m[0m
[  37% ] [90m[1msavepack[22m | Storing File: res://.godot/imported/kit_motor_35.obj-b0f51c3d91637bf785bb13415f25618c.mesh[39m[0m
[  37% ] [90m[1msavepack[22m | Storing File: res://assets/construction_kit/obj/kit_motor_35.obj.import[39m[0m
[  37% ] [90m[1msavepack[22m | Storing File: res://.godot/imported/kit_nut_4.obj-fd3e73533bd41b0d40fcc995285107e8.mesh[39m[0m
[  37% ] [90m[1msavepack[22m | Storing File: res://assets/construction_kit/obj/kit_nut_4.obj.import[39m[0m
[  37% ] [90m[1msavepack[22m | Storing File: res://.godot/imported/kit_optical_sensor.obj-ccb710f3cf237cab30b57d52789a0f3f.mesh[39m[0m
[  37% ] [90m[1msavepack[22m | Storing File: res://assets/construction_kit/obj/kit_optical_sensor.obj.import[39m[0m
[  38% ] [90m[1msavepack[22m | Storing File: res://.godot/imported/kit_plate_60_40.obj-ef576d79ee01c3b46dbdce87df05d4f5.mesh[39m[0m
[  38% ] [90m[1msavepack[22m | Storing File: res://assets/construction_kit/obj/kit_plate_60_40.obj.import[39m[0m
[  38% ] [90m[1msavepack[22m | Storing File: res://.godot/imported/kit_plate_60_60.obj-b80f8f430d6aa722ca974033a17c62db.mesh[39m[0m
[  38% ] [90m[1msavepack[22m | Storing File: res://assets/construction_kit/obj/kit_plate_60_60.obj.import[39m[0m
[  38% ] [90m[1msavepack[22m | Storing File: res://.godot/imported/kit_plate_80_60.obj-b408a731152a79d2a128165ded7f16e2.mesh[39m[0m
[  38% ] [90m[1msavepack[22m | Storing File: res://assets/construction_kit/obj/kit_plate_80_60.obj.import[39m[0m
[  38% ] [90m[1msavepack[22m | Storing File: res://.godot/imported/kit_plate_120_80.obj-9bdf89b20b9f22c46edbe8d49e8651ec.mesh[39m[0m
[  38% ] [90m[1msavepack[22m | Storing File: res://assets/construction_kit/obj/kit_plate_120_80.obj.import[39m[0m
[  38% ] [90m[1msavepack[22m | Storing File: res://.godot/imported/kit_plate_160_60.obj-e59680ff7a2863852da8f684e00afc99.mesh[39m[0m
[  38% ] [90m[1msavepack[22m | Storing File: res://assets/construction_kit/obj/kit_plate_160_60.obj.import[39m[0m
[  39% ] [90m[1msavepack[22m | Storing File: res://.godot/imported/kit_plate_220_120.obj-de9216baa4c20f9286bdfda9d51ca4ec.mesh[39m[0m
[  39% ] [90m[1msavepack[22m | Storing File: res://assets/construction_kit/obj/kit_plate_220_120.obj.import[39m[0m
[  39% ] [90m[1msavepack[22m | Storing File: res://.godot/imported/kit_rubber_pad.obj-98b6f0cbc0166bc379cb24ea4aaa6a4f.mesh[39m[0m
[  39% ] [90m[1msavepack[22m | Storing File: res://assets/construction_kit/obj/kit_rubber_pad.obj.import[39m[0m
[  39% ] [90m[1msavepack[22m | Storing File: res://.godot/imported/kit_spacer_20.obj-5697858ff2570d43cfe40e4bc69e4949.mesh[39m[0m
[  39% ] [90m[1msavepack[22m | Storing File: res://assets/construction_kit/obj/kit_spacer_20.obj.import[39m[0m
[  39% ] [90m[1msavepack[22m | Storing File: res://.godot/imported/kit_u_bracket_large.obj-5b8c7cfe6bc93f812a6f4d5f57a71a0d.mesh[39m[0m
[  39% ] [90m[1msavepack[22m | Storing File: res://assets/construction_kit/obj/kit_u_bracket_large.obj.import[39m[0m
[  40% ] [90m[1msavepack[22m | Storing File: res://.godot/imported/kit_u_bracket_small.obj-bbde7638834568a9d08b4a3a05512866.mesh[39m[0m
[  40% ] [90m[1msavepack[22m | Storing File: res://assets/construction_kit/obj/kit_u_bracket_small.obj.import[39m[0m
[  40% ] [90m[1msavepack[22m | Storing File: res://.godot/exported/133200997/export-2c5506c4d13a99a0789f1e712ecf3c1b-kit_angle_bracket.res[39m[0m
[  40% ] [90m[1msavepack[22m | Storing File: res://.godot/exported/133200997/export-32e638e8e3b36508c454fdd3906b9f89-kit_beam_60.res[39m[0m
[  40% ] [90m[1msavepack[22m | Storing File: res://.godot/exported/133200997/export-2bc56912e873d82dc306a5848b15416c-kit_beam_100.res[39m[0m
[  40% ] [90m[1msavepack[22m | Storing File: res://.godot/exported/133200997/export-e370fd1278c3c42ce087546c6758feb6-kit_beam_140.res[39m[0m
[  41% ] [90m[1msavepack[22m | Storing File: res://.godot/exported/133200997/export-dc33223ace522ef098f79c335ddcb0fd-kit_beam_180.res[39m[0m
[  41% ] [90m[1msavepack[22m | Storing File: res://.godot/exported/133200997/export-445a1ac33a37a6f02d99c24a070da8ca-kit_beam_240.res[39m[0m
[  41% ] [90m[1msavepack[22m | Storing File: res://.godot/exported/133200997/export-8ceb39db03934b5f122fcc157776c0d7-kit_beam_260.res[39m[0m
[  41% ] [90m[1msavepack[22m | Storing File: res://.godot/exported/133200997/export-44058bc0e6668e0e854d429ca29a2b92-kit_bolt_4.res[39m[0m
[  42% ] [90m[1msavepack[22m | Storing File: res://.godot/exported/133200997/export-7fb47e3a231a0b2e929ea4d4d08fff5a-kit_controller.res[39m[0m
[  42% ] [90m[1msavepack[22m | Storing File: res://.godot/exported/133200997/export-ebfb7d948aceac18decd0d2e729d8162-kit_controller_16.res[39m[0m
[  42% ] [90m[1msavepack[22m | Storing File: res://.godot/exported/133200997/export-82d1519f393a7a7197912c179448885b-kit_coupler_8.res[39m[0m
[  42% ] [90m[1msavepack[22m | Storing File: res://.godot/exported/133200997/export-5b8afddcd902ead94c987e062b8986ab-kit_motor_12.res[39m[0m
[  42% ] [90m[1msavepack[22m | Storing File: res://.godot/exported/133200997/export-627101d02d1d9c8be3a444b4ea5a3dc9-kit_motor_35.res[39m[0m
[  43% ] [90m[1msavepack[22m | Storing File: res://.godot/exported/133200997/export-bd7e985f04847c3ad19b6ebc4299ac6f-kit_nut_4.res[39m[0m
[  43% ] [90m[1msavepack[22m | Storing File: res://.godot/exported/133200997/export-19bf2c02112938b35fb1353e4072dbdb-kit_optical_sensor.res[39m[0m
[  43% ] [90m[1msavepack[22m | Storing File: res://.godot/exported/133200997/export-39801baa4b5c6559644661223e3cc0b3-kit_plate_60_40.res[39m[0m
[  43% ] [90m[1msavepack[22m | Storing File: res://.godot/exported/133200997/export-dfb8226c7abbf659b546b95e0b1b35a6-kit_plate_60_60.res[39m[0m
[  44% ] [90m[1msavepack[22m | Storing File: res://.godot/exported/133200997/export-cff477b1b6ccea92ae0d4e59237b5bc6-kit_plate_80_60.res[39m[0m
[  44% ] [90m[1msavepack[22m | Storing File: res://.godot/exported/133200997/export-8ca5e7b0ad056e34272d1f63563a9465-kit_plate_120_80.res[39m[0m
[  44% ] [90m[1msavepack[22m | Storing File: res://.godot/exported/133200997/export-d42d4d5b1426ba1a4d1d3564f6622046-kit_plate_160_60.res[39m[0m
[  44% ] [90m[1msavepack[22m | Storing File: res://.godot/exported/133200997/export-47367f544cb8819e6015ff635230561b-kit_plate_220_120.res[39m[0m
[  44% ] [90m[1msavepack[22m | Storing File: res://.godot/exported/133200997/export-9a02bbfd8c95402413b578b69f0d12ff-kit_rubber_pad.res[39m[0m
[  45% ] [90m[1msavepack[22m | Storing File: res://.godot/exported/133200997/export-66a316cfae1d3f18d28331cbab8791e7-kit_spacer_20.res[39m[0m
[  45% ] [90m[1msavepack[22m | Storing File: res://.godot/exported/133200997/export-07a7b7084a0eda19f33b4da2ca853027-kit_u_bracket_large.res[39m[0m
[  45% ] [90m[1msavepack[22m | Storing File: res://.godot/exported/133200997/export-cf1521d38ef53858858009ff700206c7-kit_u_bracket_small.res[39m[0m
[  45% ] [90m[1msavepack[22m | Storing File: res://assets/construction_kit/assemblies.json[39m[0m
[  46% ] [90m[1msavepack[22m | Storing File: res://assets/construction_kit/catalog.json[39m[0m
[  46% ] [90m[1msavepack[22m | Storing File: res://.godot/imported/NotoSansCJK-Regular.ttc-bf6a5134ec173401ff9bd69115e437ec.fontdata[39m[0m
[  46% ] [90m[1msavepack[22m | Storing File: res://assets/fonts/NotoSansCJK-Regular.ttc.import[39m[0m
[  46% ] [90m[1msavepack[22m | Storing File: res://.godot/exported/133200997/export-aef49f579a585a84c5e59fa43f951635-cargo_box.res[39m[0m
[  46% ] [90m[1msavepack[22m | Storing File: res://.godot/exported/133200997/export-a5d24cc489def730dae828ae323197e9-humanoid_board.res[39m[0m
[  46% ] [90m[1msavepack[22m | Storing File: res://.godot/exported/133200997/export-127a6a66c791889a981097790e9c8925-humanoid_foot.res[39m[0m
[  47% ] [90m[1msavepack[22m | Storing File: res://.godot/exported/133200997/export-26669f2dc319865129a8b48d2c695ba1-humanoid_forearm.res[39m[0m
[  47% ] [90m[1msavepack[22m | Storing File: res://.godot/exported/133200997/export-25f56cfd57a676282accd9e5ab2c2a76-humanoid_head.res[39m[0m
[  47% ] [90m[1msavepack[22m | Storing File: res://.godot/exported/133200997/export-04b9bba93dda6ad0696107eb904cd6d2-humanoid_shin.res[39m[0m
[  47% ] [90m[1msavepack[22m | Storing File: res://.godot/exported/133200997/export-bcd0b489dae89f8a64ef76aaaf5945cc-humanoid_thigh.res[39m[0m
[  48% ] [90m[1msavepack[22m | Storing File: res://.godot/exported/133200997/export-09deb9174f682ed5305b1a022a189a3d-humanoid_torso.res[39m[0m
[  48% ] [90m[1msavepack[22m | Storing File: res://.godot/exported/133200997/export-df9c11608d1716b3877318965388f463-humanoid_upper_arm.res[39m[0m
[  48% ] [90m[1msavepack[22m | Storing File: res://.godot/imported/book-open.svg-683be4c8f98553ef842aedfa9c35759c.ctex[39m[0m
[  48% ] [90m[1msavepack[22m | Storing File: res://assets/icons/lucide/book-open.svg.import[39m[0m
[  48% ] [90m[1msavepack[22m | Storing File: res://.godot/imported/box.svg-033a49beb2a701d06a998b1f19953907.ctex[39m[0m
[  48% ] [90m[1msavepack[22m | Storing File: res://assets/icons/lucide/box.svg.import[39m[0m
[  48% ] [90m[1msavepack[22m | Storing File: res://.godot/imported/code-xml.svg-a3cc3a0a2a66b4ff14ce16e40dc8d902.ctex[39m[0m
[  48% ] [90m[1msavepack[22m | Storing File: res://assets/icons/lucide/code-xml.svg.import[39m[0m
[  49% ] [90m[1msavepack[22m | Storing File: res://.godot/imported/cog.svg-348d433b3c19f166c6e9e1088debc5bd.ctex[39m[0m
[  49% ] [90m[1msavepack[22m | Storing File: res://assets/icons/lucide/cog.svg.import[39m[0m
[  49% ] [90m[1msavepack[22m | Storing File: res://.godot/imported/copy.svg-705ce6a71ec742cb89963d05d17e314f.ctex[39m[0m
[  49% ] [90m[1msavepack[22m | Storing File: res://assets/icons/lucide/copy.svg.import[39m[0m
[  49% ] [90m[1msavepack[22m | Storing File: res://.godot/imported/cpu.svg-e2c413a314f39eb95ab2ee047770a3b4.ctex[39m[0m
[  49% ] [90m[1msavepack[22m | Storing File: res://assets/icons/lucide/cpu.svg.import[39m[0m
[  49% ] [90m[1msavepack[22m | Storing File: res://.godot/imported/download.svg-6b417ac8e893e4e407a7c43a7316a98f.ctex[39m[0m
[  49% ] [90m[1msavepack[22m | Storing File: res://assets/icons/lucide/download.svg.import[39m[0m
[  50% ] [90m[1msavepack[22m | Storing File: res://.godot/imported/flask-conical.svg-f4d9011dce33718bd3c2a0f719a8656a.ctex[39m[0m
[  50% ] [90m[1msavepack[22m | Storing File: res://assets/icons/lucide/flask-conical.svg.import[39m[0m
[  50% ] [90m[1msavepack[22m | Storing File: res://.godot/imported/folder-open.svg-eea64a70376709ee03660e56b5f5d2e1.ctex[39m[0m
[  50% ] [90m[1msavepack[22m | Storing File: res://assets/icons/lucide/folder-open.svg.import[39m[0m
[  50% ] [90m[1msavepack[22m | Storing File: res://.godot/imported/gamepad-2.svg-44718cbbeabcaa4e85e7abe9b8841a84.ctex[39m[0m
[  50% ] [90m[1msavepack[22m | Storing File: res://assets/icons/lucide/gamepad-2.svg.import[39m[0m
[  50% ] [90m[1msavepack[22m | Storing File: res://.godot/imported/maximize.svg-6a7847073294cb8768b23be241da344f.ctex[39m[0m
[  50% ] [90m[1msavepack[22m | Storing File: res://assets/icons/lucide/maximize.svg.import[39m[0m
[  50% ] [90m[1msavepack[22m | Storing File: res://.godot/imported/move.svg-0e6d60c8e351218f0d1c731770f7ec86.ctex[39m[0m
[  50% ] [90m[1msavepack[22m | Storing File: res://assets/icons/lucide/move.svg.import[39m[0m
[  51% ] [90m[1msavepack[22m | Storing File: res://.godot/imported/panel-right-close.svg-5ff6f3bb07eaf45f551410131e19ee83.ctex[39m[0m
[  51% ] [90m[1msavepack[22m | Storing File: res://assets/icons/lucide/panel-right-close.svg.import[39m[0m
[  51% ] [90m[1msavepack[22m | Storing File: res://.godot/imported/play.svg-e509c55c524c8717977f8d345acf137a.ctex[39m[0m
[  51% ] [90m[1msavepack[22m | Storing File: res://assets/icons/lucide/play.svg.import[39m[0m
[  51% ] [90m[1msavepack[22m | Storing File: res://.godot/imported/redo-2.svg-dad66b63f8f2b58a85db4413d9700bda.ctex[39m[0m
[  51% ] [90m[1msavepack[22m | Storing File: res://assets/icons/lucide/redo-2.svg.import[39m[0m
[  51% ] [90m[1msavepack[22m | Storing File: res://.godot/imported/rotate-3d.svg-6a2feabab204867700d01992718b9098.ctex[39m[0m
[  51% ] [90m[1msavepack[22m | Storing File: res://assets/icons/lucide/rotate-3d.svg.import[39m[0m
[  51% ] [90m[1msavepack[22m | Storing File: res://.godot/imported/save.svg-a9427faefc4f319e4c71f836c25d9c3a.ctex[39m[0m
[  51% ] [90m[1msavepack[22m | Storing File: res://assets/icons/lucide/save.svg.import[39m[0m
[  52% ] [90m[1msavepack[22m | Storing File: res://.godot/imported/scan-line.svg-a94dbd010bddd557a26090147b38d9f3.ctex[39m[0m
[  52% ] [90m[1msavepack[22m | Storing File: res://assets/icons/lucide/scan-line.svg.import[39m[0m
[  52% ] [90m[1msavepack[22m | Storing File: res://.godot/imported/search.svg-ee2dd97d57de904dfbd38240481dc71f.ctex[39m[0m
[  52% ] [90m[1msavepack[22m | Storing File: res://assets/icons/lucide/search.svg.import[39m[0m
[  52% ] [90m[1msavepack[22m | Storing File: res://.godot/imported/square.svg-41160a9f249bed360edc0d4d12950495.ctex[39m[0m
[  52% ] [90m[1msavepack[22m | Storing File: res://assets/icons/lucide/square.svg.import[39m[0m
[  52% ] [90m[1msavepack[22m | Storing File: res://.godot/imported/trash.svg-4270d41e15a63c548ba7782db1bad2a5.ctex[39m[0m
[  52% ] [90m[1msavepack[22m | Storing File: res://assets/icons/lucide/trash.svg.import[39m[0m
[  53% ] [90m[1msavepack[22m | Storing File: res://.godot/imported/undo-2.svg-99cf28282908cc24c43cc5158a3021d9.ctex[39m[0m
[  53% ] [90m[1msavepack[22m | Storing File: res://assets/icons/lucide/undo-2.svg.import[39m[0m
[  53% ] [90m[1msavepack[22m | Storing File: res://.godot/imported/upload.svg-1e655708deff6d18867308cd0aaed1de.ctex[39m[0m
[  53% ] [90m[1msavepack[22m | Storing File: res://assets/icons/lucide/upload.svg.import[39m[0m
[  53% ] [90m[1msavepack[22m | Storing File: res://.godot/imported/confirmation_001.ogg-4d0d38ba253827ba11783d1ee2cd75a2.oggvorbisstr[39m[0m
[  53% ] [90m[1msavepack[22m | Storing File: res://assets/kenney/interface-sounds/confirmation_001.ogg.import[39m[0m
[  53% ] [90m[1msavepack[22m | Storing File: res://.godot/imported/drop_001.ogg-7d805c9dafdefcee2b89954e99ee8ed3.oggvorbisstr[39m[0m
[  53% ] [90m[1msavepack[22m | Storing File: res://assets/kenney/interface-sounds/drop_001.ogg.import[39m[0m
[  53% ] [90m[1msavepack[22m | Storing File: res://.godot/imported/select_001.ogg-c5b9b0452f2d10fdb248fd8e0b36104d.oggvorbisstr[39m[0m
[  53% ] [90m[1msavepack[22m | Storing File: res://assets/kenney/interface-sounds/select_001.ogg.import[39m[0m
[  54% ] [90m[1msavepack[22m | Storing File: res://assets/kenney/SOURCE.json[39m[0m
[  54% ] [90m[1msavepack[22m | Storing File: res://.godot/exported/133200997/export-9c30fe908b617d553782c9eb003e17ef-learning_hc_sr04.res[39m[0m
[  54% ] [90m[1msavepack[22m | Storing File: res://.godot/exported/133200997/export-be4288c40adf582960c26126d423097b-torque_micro_servo.res[39m[0m
[  54% ] [90m[1msavepack[22m | Storing File: res://.godot/exported/133200997/export-2ccd42dd2a80a61e2fc57a1329dfde45-yaw_biped_body.res[39m[0m
[  55% ] [90m[1msavepack[22m | Storing File: res://.godot/exported/133200997/export-8a926766e4be7432d9d14d10e2e83528-yaw_leg_link.res[39m[0m
[  55% ] [90m[1msavepack[22m | Storing File: res://assets/locales/ja.po[39m[0m
[  55% ] [90m[1msavepack[22m | Storing File: res://assets/locales/ko.po[39m[0m
[  55% ] [90m[1msavepack[22m | Storing File: res://assets/locales/zh_CN.po[39m[0m
[  55% ] [90m[1msavepack[22m | Storing File: res://assets/materials/textures/brushed_normal.res[39m[0m
[  56% ] [90m[1msavepack[22m | Storing File: res://assets/materials/textures/plastic_normal.res[39m[0m
[  56% ] [90m[1msavepack[22m | Storing File: res://assets/materials/textures/rubber_normal.res[39m[0m
[  56% ] [90m[1msavepack[22m | Storing File: res://.godot/exported/133200997/export-20cd1dfdc8221aecb3d295d036371a46-arm_body.res[39m[0m
[  56% ] [90m[1msavepack[22m | Storing File: res://.godot/exported/133200997/export-f89cad3d96af7ccdcc1800a299237d99-base_body.res[39m[0m
[  57% ] [90m[1msavepack[22m | Storing File: res://.godot/exported/133200997/export-13213a88901eb0cc8063f865f6f9e11e-black.res[39m[0m
[  57% ] [90m[1msavepack[22m | Storing File: res://.godot/exported/133200997/export-b73ff8a6873fdce9e73fc509fe127c6b-board_body.res[39m[0m
[  57% ] [90m[1msavepack[22m | Storing File: res://.godot/exported/133200997/export-a3cf18aed33e72fb472342d7065396c5-bracket_metal.res[39m[0m
[  57% ] [90m[1msavepack[22m | Storing File: res://.godot/exported/133200997/export-c81f1895242021fbe0cf62c8913d22a2-brown.res[39m[0m
[  57% ] [90m[1msavepack[22m | Storing File: res://assets/materials/catalog.json[39m[0m
[  58% ] [90m[1msavepack[22m | Storing File: res://.godot/exported/133200997/export-6dd4f01d74cc1ccf802484529f65c60d-chassis_metal.res[39m[0m
[  58% ] [90m[1msavepack[22m | Storing File: res://.godot/exported/133200997/export-a8745f2694a9520b84c52473761fdc5b-cream.res[39m[0m
[  58% ] [90m[1msavepack[22m | Storing File: res://.godot/exported/133200997/export-6325f4e015d2ef35eff47e1f4893d9df-detail_amber.res[39m[0m
[  58% ] [90m[1msavepack[22m | Storing File: res://.godot/exported/133200997/export-91a5ef94aac10320d8dc8b106436da80-detail_copper.res[39m[0m
[  59% ] [90m[1msavepack[22m | Storing File: res://.godot/exported/133200997/export-cdffdc248e5d642d983406e757ce6fe7-detail_graphite.res[39m[0m
[  59% ] [90m[1msavepack[22m | Storing File: res://.godot/exported/133200997/export-40d97f4b9aeb021f47323ccd64031345-detail_steel.res[39m[0m
[  59% ] [90m[1msavepack[22m | Storing File: res://.godot/exported/133200997/export-411c149e3144ca65f3bcc1db4a9b31a3-detail_teal.res[39m[0m
[  59% ] [90m[1msavepack[22m | Storing File: res://.godot/exported/133200997/export-5a883760d8f8bfff96f6837590ad1e47-detail_white.res[39m[0m
[  59% ] [90m[1msavepack[22m | Storing File: res://.godot/exported/133200997/export-510509ea379260bb1f2e959989463f55-gold.res[39m[0m
[  60% ] [90m[1msavepack[22m | Storing File: res://.godot/exported/133200997/export-82903ad6a10a448cb82d2b5d6c4b4bec-orange.res[39m[0m
[  60% ] [90m[1msavepack[22m | Storing File: res://.godot/exported/133200997/export-65281427b7147e95bfe2e963020a2dca-red.res[39m[0m
[  60% ] [90m[1msavepack[22m | Storing File: res://.godot/exported/133200997/export-e755bc7a0e93f5d2119602397b22b1b6-rim_yellow.res[39m[0m
[  60% ] [90m[1msavepack[22m | Storing File: res://.godot/exported/133200997/export-925001682097f860237c72fe49091653-rubber.res[39m[0m
[  61% ] [90m[1msavepack[22m | Storing File: res://.godot/exported/133200997/export-f4bc9e137a7878759cf0deb7b805e9bd-sensor_blue.res[39m[0m
[  61% ] [90m[1msavepack[22m | Storing File: res://.godot/exported/133200997/export-7bc3c8017997788f4d00bf0e66d8cddf-servo_blue.res[39m[0m
[  61% ] [90m[1msavepack[22m | Storing File: res://.godot/exported/133200997/export-04427c206398251f6c14254be74e169b-servo_body.res[39m[0m
[  61% ] [90m[1msavepack[22m | Storing File: res://.godot/exported/133200997/export-c98ea326d71070cf6306be7841a7a138-shell.res[39m[0m
[  61% ] [90m[1msavepack[22m | Storing File: res://.godot/exported/133200997/export-9d9c23653e735dfb6d27389528504c9f-silver.res[39m[0m
[  62% ] [90m[1msavepack[22m | Storing File: res://.godot/exported/133200997/export-ed88befa00993eb08dbeff562512f9f9-temporary_cutter.res[39m[0m
[  62% ] [90m[1msavepack[22m | Storing File: res://.godot/exported/133200997/export-1f0228fb9ccec1b48dc6c12a917d39c3-tt_yellow.res[39m[0m
[  62% ] [90m[1msavepack[22m | Storing File: res://.godot/exported/133200997/export-b0d993f6a1d39f1912e42a5a3749633b-uno_blue.res[39m[0m
[  62% ] [90m[1msavepack[22m | Storing File: res://assets/meshes/arduino_uno.res[39m[0m
[  63% ] [90m[1msavepack[22m | Storing File: res://assets/meshes/arm_link.res[39m[0m
[  63% ] [90m[1msavepack[22m | Storing File: res://assets/meshes/ball_caster.res[39m[0m
[  63% ] [90m[1msavepack[22m | Storing File: res://assets/meshes/base.res[39m[0m
[  63% ] [90m[1msavepack[22m | Storing File: res://assets/meshes/biped_body.res[39m[0m
[  63% ] [90m[1msavepack[22m | Storing File: res://assets/meshes/board.res[39m[0m
[  64% ] [90m[1msavepack[22m | Storing File: res://assets/meshes/car_chassis.res[39m[0m
[  64% ] [90m[1msavepack[22m | Storing File: res://assets/meshes/chassis_plate.res[39m[0m
[  64% ] [90m[1msavepack[22m | Storing File: res://assets/meshes/foot.res[39m[0m
[  64% ] [90m[1msavepack[22m | Storing File: res://assets/meshes/hc_sr04.res[39m[0m
[  65% ] [90m[1msavepack[22m | Storing File: res://assets/meshes/leg_link.res[39m[0m
[  65% ] [90m[1msavepack[22m | Storing File: res://assets/meshes/microbit.res[39m[0m
[  65% ] [90m[1msavepack[22m | Storing File: res://assets/meshes/motor_driver.res[39m[0m
[  65% ] [90m[1msavepack[22m | Storing File: res://assets/meshes/servo.res[39m[0m
[  65% ] [90m[1msavepack[22m | Storing File: res://assets/meshes/servo_bracket.res[39m[0m
[  66% ] [90m[1msavepack[22m | Storing File: res://assets/meshes/stage_wall.res[39m[0m
[  66% ] [90m[1msavepack[22m | Storing File: res://assets/meshes/tb6612_driver.res[39m[0m
[  66% ] [90m[1msavepack[22m | Storing File: res://assets/meshes/tt_motor.res[39m[0m
[  66% ] [90m[1msavepack[22m | Storing File: res://assets/meshes/wheel_65.res[39m[0m
[  66% ] [90m[1msavepack[22m | Storing File: res://assets/modular_humanoid/meshes/modular_arm_bracket.res[39m[0m
[  66% ] [90m[1msavepack[22m | Storing File: res://assets/modular_humanoid/meshes/modular_arm_motor.res[39m[0m
[  66% ] [90m[1msavepack[22m | Storing File: res://assets/modular_humanoid/meshes/modular_chest_shell.res[39m[0m
[  66% ] [90m[1msavepack[22m | Storing File: res://assets/modular_humanoid/meshes/modular_controller.res[39m[0m
[  66% ] [90m[1msavepack[22m | Storing File: res://assets/modular_humanoid/meshes/modular_foot.res[39m[0m
[  67% ] [90m[1msavepack[22m | Storing File: res://assets/modular_humanoid/meshes/modular_forearm_frame.res[39m[0m
[  67% ] [90m[1msavepack[22m | Storing File: res://assets/modular_humanoid/meshes/modular_gripper_hand.res[39m[0m
[  67% ] [90m[1msavepack[22m | Storing File: res://assets/modular_humanoid/meshes/modular_head_shell.res[39m[0m
[  67% ] [90m[1msavepack[22m | Storing File: res://assets/modular_humanoid/meshes/modular_leg_bracket.res[39m[0m
[  68% ] [90m[1msavepack[22m | Storing File: res://assets/modular_humanoid/meshes/modular_leg_motor.res[39m[0m
[  68% ] [90m[1msavepack[22m | Storing File: res://assets/modular_humanoid/meshes/modular_pelvis_shell.res[39m[0m
[  68% ] [90m[1msavepack[22m | Storing File: res://assets/modular_humanoid/meshes/modular_shin_frame.res[39m[0m
[  68% ] [90m[1msavepack[22m | Storing File: res://assets/modular_humanoid/meshes/modular_thigh_frame.res[39m[0m
[  68% ] [90m[1msavepack[22m | Storing File: res://assets/modular_humanoid/meshes/modular_torso_frame.res[39m[0m
[  69% ] [90m[1msavepack[22m | Storing File: res://assets/modular_humanoid/meshes/modular_upper_arm_frame.res[39m[0m
[  69% ] [90m[1msavepack[22m | Storing File: res://.godot/imported/modular_arm_bracket.obj-2419e0b8bb6a1bd56966ebdcafa1603e.mesh[39m[0m
[  69% ] [90m[1msavepack[22m | Storing File: res://assets/modular_humanoid/obj/modular_arm_bracket.obj.import[39m[0m
[  69% ] [90m[1msavepack[22m | Storing File: res://.godot/imported/modular_arm_motor.obj-283040cda07ec61598736eef9d8324a0.mesh[39m[0m
[  69% ] [90m[1msavepack[22m | Storing File: res://assets/modular_humanoid/obj/modular_arm_motor.obj.import[39m[0m
[  69% ] [90m[1msavepack[22m | Storing File: res://.godot/imported/modular_chest_shell.obj-beaa16bdffabfaa835e88882df6914bb.mesh[39m[0m
[  69% ] [90m[1msavepack[22m | Storing File: res://assets/modular_humanoid/obj/modular_chest_shell.obj.import[39m[0m
[  70% ] [90m[1msavepack[22m | Storing File: res://.godot/imported/modular_controller.obj-39d5c42fddaa0dc4f2b279060c4e2b02.mesh[39m[0m
[  70% ] [90m[1msavepack[22m | Storing File: res://assets/modular_humanoid/obj/modular_controller.obj.import[39m[0m
[  70% ] [90m[1msavepack[22m | Storing File: res://.godot/imported/modular_foot.obj-7053fd818548c470f860426372203178.mesh[39m[0m
[  70% ] [90m[1msavepack[22m | Storing File: res://assets/modular_humanoid/obj/modular_foot.obj.import[39m[0m
[  70% ] [90m[1msavepack[22m | Storing File: res://.godot/imported/modular_forearm_frame.obj-620b16f399ebc8f5ad4b4e7e513d7ac9.mesh[39m[0m
[  70% ] [90m[1msavepack[22m | Storing File: res://assets/modular_humanoid/obj/modular_forearm_frame.obj.import[39m[0m
[  70% ] [90m[1msavepack[22m | Storing File: res://.godot/imported/modular_gripper_hand.obj-d8085262ae132ab7470b8a0e08b44644.mesh[39m[0m
[  70% ] [90m[1msavepack[22m | Storing File: res://assets/modular_humanoid/obj/modular_gripper_hand.obj.import[39m[0m
[  70% ] [90m[1msavepack[22m | Storing File: res://.godot/imported/modular_head_shell.obj-8702f7cba5ea6486d3cf99b1fae833ef.mesh[39m[0m
[  70% ] [90m[1msavepack[22m | Storing File: res://assets/modular_humanoid/obj/modular_head_shell.obj.import[39m[0m
[  71% ] [90m[1msavepack[22m | Storing File: res://.godot/imported/modular_leg_bracket.obj-01056c07854234d00f5eb11adac53253.mesh[39m[0m
[  71% ] [90m[1msavepack[22m | Storing File: res://assets/modular_humanoid/obj/modular_leg_bracket.obj.import[39m[0m
[  71% ] [90m[1msavepack[22m | Storing File: res://.godot/imported/modular_leg_motor.obj-8f1f745d3c9044be2c02a36a56c213d7.mesh[39m[0m
[  71% ] [90m[1msavepack[22m | Storing File: res://assets/modular_humanoid/obj/modular_leg_motor.obj.import[39m[0m
[  71% ] [90m[1msavepack[22m | Storing File: res://.godot/imported/modular_pelvis_shell.obj-1e5e3eafd64483ad8cae5e45b68bb1a0.mesh[39m[0m
[  71% ] [90m[1msavepack[22m | Storing File: res://assets/modular_humanoid/obj/modular_pelvis_shell.obj.import[39m[0m
[  71% ] [90m[1msavepack[22m | Storing File: res://.godot/imported/modular_shin_frame.obj-0b4a7e6f0f87bd7cfa4d54640c43884f.mesh[39m[0m
[  71% ] [90m[1msavepack[22m | Storing File: res://assets/modular_humanoid/obj/modular_shin_frame.obj.import[39m[0m
[  72% ] [90m[1msavepack[22m | Storing File: res://.godot/imported/modular_thigh_frame.obj-c49d7bf31422f7f67d1d48177ff5f3a3.mesh[39m[0m
[  72% ] [90m[1msavepack[22m | Storing File: res://assets/modular_humanoid/obj/modular_thigh_frame.obj.import[39m[0m
[  72% ] [90m[1msavepack[22m | Storing File: res://.godot/imported/modular_torso_frame.obj-8f2ca98e19c17c9d84e039f3251cee12.mesh[39m[0m
[  72% ] [90m[1msavepack[22m | Storing File: res://assets/modular_humanoid/obj/modular_torso_frame.obj.import[39m[0m
[  72% ] [90m[1msavepack[22m | Storing File: res://.godot/imported/modular_upper_arm_frame.obj-65ffe84f33f9cd068430f2c652954ae1.mesh[39m[0m
[  72% ] [90m[1msavepack[22m | Storing File: res://assets/modular_humanoid/obj/modular_upper_arm_frame.obj.import[39m[0m
[  72% ] [90m[1msavepack[22m | Storing File: res://.godot/exported/133200997/export-ccfd912c6a492a6cf037fe8e25ceadd0-modular_ankle_servo.res[39m[0m
[  72% ] [90m[1msavepack[22m | Storing File: res://.godot/exported/133200997/export-f621ac23d57fa20c51c3326af523695f-modular_arm_bracket.res[39m[0m
[  73% ] [90m[1msavepack[22m | Storing File: res://.godot/exported/133200997/export-bbe77e4e8a4d3a86338aba3cae01546f-modular_chest_shell.res[39m[0m
[  73% ] [90m[1msavepack[22m | Storing File: res://.godot/exported/133200997/export-c7e234a8f2bf18e5f03ffc208b2c75c6-modular_controller.res[39m[0m
[  73% ] [90m[1msavepack[22m | Storing File: res://.godot/exported/133200997/export-ce26611db524360bf71b08377853b630-modular_elbow_servo.res[39m[0m
[  73% ] [90m[1msavepack[22m | Storing File: res://.godot/exported/133200997/export-3325bdaaaeb7bc331c8a4f32983c7aef-modular_foot.res[39m[0m
[  74% ] [90m[1msavepack[22m | Storing File: res://.godot/exported/133200997/export-1d254d80e46b0275da1cbf65ad875af8-modular_forearm_frame.res[39m[0m
[  74% ] [90m[1msavepack[22m | Storing File: res://.godot/exported/133200997/export-3d5b619cdc3c34eab009616adf63e1b0-modular_gripper_hand.res[39m[0m
[  74% ] [90m[1msavepack[22m | Storing File: res://.godot/exported/133200997/export-c9e0de242fd2970f1ebbf46f8c7756e7-modular_head_shell.res[39m[0m
[  74% ] [90m[1msavepack[22m | Storing File: res://.godot/exported/133200997/export-fc72c134a12e6c69deb904ac4b617426-modular_hip_servo.res[39m[0m
[  74% ] [90m[1msavepack[22m | Storing File: res://.godot/exported/133200997/export-f9b422462e8a3bc886785f920eabd35e-modular_knee_servo.res[39m[0m
[  75% ] [90m[1msavepack[22m | Storing File: res://.godot/exported/133200997/export-2e7cd870cc47c75e82be8390e14cdecc-modular_leg_bracket.res[39m[0m
[  75% ] [90m[1msavepack[22m | Storing File: res://.godot/exported/133200997/export-8073e0b8ba24cb1fbdae46577cbe0d1a-modular_pelvis_shell.res[39m[0m
[  75% ] [90m[1msavepack[22m | Storing File: res://.godot/exported/133200997/export-f41fe2c6c6cef2f2c62e24ae286dbe4f-modular_shin_frame.res[39m[0m
[  75% ] [90m[1msavepack[22m | Storing File: res://.godot/exported/133200997/export-edc5248b8e3f19eda195e68b20b2c0c6-modular_shoulder_servo.res[39m[0m
[  75% ] [90m[1msavepack[22m | Storing File: res://.godot/exported/133200997/export-135f6490ac0344c60b248546da185b7f-modular_thigh_frame.res[39m[0m
[  76% ] [90m[1msavepack[22m | Storing File: res://.godot/exported/133200997/export-e998698bc2f1f05b21ada30b09882554-modular_torso_frame.res[39m[0m
[  76% ] [90m[1msavepack[22m | Storing File: res://.godot/exported/133200997/export-0d9a167c4fc95432ca5948efef13dbba-modular_upper_arm_frame.res[39m[0m
[  76% ] [90m[1msavepack[22m | Storing File: res://.godot/imported/arduino_uno.obj-d3244c8badf57dd2cc8ed74dc8f18f66.mesh[39m[0m
[  76% ] [90m[1msavepack[22m | Storing File: res://assets/parts/arduino_uno.obj.import[39m[0m
[  76% ] [90m[1msavepack[22m | Storing File: res://.godot/exported/133200997/export-223f1955466af4ef65bfb772683d4f70-arduino_uno.res[39m[0m
[  77% ] [90m[1msavepack[22m | Storing File: res://.godot/imported/arm_link.obj-df233f366a91a0b1ac389f05ee04f1ad.mesh[39m[0m
[  77% ] [90m[1msavepack[22m | Storing File: res://assets/parts/arm_link.obj.import[39m[0m
[  77% ] [90m[1msavepack[22m | Storing File: res://.godot/exported/133200997/export-891e029ddfaa3a75006386ad51cb68ea-arm_link.res[39m[0m
[  77% ] [90m[1msavepack[22m | Storing File: res://.godot/imported/ball_caster.obj-e4ce6bf616778e22bc6715bba38313f3.mesh[39m[0m
[  77% ] [90m[1msavepack[22m | Storing File: res://assets/parts/ball_caster.obj.import[39m[0m
[  77% ] [90m[1msavepack[22m | Storing File: res://.godot/exported/133200997/export-d0518f487bb9042ede099a6e1e017a6a-ball_caster.res[39m[0m
[  77% ] [90m[1msavepack[22m | Storing File: res://.godot/imported/base.obj-5d62f334abb8d2e387019c87d976518f.mesh[39m[0m
[  77% ] [90m[1msavepack[22m | Storing File: res://assets/parts/base.obj.import[39m[0m
[  78% ] [90m[1msavepack[22m | Storing File: res://.godot/exported/133200997/export-504bc210dc276053caea32314eba9b16-base.res[39m[0m
[  78% ] [90m[1msavepack[22m | Storing File: res://.godot/imported/biped_body.obj-3aaf7710a685b6005d30c6a0bb7681f6.mesh[39m[0m
[  78% ] [90m[1msavepack[22m | Storing File: res://assets/parts/biped_body.obj.import[39m[0m
[  78% ] [90m[1msavepack[22m | Storing File: res://.godot/exported/133200997/export-faaa4b21f69f6e39a85fcb1868367bd5-biped_body.res[39m[0m
[  78% ] [90m[1msavepack[22m | Storing File: res://.godot/imported/board.obj-a66bf4954908d3f60847701de5b3799b.mesh[39m[0m
[  78% ] [90m[1msavepack[22m | Storing File: res://assets/parts/board.obj.import[39m[0m
[  79% ] [90m[1msavepack[22m | Storing File: res://.godot/exported/133200997/export-29ec8aefb95065de025499df4e54565b-board.res[39m[0m
[  79% ] [90m[1msavepack[22m | Storing File: res://.godot/imported/car_chassis.obj-378e05eb0bfa4ccb7dc8e73eb0666730.mesh[39m[0m
[  79% ] [90m[1msavepack[22m | Storing File: res://assets/parts/car_chassis.obj.import[39m[0m
[  79% ] [90m[1msavepack[22m | Storing File: res://.godot/exported/133200997/export-3d8f8277193028071d153d12f531b39e-car_chassis.res[39m[0m
[  79% ] [90m[1msavepack[22m | Storing File: res://.godot/imported/chassis_plate.obj-076e22bff4c38b58fe67de43c2ec74ee.mesh[39m[0m
[  79% ] [90m[1msavepack[22m | Storing File: res://assets/parts/chassis_plate.obj.import[39m[0m
[  79% ] [90m[1msavepack[22m | Storing File: res://.godot/exported/133200997/export-1d321d532633a9e974fcb1fb5aee522f-chassis_plate.res[39m[0m
[  80% ] [90m[1msavepack[22m | Storing File: res://.godot/imported/foot.obj-f65e7fcdf27292a18575e8f2ac3158d7.mesh[39m[0m
[  80% ] [90m[1msavepack[22m | Storing File: res://assets/parts/foot.obj.import[39m[0m
[  80% ] [90m[1msavepack[22m | Storing File: res://.godot/exported/133200997/export-6ce878d3a34278733ad2be1074e9961d-foot.res[39m[0m
[  80% ] [90m[1msavepack[22m | Storing File: res://.godot/imported/hc_sr04.obj-d916728b0980469f683c31e48abce010.mesh[39m[0m
[  80% ] [90m[1msavepack[22m | Storing File: res://assets/parts/hc_sr04.obj.import[39m[0m
[  80% ] [90m[1msavepack[22m | Storing File: res://.godot/exported/133200997/export-a678dc173238bf64117cc563414b9124-hc_sr04.res[39m[0m
[  81% ] [90m[1msavepack[22m | Storing File: res://.godot/imported/leg_link.obj-8aaeb7274df5870588ce12fec44bc66f.mesh[39m[0m
[  81% ] [90m[1msavepack[22m | Storing File: res://assets/parts/leg_link.obj.import[39m[0m
[  81% ] [90m[1msavepack[22m | Storing File: res://.godot/exported/133200997/export-5913db281423edc3601deb8578e95cc9-leg_link.res[39m[0m
[  81% ] [90m[1msavepack[22m | Storing File: res://.godot/imported/microbit.obj-e5d0dce845ef75d66724c946cbb75270.mesh[39m[0m
[  81% ] [90m[1msavepack[22m | Storing File: res://assets/parts/microbit.obj.import[39m[0m
[  81% ] [90m[1msavepack[22m | Storing File: res://.godot/exported/133200997/export-d6edce7d1d40240a5b8303e7e5ea040f-microbit.res[39m[0m
[  81% ] [90m[1msavepack[22m | Storing File: res://.godot/imported/motor_driver.obj-49b2176df57bda31a987af0f1db75b89.mesh[39m[0m
[  81% ] [90m[1msavepack[22m | Storing File: res://assets/parts/motor_driver.obj.import[39m[0m
[  82% ] [90m[1msavepack[22m | Storing File: res://.godot/exported/133200997/export-3024e3306299daae833c75221703c689-motor_driver.res[39m[0m
[  82% ] [90m[1msavepack[22m | Storing File: res://.godot/imported/servo.obj-319a8084d1c83f256bd5fbea980be5ec.mesh[39m[0m
[  82% ] [90m[1msavepack[22m | Storing File: res://assets/parts/servo.obj.import[39m[0m
[  82% ] [90m[1msavepack[22m | Storing File: res://.godot/exported/133200997/export-9851e209ac1d6dac7fe976dcc2f36cca-servo.res[39m[0m
[  82% ] [90m[1msavepack[22m | Storing File: res://.godot/imported/servo_bracket.obj-b133bdf5b535b030795e3fdcae4b4951.mesh[39m[0m
[  82% ] [90m[1msavepack[22m | Storing File: res://assets/parts/servo_bracket.obj.import[39m[0m
[  83% ] [90m[1msavepack[22m | Storing File: res://.godot/exported/133200997/export-0a1e39c14ef328951498f893fc9f69d7-servo_bracket.res[39m[0m
[  83% ] [90m[1msavepack[22m | Storing File: res://.godot/imported/stage_wall.obj-86ef009b9eaa2c75f548fab7fc1abf98.mesh[39m[0m
[  83% ] [90m[1msavepack[22m | Storing File: res://assets/parts/stage_wall.obj.import[39m[0m
[  83% ] [90m[1msavepack[22m | Storing File: res://.godot/exported/133200997/export-3e4706fc003f2577b47edbbfd44157e0-stage_wall.res[39m[0m
[  83% ] [90m[1msavepack[22m | Storing File: res://.godot/imported/tb6612_driver.obj-4216fd5ceac5a691b1f0254d5f79f806.mesh[39m[0m
[  83% ] [90m[1msavepack[22m | Storing File: res://assets/parts/tb6612_driver.obj.import[39m[0m
[  83% ] [90m[1msavepack[22m | Storing File: res://.godot/exported/133200997/export-eddc4e64923a265fc3ebe46b953f598e-tb6612_driver.res[39m[0m
[  84% ] [90m[1msavepack[22m | Storing File: res://.godot/imported/tt_motor.obj-3e46b22c92c3e0057e4c17f8bc4de4b7.mesh[39m[0m
[  84% ] [90m[1msavepack[22m | Storing File: res://assets/parts/tt_motor.obj.import[39m[0m
[  84% ] [90m[1msavepack[22m | Storing File: res://.godot/exported/133200997/export-23fff782ea4d1bb64f7ca1a331feb8d4-tt_motor.res[39m[0m
[  84% ] [90m[1msavepack[22m | Storing File: res://.godot/imported/wheel_65.obj-01276acd5ca5357a0011dfb764a66fec.mesh[39m[0m
[  84% ] [90m[1msavepack[22m | Storing File: res://assets/parts/wheel_65.obj.import[39m[0m
[  84% ] [90m[1msavepack[22m | Storing File: res://.godot/exported/133200997/export-07558961bc321f59e9141ea9fc7853f5-wheel_65.res[39m[0m
[  85% ] [90m[1msavepack[22m | Storing File: res://assets/policies/yaw_biped_bounded_v2.json[39m[0m
[  85% ] [90m[1msavepack[22m | Storing File: res://assets/policies/yaw_biped_heading_v2.json[39m[0m
[  85% ] [90m[1msavepack[22m | Storing File: res://assets/policies/yaw_biped_v1.json[39m[0m
[  85% ] [90m[1msavepack[22m | Storing File: res://assets/policies/yaw_biped_v2.json[39m[0m
[  85% ] [90m[1msavepack[22m | Storing File: res://assets/stage_runtime_identity.json[39m[0m
[  86% ] [90m[1msavepack[22m | Storing File: res://presets/biped.gdc[39m[0m
[  86% ] [90m[1msavepack[22m | Storing File: res://presets/biped_gait.gdc[39m[0m
[  86% ] [90m[1msavepack[22m | Storing File: res://presets/biped_motion.gdc[39m[0m
[  86% ] [90m[1msavepack[22m | Storing File: res://presets/construction_kit_humanoid.gdc[39m[0m
[  87% ] [90m[1msavepack[22m | Storing File: res://presets/humanoid.gdc[39m[0m
[  87% ] [90m[1msavepack[22m | Storing File: res://presets/humanoid_motion.gdc[39m[0m
[  87% ] [90m[1msavepack[22m | Storing File: res://presets/modular_humanoid.gdc[39m[0m
[  87% ] [90m[1msavepack[22m | Storing File: res://presets/robot_car.gdc[39m[0m
[  87% ] [90m[1msavepack[22m | Storing File: res://presets/servo_arm.gdc[39m[0m
[  88% ] [90m[1msavepack[22m | Storing File: res://presets/yaw_biped.gdc[39m[0m
[  88% ] [90m[1msavepack[22m | Storing File: res://scenes/main.gdc[39m[0m
[  88% ] [90m[1msavepack[22m | Storing File: res://.godot/exported/133200997/export-3ad5c15c4f3250da0cc7c1af1770d85f-main.scn[39m[0m
[  88% ] [90m[1msavepack[22m | Storing File: res://src/assembly/assembly_mode.gdc[39m[0m
[  89% ] [90m[1msavepack[22m | Storing File: res://src/assembly/part_node.gdc[39m[0m
[  89% ] [90m[1msavepack[22m | Storing File: res://src/assembly/transform_gizmo.gdc[39m[0m
[  89% ] [90m[1msavepack[22m | Storing File: res://src/blocks/servo_program.gdc[39m[0m
[  89% ] [90m[1msavepack[22m | Storing File: res://src/core/app_controller.gdc[39m[0m
[  89% ] [90m[1msavepack[22m | Storing File: res://src/core/board_profile.gdc[39m[0m
[  90% ] [90m[1msavepack[22m | Storing File: res://src/core/connection_graph.gdc[39m[0m
[  90% ] [90m[1msavepack[22m | Storing File: res://src/core/part_def.gdc[39m[0m
[  90% ] [90m[1msavepack[22m | Storing File: res://src/core/port.gdc[39m[0m
[  90% ] [90m[1msavepack[22m | Storing File: res://src/core/project_store.gdc[39m[0m
[  91% ] [90m[1msavepack[22m | Storing File: res://src/core/stage_catalog.gdc[39m[0m
[  91% ] [90m[1msavepack[22m | Storing File: res://src/core/stage_definition.gdc[39m[0m
[  91% ] [90m[1msavepack[22m | Storing File: res://src/profiles/learner_program.gdc[39m[0m
[  91% ] [90m[1msavepack[22m | Storing File: res://src/runtime/bundled_biped_motion.gdc[39m[0m
[  91% ] [90m[1msavepack[22m | Storing File: res://src/runtime/drive_motor.gdc[39m[0m
[  92% ] [90m[1msavepack[22m | Storing File: res://src/runtime/kit_humanoid_motion.gdc[39m[0m
[  92% ] [90m[1msavepack[22m | Storing File: res://src/runtime/learned_biped_motion.gdc[39m[0m
[  92% ] [90m[1msavepack[22m | Storing File: res://src/runtime/manual_controller.gdc[39m[0m
[  92% ] [90m[1msavepack[22m | Storing File: res://src/runtime/mini_runtime.gdc[39m[0m
[  93% ] [90m[1msavepack[22m | Storing File: res://src/runtime/motion_lab_client.gdc[39m[0m
[  93% ] [90m[1msavepack[22m | Storing File: res://src/runtime/motion_policy.gdc[39m[0m
[  93% ] [90m[1msavepack[22m | Storing File: res://src/runtime/motion_snapshot.gdc[39m[0m
[  93% ] [90m[1msavepack[22m | Storing File: res://src/runtime/motion_trial.gdc[39m[0m
[  93% ] [90m[1msavepack[22m | Storing File: res://src/runtime/pickup_policy.gdc[39m[0m
[  94% ] [90m[1msavepack[22m | Storing File: res://src/runtime/pickup_scenario_store.gdc[39m[0m
[  94% ] [90m[1msavepack[22m | Storing File: res://src/runtime/pickup_trial.gdc[39m[0m
[  94% ] [90m[1msavepack[22m | Storing File: res://src/runtime/robot_motion_program.gdc[39m[0m
[  94% ] [90m[1msavepack[22m | Storing File: res://src/runtime/run_mode.gdc[39m[0m
[  95% ] [90m[1msavepack[22m | Storing File: res://src/runtime/servo_drive.gdc[39m[0m
[  95% ] [90m[1msavepack[22m | Storing File: res://src/runtime/sonar_sensor.gdc[39m[0m
[  95% ] [90m[1msavepack[22m | Storing File: res://src/runtime/stage_evaluator.gdc[39m[0m
[  95% ] [90m[1msavepack[22m | Storing File: res://src/runtime/wiring.gdc[39m[0m
[  95% ] [90m[1msavepack[22m | Storing File: res://src/ui/blender_camera.gdc[39m[0m
[  96% ] [90m[1msavepack[22m | Storing File: res://src/ui/block_program_panel.gdc[39m[0m
[  96% ] [90m[1msavepack[22m | Storing File: res://src/ui/browser_evidence.gdc[39m[0m
[  96% ] [90m[1msavepack[22m | Storing File: res://src/ui/flag_mission.gdc[39m[0m
[  96% ] [90m[1msavepack[22m | Storing File: res://src/ui/fly_camera.gdc[39m[0m
[  97% ] [90m[1msavepack[22m | Storing File: res://src/ui/motion_lab_panel.gdc[39m[0m
[  97% ] [90m[1msavepack[22m | Storing File: res://src/ui/pickup_lab_panel.gdc[39m[0m
[  97% ] [90m[1msavepack[22m | Storing File: res://src/ui/project_panel.gdc[39m[0m
[  97% ] [90m[1msavepack[22m | Storing File: res://src/ui/ssok_locale.gdc[39m[0m
[  97% ] [90m[1msavepack[22m | Storing File: res://src/ui/ssok_theme.gdc[39m[0m
[  98% ] [90m[1msavepack[22m | Storing File: res://src/ui/stage_panel.gdc[39m[0m
[  98% ] [90m[1msavepack[22m | Storing File: res://src/ui/tutorial_panel.gdc[39m[0m
[  98% ] [90m[1msavepack[22m | Storing File: res://src/ui/web_clipboard.gdc[39m[0m
[  98% ] [90m[1msavepack[22m | Storing File: res://src/ui/wiring_panel.gdc[39m[0m
[  98% ] [90m[1msavepack[22m | Storing File: res://addons/beehave/debug/debugger.gd.remap[39m[0m
[  98% ] [90m[1msavepack[22m | Storing File: res://addons/beehave/debug/debugger_messages.gd.remap[39m[0m
[  98% ] [90m[1msavepack[22m | Storing File: res://addons/beehave/debug/debugger_tab.gd.remap[39m[0m
[  98% ] [90m[1msavepack[22m | Storing File: res://addons/beehave/debug/global_debugger.gd.remap[39m[0m
[  98% ] [90m[1msavepack[22m | Storing File: res://addons/beehave/debug/new_frames.gd.remap[39m[0m
[  98% ] [90m[1msavepack[22m | Storing File: res://addons/beehave/debug/new_graph_edit.gd.remap[39m[0m
[  98% ] [90m[1msavepack[22m | Storing File: res://addons/beehave/debug/new_graph_node.gd.remap[39m[0m
[  98% ] [90m[1msavepack[22m | Storing File: res://addons/beehave/debug/new_node_blackboard.gd.remap[39m[0m
[  98% ] [90m[1msavepack[22m | Storing File: res://addons/beehave/debug/old_frames.gd.remap[39m[0m
[  98% ] [90m[1msavepack[22m | Storing File: res://addons/beehave/debug/old_graph_edit.gd.remap[39m[0m
[  98% ] [90m[1msavepack[22m | Storing File: res://addons/beehave/debug/old_graph_node.gd.remap[39m[0m
[  98% ] [90m[1msavepack[22m | Storing File: res://addons/beehave/debug/tree_node.gd.remap[39m[0m
[  98% ] [90m[1msavepack[22m | Storing File: res://addons/beehave/metrics/beehave_global_metrics.gd.remap[39m[0m
[  98% ] [90m[1msavepack[22m | Storing File: res://addons/beehave/nodes/composites/composite.gd.remap[39m[0m
[  98% ] [90m[1msavepack[22m | Storing File: res://addons/beehave/nodes/composites/randomized_composite.gd.remap[39m[0m
[  98% ] [90m[1msavepack[22m | Storing File: res://addons/beehave/nodes/composites/selector.gd.remap[39m[0m
[  98% ] [90m[1msavepack[22m | Storing File: res://addons/beehave/nodes/composites/selector_random.gd.remap[39m[0m
[  98% ] [90m[1msavepack[22m | Storing File: res://addons/beehave/nodes/composites/selector_reactive.gd.remap[39m[0m
[  98% ] [90m[1msavepack[22m | Storing File: res://addons/beehave/nodes/composites/sequence.gd.remap[39m[0m
[  98% ] [90m[1msavepack[22m | Storing File: res://addons/beehave/nodes/composites/sequence_random.gd.remap[39m[0m
[  98% ] [90m[1msavepack[22m | Storing File: res://addons/beehave/nodes/composites/sequence_reactive.gd.remap[39m[0m
[  98% ] [90m[1msavepack[22m | Storing File: res://addons/beehave/nodes/composites/sequence_star.gd.remap[39m[0m
[  98% ] [90m[1msavepack[22m | Storing File: res://addons/beehave/nodes/composites/simple_parallel.gd.remap[39m[0m
[  98% ] [90m[1msavepack[22m | Storing File: res://addons/beehave/nodes/decorators/cooldown.gd.remap[39m[0m
[  98% ] [90m[1msavepack[22m | Storing File: res://addons/beehave/nodes/decorators/decorator.gd.remap[39m[0m
[  98% ] [90m[1msavepack[22m | Storing File: res://addons/beehave/nodes/decorators/delayer.gd.remap[39m[0m
[  98% ] [90m[1msavepack[22m | Storing File: res://addons/beehave/nodes/decorators/failer.gd.remap[39m[0m
[  98% ] [90m[1msavepack[22m | Storing File: res://addons/beehave/nodes/decorators/inverter.gd.remap[39m[0m
[  98% ] [90m[1msavepack[22m | Storing File: res://addons/beehave/nodes/decorators/limiter.gd.remap[39m[0m
[  98% ] [90m[1msavepack[22m | Storing File: res://addons/beehave/nodes/decorators/repeater.gd.remap[39m[0m
[  98% ] [90m[1msavepack[22m | Storing File: res://addons/beehave/nodes/decorators/succeeder.gd.remap[39m[0m
[  98% ] [90m[1msavepack[22m | Storing File: res://addons/beehave/nodes/decorators/time_limiter.gd.remap[39m[0m
[  98% ] [90m[1msavepack[22m | Storing File: res://addons/beehave/nodes/decorators/until_fail.gd.remap[39m[0m
[  98% ] [90m[1msavepack[22m | Storing File: res://addons/beehave/nodes/leaves/action.gd.remap[39m[0m
[  98% ] [90m[1msavepack[22m | Storing File: res://addons/beehave/nodes/leaves/blackboard_compare.gd.remap[39m[0m
[  98% ] [90m[1msavepack[22m | Storing File: res://addons/beehave/nodes/leaves/blackboard_erase.gd.remap[39m[0m
[  98% ] [90m[1msavepack[22m | Storing File: res://addons/beehave/nodes/leaves/blackboard_has.gd.remap[39m[0m
[  98% ] [90m[1msavepack[22m | Storing File: res://addons/beehave/nodes/leaves/blackboard_set.gd.remap[39m[0m
[  98% ] [90m[1msavepack[22m | Storing File: res://addons/beehave/nodes/leaves/condition.gd.remap[39m[0m
[  98% ] [90m[1msavepack[22m | Storing File: res://addons/beehave/nodes/leaves/leaf.gd.remap[39m[0m
[  98% ] [90m[1msavepack[22m | Storing File: res://addons/beehave/nodes/beehave_node.gd.remap[39m[0m
[  98% ] [90m[1msavepack[22m | Storing File: res://addons/beehave/nodes/beehave_tree.gd.remap[39m[0m
[  98% ] [90m[1msavepack[22m | Storing File: res://addons/beehave/utils/utils.gd.remap[39m[0m
[  98% ] [90m[1msavepack[22m | Storing File: res://addons/beehave/blackboard.gd.remap[39m[0m
[  98% ] [90m[1msavepack[22m | Storing File: res://addons/beehave/plugin.gd.remap[39m[0m
[  98% ] [90m[1msavepack[22m | Storing File: res://addons/godot_state_charts/utilities/editor_debugger/editor_debugger.gd.remap[39m[0m
[  98% ] [90m[1msavepack[22m | Storing File: res://addons/godot_state_charts/utilities/editor_debugger/editor_debugger.tscn.remap[39m[0m
[  98% ] [90m[1msavepack[22m | Storing File: res://addons/godot_state_charts/utilities/editor_debugger/editor_debugger_message.gd.remap[39m[0m
[  98% ] [90m[1msavepack[22m | Storing File: res://addons/godot_state_charts/utilities/editor_debugger/editor_debugger_plugin.gd.remap[39m[0m
[  98% ] [90m[1msavepack[22m | Storing File: res://addons/godot_state_charts/utilities/editor_debugger/editor_debugger_remote.gd.remap[39m[0m
[  98% ] [90m[1msavepack[22m | Storing File: res://addons/godot_state_charts/utilities/editor_debugger/editor_debugger_settings_propagator.gd.remap[39m[0m
[  98% ] [90m[1msavepack[22m | Storing File: res://addons/godot_state_charts/utilities/editor_debugger/editor_debugger_state_info.gd.remap[39m[0m
[  98% ] [90m[1msavepack[22m | Storing File: res://addons/godot_state_charts/utilities/event_editor/event_editor.gd.remap[39m[0m
[  98% ] [90m[1msavepack[22m | Storing File: res://addons/godot_state_charts/utilities/event_editor/event_inspector_plugin.gd.remap[39m[0m
[  98% ] [90m[1msavepack[22m | Storing File: res://addons/godot_state_charts/utilities/event_refactor/event_refactor.gd.remap[39m[0m
[  98% ] [90m[1msavepack[22m | Storing File: res://addons/godot_state_charts/utilities/event_refactor/event_refactor.tscn.remap[39m[0m
[  98% ] [90m[1msavepack[22m | Storing File: res://addons/godot_state_charts/utilities/debugger_history.gd.remap[39m[0m
[  98% ] [90m[1msavepack[22m | Storing File: res://addons/godot_state_charts/utilities/editor_sidebar.gd.remap[39m[0m
[  98% ] [90m[1msavepack[22m | Storing File: res://addons/godot_state_charts/utilities/editor_sidebar.tscn.remap[39m[0m
[  98% ] [90m[1msavepack[22m | Storing File: res://addons/godot_state_charts/utilities/ring_buffer.gd.remap[39m[0m
[  98% ] [90m[1msavepack[22m | Storing File: res://addons/godot_state_charts/utilities/state_chart_debugger.gd.remap[39m[0m
[  98% ] [90m[1msavepack[22m | Storing File: res://addons/godot_state_charts/utilities/state_chart_debugger.tscn.remap[39m[0m
[  98% ] [90m[1msavepack[22m | Storing File: res://addons/godot_state_charts/utilities/state_chart_util.gd.remap[39m[0m
[  98% ] [90m[1msavepack[22m | Storing File: res://addons/godot_state_charts/all_of_guard.gd.remap[39m[0m
[  98% ] [90m[1msavepack[22m | Storing File: res://addons/godot_state_charts/animation_player_state.gd.remap[39m[0m
[  98% ] [90m[1msavepack[22m | Storing File: res://addons/godot_state_charts/animation_tree_state.gd.remap[39m[0m
[  98% ] [90m[1msavepack[22m | Storing File: res://addons/godot_state_charts/any_of_guard.gd.remap[39m[0m
[  98% ] [90m[1msavepack[22m | Storing File: res://addons/godot_state_charts/atomic_state.gd.remap[39m[0m
[  98% ] [90m[1msavepack[22m | Storing File: res://addons/godot_state_charts/compound_state.gd.remap[39m[0m
[  98% ] [90m[1msavepack[22m | Storing File: res://addons/godot_state_charts/debug_util.gd.remap[39m[0m
[  98% ] [90m[1msavepack[22m | Storing File: res://addons/godot_state_charts/expression_guard.gd.remap[39m[0m
[  98% ] [90m[1msavepack[22m | Storing File: res://addons/godot_state_charts/expression_util.gd.remap[39m[0m
[  98% ] [90m[1msavepack[22m | Storing File: res://addons/godot_state_charts/godot_state_charts.gd.remap[39m[0m
[  98% ] [90m[1msavepack[22m | Storing File: res://addons/godot_state_charts/guard.gd.remap[39m[0m
[  98% ] [90m[1msavepack[22m | Storing File: res://addons/godot_state_charts/history_state.gd.remap[39m[0m
[  98% ] [90m[1msavepack[22m | Storing File: res://addons/godot_state_charts/not_guard.gd.remap[39m[0m
[  98% ] [90m[1msavepack[22m | Storing File: res://addons/godot_state_charts/parallel_state.gd.remap[39m[0m
[  98% ] [90m[1msavepack[22m | Storing File: res://addons/godot_state_charts/saved_state.gd.remap[39m[0m
[  98% ] [90m[1msavepack[22m | Storing File: res://addons/godot_state_charts/serialized_state_chart.gd.remap[39m[0m
[  98% ] [90m[1msavepack[22m | Storing File: res://addons/godot_state_charts/serialized_state_chart_state.gd.remap[39m[0m
[  98% ] [90m[1msavepack[22m | Storing File: res://addons/godot_state_charts/state_chart.gd.remap[39m[0m
[  98% ] [90m[1msavepack[22m | Storing File: res://addons/godot_state_charts/state_chart_serializer.gd.remap[39m[0m
[  98% ] [90m[1msavepack[22m | Storing File: res://addons/godot_state_charts/state_chart_state.gd.remap[39m[0m
[  98% ] [90m[1msavepack[22m | Storing File: res://addons/godot_state_charts/state_is_active_guard.gd.remap[39m[0m
[  98% ] [90m[1msavepack[22m | Storing File: res://addons/godot_state_charts/transition.gd.remap[39m[0m
[  98% ] [90m[1msavepack[22m | Storing File: res://assets/construction_kit/parts/kit_angle_bracket.tres.remap[39m[0m
[  98% ] [90m[1msavepack[22m | Storing File: res://assets/construction_kit/parts/kit_beam_60.tres.remap[39m[0m
[  98% ] [90m[1msavepack[22m | Storing File: res://assets/construction_kit/parts/kit_beam_100.tres.remap[39m[0m
[  98% ] [90m[1msavepack[22m | Storing File: res://assets/construction_kit/parts/kit_beam_140.tres.remap[39m[0m
[  98% ] [90m[1msavepack[22m | Storing File: res://assets/construction_kit/parts/kit_beam_180.tres.remap[39m[0m
[  98% ] [90m[1msavepack[22m | Storing File: res://assets/construction_kit/parts/kit_beam_240.tres.remap[39m[0m
[  98% ] [90m[1msavepack[22m | Storing File: res://assets/construction_kit/parts/kit_beam_260.tres.remap[39m[0m
[  98% ] [90m[1msavepack[22m | Storing File: res://assets/construction_kit/parts/kit_bolt_4.tres.remap[39m[0m
[  98% ] [90m[1msavepack[22m | Storing File: res://assets/construction_kit/parts/kit_controller.tres.remap[39m[0m
[  98% ] [90m[1msavepack[22m | Storing File: res://assets/construction_kit/parts/kit_controller_16.tres.remap[39m[0m
[  98% ] [90m[1msavepack[22m | Storing File: res://assets/construction_kit/parts/kit_coupler_8.tres.remap[39m[0m
[  98% ] [90m[1msavepack[22m | Storing File: res://assets/construction_kit/parts/kit_motor_12.tres.remap[39m[0m
[  98% ] [90m[1msavepack[22m | Storing File: res://assets/construction_kit/parts/kit_motor_35.tres.remap[39m[0m
[  98% ] [90m[1msavepack[22m | Storing File: res://assets/construction_kit/parts/kit_nut_4.tres.remap[39m[0m
[  98% ] [90m[1msavepack[22m | Storing File: res://assets/construction_kit/parts/kit_optical_sensor.tres.remap[39m[0m
[  98% ] [90m[1msavepack[22m | Storing File: res://assets/construction_kit/parts/kit_plate_60_40.tres.remap[39m[0m
[  98% ] [90m[1msavepack[22m | Storing File: res://assets/construction_kit/parts/kit_plate_60_60.tres.remap[39m[0m
[  98% ] [90m[1msavepack[22m | Storing File: res://assets/construction_kit/parts/kit_plate_80_60.tres.remap[39m[0m
[  98% ] [90m[1msavepack[22m | Storing File: res://assets/construction_kit/parts/kit_plate_120_80.tres.remap[39m[0m
[  98% ] [90m[1msavepack[22m | Storing File: res://assets/construction_kit/parts/kit_plate_160_60.tres.remap[39m[0m
[  98% ] [90m[1msavepack[22m | Storing File: res://assets/construction_kit/parts/kit_plate_220_120.tres.remap[39m[0m
[  98% ] [90m[1msavepack[22m | Storing File: res://assets/construction_kit/parts/kit_rubber_pad.tres.remap[39m[0m
[  98% ] [90m[1msavepack[22m | Storing File: res://assets/construction_kit/parts/kit_spacer_20.tres.remap[39m[0m
[  98% ] [90m[1msavepack[22m | Storing File: res://assets/construction_kit/parts/kit_u_bracket_large.tres.remap[39m[0m
[  98% ] [90m[1msavepack[22m | Storing File: res://assets/construction_kit/parts/kit_u_bracket_small.tres.remap[39m[0m
[  98% ] [90m[1msavepack[22m | Storing File: res://assets/humanoid/cargo_box.tres.remap[39m[0m
[  98% ] [90m[1msavepack[22m | Storing File: res://assets/humanoid/humanoid_board.tres.remap[39m[0m
[  98% ] [90m[1msavepack[22m | Storing File: res://assets/humanoid/humanoid_foot.tres.remap[39m[0m
[  98% ] [90m[1msavepack[22m | Storing File: res://assets/humanoid/humanoid_forearm.tres.remap[39m[0m
[  98% ] [90m[1msavepack[22m | Storing File: res://assets/humanoid/humanoid_head.tres.remap[39m[0m
[  98% ] [90m[1msavepack[22m | Storing File: res://assets/humanoid/humanoid_shin.tres.remap[39m[0m
[  98% ] [90m[1msavepack[22m | Storing File: res://assets/humanoid/humanoid_thigh.tres.remap[39m[0m
[  98% ] [90m[1msavepack[22m | Storing File: res://assets/humanoid/humanoid_torso.tres.remap[39m[0m
[  98% ] [90m[1msavepack[22m | Storing File: res://assets/humanoid/humanoid_upper_arm.tres.remap[39m[0m
[  98% ] [90m[1msavepack[22m | Storing File: res://assets/learning_biped/parts/learning_hc_sr04.tres.remap[39m[0m
[  98% ] [90m[1msavepack[22m | Storing File: res://assets/learning_biped/parts/torque_micro_servo.tres.remap[39m[0m
[  98% ] [90m[1msavepack[22m | Storing File: res://assets/learning_biped/parts/yaw_biped_body.tres.remap[39m[0m
[  98% ] [90m[1msavepack[22m | Storing File: res://assets/learning_biped/parts/yaw_leg_link.tres.remap[39m[0m
[  98% ] [90m[1msavepack[22m | Storing File: res://assets/materials/arm_body.tres.remap[39m[0m
[  98% ] [90m[1msavepack[22m | Storing File: res://assets/materials/base_body.tres.remap[39m[0m
[  98% ] [90m[1msavepack[22m | Storing File: res://assets/materials/black.tres.remap[39m[0m
[  98% ] [90m[1msavepack[22m | Storing File: res://assets/materials/board_body.tres.remap[39m[0m
[  98% ] [90m[1msavepack[22m | Storing File: res://assets/materials/bracket_metal.tres.remap[39m[0m
[  98% ] [90m[1msavepack[22m | Storing File: res://assets/materials/brown.tres.remap[39m[0m
[  98% ] [90m[1msavepack[22m | Storing File: res://assets/materials/chassis_metal.tres.remap[39m[0m
[  98% ] [90m[1msavepack[22m | Storing File: res://assets/materials/cream.tres.remap[39m[0m
[  98% ] [90m[1msavepack[22m | Storing File: res://assets/materials/detail_amber.tres.remap[39m[0m
[  98% ] [90m[1msavepack[22m | Storing File: res://assets/materials/detail_copper.tres.remap[39m[0m
[  98% ] [90m[1msavepack[22m | Storing File: res://assets/materials/detail_graphite.tres.remap[39m[0m
[  98% ] [90m[1msavepack[22m | Storing File: res://assets/materials/detail_steel.tres.remap[39m[0m
[  98% ] [90m[1msavepack[22m | Storing File: res://assets/materials/detail_teal.tres.remap[39m[0m
[  98% ] [90m[1msavepack[22m | Storing File: res://assets/materials/detail_white.tres.remap[39m[0m
[  98% ] [90m[1msavepack[22m | Storing File: res://assets/materials/gold.tres.remap[39m[0m
[  98% ] [90m[1msavepack[22m | Storing File: res://assets/materials/orange.tres.remap[39m[0m
[  98% ] [90m[1msavepack[22m | Storing File: res://assets/materials/red.tres.remap[39m[0m
[  98% ] [90m[1msavepack[22m | Storing File: res://assets/materials/rim_yellow.tres.remap[39m[0m
[  98% ] [90m[1msavepack[22m | Storing File: res://assets/materials/rubber.tres.remap[39m[0m
[  98% ] [90m[1msavepack[22m | Storing File: res://assets/materials/sensor_blue.tres.remap[39m[0m
[  98% ] [90m[1msavepack[22m | Storing File: res://assets/materials/servo_blue.tres.remap[39m[0m
[  98% ] [90m[1msavepack[22m | Storing File: res://assets/materials/servo_body.tres.remap[39m[0m
[  98% ] [90m[1msavepack[22m | Storing File: res://assets/materials/shell.tres.remap[39m[0m
[  98% ] [90m[1msavepack[22m | Storing File: res://assets/materials/silver.tres.remap[39m[0m
[  98% ] [90m[1msavepack[22m | Storing File: res://assets/materials/temporary_cutter.tres.remap[39m[0m
[  98% ] [90m[1msavepack[22m | Storing File: res://assets/materials/tt_yellow.tres.remap[39m[0m
[  98% ] [90m[1msavepack[22m | Storing File: res://assets/materials/uno_blue.tres.remap[39m[0m
[  98% ] [90m[1msavepack[22m | Storing File: res://assets/modular_humanoid/parts/modular_ankle_servo.tres.remap[39m[0m
[  98% ] [90m[1msavepack[22m | Storing File: res://assets/modular_humanoid/parts/modular_arm_bracket.tres.remap[39m[0m
[  98% ] [90m[1msavepack[22m | Storing File: res://assets/modular_humanoid/parts/modular_chest_shell.tres.remap[39m[0m
[  98% ] [90m[1msavepack[22m | Storing File: res://assets/modular_humanoid/parts/modular_controller.tres.remap[39m[0m
[  98% ] [90m[1msavepack[22m | Storing File: res://assets/modular_humanoid/parts/modular_elbow_servo.tres.remap[39m[0m
[  98% ] [90m[1msavepack[22m | Storing File: res://assets/modular_humanoid/parts/modular_foot.tres.remap[39m[0m
[  98% ] [90m[1msavepack[22m | Storing File: res://assets/modular_humanoid/parts/modular_forearm_frame.tres.remap[39m[0m
[  98% ] [90m[1msavepack[22m | Storing File: res://assets/modular_humanoid/parts/modular_gripper_hand.tres.remap[39m[0m
[  98% ] [90m[1msavepack[22m | Storing File: res://assets/modular_humanoid/parts/modular_head_shell.tres.remap[39m[0m
[  98% ] [90m[1msavepack[22m | Storing File: res://assets/modular_humanoid/parts/modular_hip_servo.tres.remap[39m[0m
[  98% ] [90m[1msavepack[22m | Storing File: res://assets/modular_humanoid/parts/modular_knee_servo.tres.remap[39m[0m
[  98% ] [90m[1msavepack[22m | Storing File: res://assets/modular_humanoid/parts/modular_leg_bracket.tres.remap[39m[0m
[  98% ] [90m[1msavepack[22m | Storing File: res://assets/modular_humanoid/parts/modular_pelvis_shell.tres.remap[39m[0m
[  98% ] [90m[1msavepack[22m | Storing File: res://assets/modular_humanoid/parts/modular_shin_frame.tres.remap[39m[0m
[  98% ] [90m[1msavepack[22m | Storing File: res://assets/modular_humanoid/parts/modular_shoulder_servo.tres.remap[39m[0m
[  98% ] [90m[1msavepack[22m | Storing File: res://assets/modular_humanoid/parts/modular_thigh_frame.tres.remap[39m[0m
[  98% ] [90m[1msavepack[22m | Storing File: res://assets/modular_humanoid/parts/modular_torso_frame.tres.remap[39m[0m
[  98% ] [90m[1msavepack[22m | Storing File: res://assets/modular_humanoid/parts/modular_upper_arm_frame.tres.remap[39m[0m
[  98% ] [90m[1msavepack[22m | Storing File: res://assets/parts/arduino_uno.tres.remap[39m[0m
[  98% ] [90m[1msavepack[22m | Storing File: res://assets/parts/arm_link.tres.remap[39m[0m
[  98% ] [90m[1msavepack[22m | Storing File: res://assets/parts/ball_caster.tres.remap[39m[0m
[  98% ] [90m[1msavepack[22m | Storing File: res://assets/parts/base.tres.remap[39m[0m
[  98% ] [90m[1msavepack[22m | Storing File: res://assets/parts/biped_body.tres.remap[39m[0m
[  98% ] [90m[1msavepack[22m | Storing File: res://assets/parts/board.tres.remap[39m[0m
[  98% ] [90m[1msavepack[22m | Storing File: res://assets/parts/car_chassis.tres.remap[39m[0m
[  98% ] [90m[1msavepack[22m | Storing File: res://assets/parts/chassis_plate.tres.remap[39m[0m
[  98% ] [90m[1msavepack[22m | Storing File: res://assets/parts/foot.tres.remap[39m[0m
[  98% ] [90m[1msavepack[22m | Storing File: res://assets/parts/hc_sr04.tres.remap[39m[0m
[  98% ] [90m[1msavepack[22m | Storing File: res://assets/parts/leg_link.tres.remap[39m[0m
[  98% ] [90m[1msavepack[22m | Storing File: res://assets/parts/microbit.tres.remap[39m[0m
[  98% ] [90m[1msavepack[22m | Storing File: res://assets/parts/motor_driver.tres.remap[39m[0m
[  98% ] [90m[1msavepack[22m | Storing File: res://assets/parts/servo.tres.remap[39m[0m
[  98% ] [90m[1msavepack[22m | Storing File: res://assets/parts/servo_bracket.tres.remap[39m[0m
[  98% ] [90m[1msavepack[22m | Storing File: res://assets/parts/stage_wall.tres.remap[39m[0m
[  98% ] [90m[1msavepack[22m | Storing File: res://assets/parts/tb6612_driver.tres.remap[39m[0m
[  98% ] [90m[1msavepack[22m | Storing File: res://assets/parts/tt_motor.tres.remap[39m[0m
[  98% ] [90m[1msavepack[22m | Storing File: res://assets/parts/wheel_65.tres.remap[39m[0m
[  98% ] [90m[1msavepack[22m | Storing File: res://presets/biped.gd.remap[39m[0m
[  98% ] [90m[1msavepack[22m | Storing File: res://presets/biped_gait.gd.remap[39m[0m
[  98% ] [90m[1msavepack[22m | Storing File: res://presets/biped_motion.gd.remap[39m[0m
[  98% ] [90m[1msavepack[22m | Storing File: res://presets/construction_kit_humanoid.gd.remap[39m[0m
[  98% ] [90m[1msavepack[22m | Storing File: res://presets/humanoid.gd.remap[39m[0m
[  98% ] [90m[1msavepack[22m | Storing File: res://presets/humanoid_motion.gd.remap[39m[0m
[  98% ] [90m[1msavepack[22m | Storing File: res://presets/modular_humanoid.gd.remap[39m[0m
[  98% ] [90m[1msavepack[22m | Storing File: res://presets/robot_car.gd.remap[39m[0m
[  98% ] [90m[1msavepack[22m | Storing File: res://presets/servo_arm.gd.remap[39m[0m
[  98% ] [90m[1msavepack[22m | Storing File: res://presets/yaw_biped.gd.remap[39m[0m
[  98% ] [90m[1msavepack[22m | Storing File: res://scenes/main.gd.remap[39m[0m
[  98% ] [90m[1msavepack[22m | Storing File: res://scenes/main.tscn.remap[39m[0m
[  98% ] [90m[1msavepack[22m | Storing File: res://src/assembly/assembly_mode.gd.remap[39m[0m
[  98% ] [90m[1msavepack[22m | Storing File: res://src/assembly/part_node.gd.remap[39m[0m
[  98% ] [90m[1msavepack[22m | Storing File: res://src/assembly/transform_gizmo.gd.remap[39m[0m
[  98% ] [90m[1msavepack[22m | Storing File: res://src/blocks/servo_program.gd.remap[39m[0m
[  98% ] [90m[1msavepack[22m | Storing File: res://src/core/app_controller.gd.remap[39m[0m
[  98% ] [90m[1msavepack[22m | Storing File: res://src/core/board_profile.gd.remap[39m[0m
[  98% ] [90m[1msavepack[22m | Storing File: res://src/core/connection_graph.gd.remap[39m[0m
[  98% ] [90m[1msavepack[22m | Storing File: res://src/core/part_def.gd.remap[39m[0m
[  98% ] [90m[1msavepack[22m | Storing File: res://src/core/port.gd.remap[39m[0m
[  98% ] [90m[1msavepack[22m | Storing File: res://src/core/project_store.gd.remap[39m[0m
[  98% ] [90m[1msavepack[22m | Storing File: res://src/core/stage_catalog.gd.remap[39m[0m
[  98% ] [90m[1msavepack[22m | Storing File: res://src/core/stage_definition.gd.remap[39m[0m
[  98% ] [90m[1msavepack[22m | Storing File: res://src/profiles/learner_program.gd.remap[39m[0m
[  98% ] [90m[1msavepack[22m | Storing File: res://src/runtime/bundled_biped_motion.gd.remap[39m[0m
[  98% ] [90m[1msavepack[22m | Storing File: res://src/runtime/drive_motor.gd.remap[39m[0m
[  98% ] [90m[1msavepack[22m | Storing File: res://src/runtime/kit_humanoid_motion.gd.remap[39m[0m
[  98% ] [90m[1msavepack[22m | Storing File: res://src/runtime/learned_biped_motion.gd.remap[39m[0m
[  98% ] [90m[1msavepack[22m | Storing File: res://src/runtime/manual_controller.gd.remap[39m[0m
[  98% ] [90m[1msavepack[22m | Storing File: res://src/runtime/mini_runtime.gd.remap[39m[0m
[  98% ] [90m[1msavepack[22m | Storing File: res://src/runtime/motion_lab_client.gd.remap[39m[0m
[  98% ] [90m[1msavepack[22m | Storing File: res://src/runtime/motion_policy.gd.remap[39m[0m
[  98% ] [90m[1msavepack[22m | Storing File: res://src/runtime/motion_snapshot.gd.remap[39m[0m
[  98% ] [90m[1msavepack[22m | Storing File: res://src/runtime/motion_trial.gd.remap[39m[0m
[  98% ] [90m[1msavepack[22m | Storing File: res://src/runtime/pickup_policy.gd.remap[39m[0m
[  98% ] [90m[1msavepack[22m | Storing File: res://src/runtime/pickup_scenario_store.gd.remap[39m[0m
[  98% ] [90m[1msavepack[22m | Storing File: res://src/runtime/pickup_trial.gd.remap[39m[0m
[  98% ] [90m[1msavepack[22m | Storing File: res://src/runtime/robot_motion_program.gd.remap[39m[0m
[  98% ] [90m[1msavepack[22m | Storing File: res://src/runtime/run_mode.gd.remap[39m[0m
[  98% ] [90m[1msavepack[22m | Storing File: res://src/runtime/servo_drive.gd.remap[39m[0m
[  98% ] [90m[1msavepack[22m | Storing File: res://src/runtime/sonar_sensor.gd.remap[39m[0m
[  98% ] [90m[1msavepack[22m | Storing File: res://src/runtime/stage_evaluator.gd.remap[39m[0m
[  98% ] [90m[1msavepack[22m | Storing File: res://src/runtime/wiring.gd.remap[39m[0m
[  98% ] [90m[1msavepack[22m | Storing File: res://src/ui/blender_camera.gd.remap[39m[0m
[  98% ] [90m[1msavepack[22m | Storing File: res://src/ui/block_program_panel.gd.remap[39m[0m
[  98% ] [90m[1msavepack[22m | Storing File: res://src/ui/browser_evidence.gd.remap[39m[0m
[  98% ] [90m[1msavepack[22m | Storing File: res://src/ui/flag_mission.gd.remap[39m[0m
[  98% ] [90m[1msavepack[22m | Storing File: res://src/ui/fly_camera.gd.remap[39m[0m
[  98% ] [90m[1msavepack[22m | Storing File: res://src/ui/motion_lab_panel.gd.remap[39m[0m
[  98% ] [90m[1msavepack[22m | Storing File: res://src/ui/pickup_lab_panel.gd.remap[39m[0m
[  98% ] [90m[1msavepack[22m | Storing File: res://src/ui/project_panel.gd.remap[39m[0m
[  98% ] [90m[1msavepack[22m | Storing File: res://src/ui/ssok_locale.gd.remap[39m[0m
[  98% ] [90m[1msavepack[22m | Storing File: res://src/ui/ssok_theme.gd.remap[39m[0m
[  98% ] [90m[1msavepack[22m | Storing File: res://src/ui/stage_panel.gd.remap[39m[0m
[  98% ] [90m[1msavepack[22m | Storing File: res://src/ui/tutorial_panel.gd.remap[39m[0m
[  98% ] [90m[1msavepack[22m | Storing File: res://src/ui/web_clipboard.gd.remap[39m[0m
[  98% ] [90m[1msavepack[22m | Storing File: res://src/ui/wiring_panel.gd.remap[39m[0m
[  98% ] [90m[1msavepack[22m | Storing File: res://.godot/global_script_class_cache.cfg[39m[0m
[  98% ] [90m[1msavepack[22m | Storing File: res://assets/branding/ssok.svg[39m[0m
[  98% ] [90m[1msavepack[22m | Storing File: res://assets/branding/ssok.png[39m[0m
[  98% ] [90m[1msavepack[22m | Storing File: res://.godot/uid_cache.bin[39m[0m
Export: Using editor embedded text server data, text display in the exported project might be broken if export template was built with different ICU version!
[  98% ] [90m[1msavepack[22m | Storing File: res://icudt_godot.dat[39m[0m
[  98% ] [90m[1msavepack[22m | Storing File: res://project.binary[39m[0m
[92m[ DONE ][39m [1msavepack[22m
[0m
