fresh-60 load
fresh-60 settle
fresh-60 measure
fresh-60 stop
fresh-60 complete
fresh-60 PASS
fresh-90 load
fresh-90 settle
fresh-90 measure
fresh-90 stop
fresh-90 complete
fresh-90 PASS
fresh-150 load
fresh-150 settle
fresh-150 measure
fresh-150 stop
fresh-150 complete
fresh-150 PASS
restart-21-18 load
restart-21-18 settle
restart-21-18 warmup
restart-21-18 pause
restart-21-18 measure
restart-21-18 stop
restart-21-18 complete
restart-21-18 PASS
restart-120-60 load
restart-120-60 settle
restart-120-60 warmup
restart-120-60 pause
restart-120-60 measure
restart-120-60 stop
restart-120-60 complete
restart-120-60 PASS
restart-222-180 load
restart-222-180 settle
restart-222-180 warmup
restart-222-180 pause
restart-222-180 measure
restart-222-180 stop
restart-222-180 complete
restart-222-180 PASS
