RUN  import
PASS import (3.8s)
RUN  scene-load
PASS scene-load (0.6s)
RUN  assembly_snap_check
PASS assembly_snap_check (0.3s)
RUN  authoring_ui_check
PASS authoring_ui_check (0.7s)
RUN  biped_app_check
PASS biped_app_check (3.0s)
RUN  biped_board_clearance_check
PASS biped_board_clearance_check (0.6s)
RUN  biped_motion_check
PASS biped_motion_check (3.6s)
RUN  blender_camera_check
PASS blender_camera_check (0.3s)
RUN  blender_edit_check
PASS blender_edit_check (0.3s)
RUN  block_program_check
PASS block_program_check (0.5s)
RUN  browser_evidence_check
PASS browser_evidence_check (1.1s)
RUN  construction_kit_check
PASS construction_kit_check (0.7s)
RUN  construction_kit_motion_check
PASS construction_kit_motion_check (5.9s)
RUN  construction_kit_store_check
PASS construction_kit_store_check (1.5s)
RUN  construction_kit_ui_check
PASS construction_kit_ui_check (0.9s)
RUN  control_flow_check
PASS control_flow_check (0.6s)
RUN  core_authoring_check
PASS core_authoring_check (0.8s)
RUN  humanoid_contract_check
PASS humanoid_contract_check (0.3s)
RUN  humanoid_motion_check-walk
PASS humanoid_motion_check-walk (1.1s)
RUN  humanoid_motion_check-backward
PASS humanoid_motion_check-backward (1.1s)
RUN  humanoid_motion_check-pick
PASS humanoid_motion_check-pick (1.2s)
RUN  humanoid_motion_check-run
PASS humanoid_motion_check-run (1.1s)
RUN  humanoid_motion_check-walk-reverse-links
PASS humanoid_motion_check-walk-reverse-links (1.2s)
RUN  humanoid_motion_check-run-reverse-links
PASS humanoid_motion_check-run-reverse-links (1.1s)
RUN  humanoid_motion_check-run-settle-frames=181
PASS humanoid_motion_check-run-settle-frames=181 (1.1s)
RUN  humanoid_ui_check
PASS humanoid_ui_check (1.2s)
RUN  humanoid_ui_check-modular
PASS humanoid_ui_check-modular (1.6s)
RUN  keyboard_navigation_check
PASS keyboard_navigation_check (0.6s)
RUN  learned_app_check
PASS learned_app_check (0.9s)
RUN  learned_policy_check
PASS learned_policy_check (1.2s)
RUN  learned_tracking_check
PASS learned_tracking_check (1.5s)
RUN  localization_check
PASS localization_check (0.9s)
RUN  manual_control_check
PASS manual_control_check (0.3s)
RUN  material_assets_check
PASS material_assets_check (0.3s)
RUN  mesh_assets_check
PASS mesh_assets_check (0.5s)
RUN  modular_humanoid_check-walk
PASS modular_humanoid_check-walk (0.9s)
RUN  modular_humanoid_check-pick
PASS modular_humanoid_check-pick (1.0s)
RUN  modular_humanoid_check-pick-reverse-links
PASS modular_humanoid_check-pick-reverse-links (1.0s)
RUN  modular_pickup_parallel_check
PASS modular_pickup_parallel_check (2.2s)
RUN  motion_lab_check
PASS motion_lab_check (4.2s)
RUN  motion_lab_ui_check
PASS motion_lab_ui_check (3.0s)
RUN  pickup_bridge_ui_check
PASS pickup_bridge_ui_check (6.8s)
RUN  pickup_lab_ui_check
PASS pickup_lab_ui_check (4.8s)
RUN  pickup_store_check
PASS pickup_store_check (1.9s)
RUN  pickup_trial_check
PASS pickup_trial_check (3.8s)
RUN  project_store_check
PASS project_store_check (1.2s)
RUN  relative_code_check
PASS relative_code_check (0.4s)
RUN  run_mode_check
PASS run_mode_check (0.3s)
RUN  servo_torque_budget_check
PASS servo_torque_budget_check (0.3s)
RUN  tutorial_ui_check
PASS tutorial_ui_check (0.7s)
RUN  viewport_framing_check
PASS viewport_framing_check (1.4s)
RUN  workshop_ui_check
PASS workshop_ui_check (0.8s)
RUN  yaw_biped_check
PASS yaw_biped_check (0.3s)
RUN  tests-motion_mcp_check.py
PASS tests-motion_mcp_check.py (4.1s)
RUN  tests-test_ci_verify.py
PASS tests-test_ci_verify.py (0.2s)
RUN  tests-test_pickup_bridge.py
PASS tests-test_pickup_bridge.py (1.7s)
RUN  tests-test_release_documents.py
PASS tests-test_release_documents.py (1.0s)
RUN  tools-motion_lab-test_races.py
PASS tools-motion_lab-test_races.py (2.2s)
RUN  tools-motion_lab-test_service.py
PASS tools-motion_lab-test_service.py (1.2s)
RUN  tools-rl_lab-test_rl_lab.py
PASS tools-rl_lab-test_rl_lab.py (0.5s)
60 checks; 0 failures. Results: /home/hojun/.local/share/agent-remote/jobs/20260930-111010-ssok-core-full-8b65791-a3c5ea3a/work/out/verification/SUMMARY.md
