Godot Engine v4.7.2.stable.official.ed1daf0bf - https://godotengine.org

ERROR: FAIL all catalogs present including the learning biped and sixteen-channel kit board
   at: push_error (core/variant/variant_utility.cpp:1023)
   GDScript backtrace (most recent call first):
       [0] _check (res://tests/workshop_ui_check.gd:167)
       [1] _run (res://tests/workshop_ui_check.gd:45)
ERROR: FAIL filters restore full catalog
   at: push_error (core/variant/variant_utility.cpp:1023)
   GDScript backtrace (most recent call first):
       [0] _check (res://tests/workshop_ui_check.gd:167)
       [1] _run (res://tests/workshop_ui_check.gd:76)
ERROR: FAIL filters restore full catalog
   at: push_error (core/variant/variant_utility.cpp:1023)
   GDScript backtrace (most recent call first):
       [0] _check (res://tests/workshop_ui_check.gd:167)
       [1] _run (res://tests/workshop_ui_check.gd:76)
ERROR: FAIL filters restore full catalog
   at: push_error (core/variant/variant_utility.cpp:1023)
   GDScript backtrace (most recent call first):
       [0] _check (res://tests/workshop_ui_check.gd:167)
       [1] _run (res://tests/workshop_ui_check.gd:76)
ERROR: FAIL filters restore full catalog
   at: push_error (core/variant/variant_utility.cpp:1023)
   GDScript backtrace (most recent call first):
       [0] _check (res://tests/workshop_ui_check.gd:167)
       [1] _run (res://tests/workshop_ui_check.gd:76)
workshop_ui_check: 420 checks, 5 failures
