Godot Engine v4.7.2.stable.official.ed1daf0bf - https://godotengine.org

ERROR: stage file round-trip
   at: push_error (core/variant/variant_utility.cpp:1023)
   GDScript backtrace (most recent call first):
       [0] _check (res://tests/stage_authoring_check.gd:83)
       [1] _run (res://tests/stage_authoring_check.gd:18)
ERROR: stage file round-trip
   at: push_error (core/variant/variant_utility.cpp:1023)
   GDScript backtrace (most recent call first):
       [0] _check (res://tests/stage_authoring_check.gd:83)
       [1] _run (res://tests/stage_authoring_check.gd:18)
ERROR: stage file round-trip
   at: push_error (core/variant/variant_utility.cpp:1023)
   GDScript backtrace (most recent call first):
       [0] _check (res://tests/stage_authoring_check.gd:83)
       [1] _run (res://tests/stage_authoring_check.gd:18)
STAGE_RESULT raise-flag {"elapsed_seconds":2.38333333333333,"expired":false,"measurements":[{"held_seconds":1.0,"met":true,"metric":"height","value":0.164968460798264}],"success":true,"wall_contact":false}
STAGE_RESULT finish-line {"elapsed_seconds":1.3,"expired":false,"measurements":[{"held_seconds":0.0166666666666667,"met":true,"metric":"x","value":0.506524503231049},{"held_seconds":1.3,"met":true,"metric":"upright","value":0.999933302402496}],"success":true,"wall_contact":false}
STAGE_RESULT wall-brake {"elapsed_seconds":2.99999999999999,"expired":false,"measurements":[{"held_seconds":0.683333333333334,"met":true,"metric":"sonar_distance","value":6.05193935334682},{"held_seconds":0.3,"met":true,"metric":"speed","value":0.00157657475210726},{"held_seconds":2.99999999999999,"met":true,"metric":"wall_contact","value":0.0}],"success":true,"wall_contact":false}
ERROR: practice snaps through actual assembly graph
   at: push_error (core/variant/variant_utility.cpp:1023)
   GDScript backtrace (most recent call first):
       [0] _check (res://tests/stage_authoring_check.gd:83)
       [1] _run (res://tests/stage_authoring_check.gd:47)
stage_authoring_check: 32 checks, 4 failures
WARNING: 4 ObjectDB instances were leaked at exit (run with `--verbose` for details).
   at: cleanup (core/object/object.cpp:2536)
ERROR: 2 resources still in use at exit (run with --verbose for details).
   at: clear (core/io/resource.cpp:822)
