Godot Engine v4.7.2.stable.official.ed1daf0bf - https://godotengine.org

ERROR: Node not found: "BeehaveGlobalDebugger" (relative to "/root").
   at: get_node (scene/main/node.cpp:1975)
   GDScript backtrace (most recent call first):
       [0] _get_global_debugger (res://addons/beehave/nodes/beehave_tree.gd:324)
       [1] _ready (res://addons/beehave/nodes/beehave_tree.gd:138)
       [2] _run (res://reuse_check.gd:42)
SCRIPT ERROR: Attempt to call function 'register_tree' in base 'null instance' on a null instance.
          at: BeehaveTree._ready (res://addons/beehave/nodes/beehave_tree.gd:138)
          GDScript backtrace (most recent call first):
              [0] _ready (res://addons/beehave/nodes/beehave_tree.gd:138)
              [1] _run (res://reuse_check.gd:42)
CHECK PASS Beehave reports running
CHECK PASS Running pickup blocks placement
ERROR: Can't send message. No active debugger
   at: send_message (core/core_bind.cpp:2222)
   GDScript backtrace (most recent call first):
       [0] process_interrupt (res://addons/beehave/debug/debugger_messages.gd:24)
       [1] interrupt (res://addons/beehave/nodes/beehave_node.gd:26)
       [2] interrupt (res://addons/beehave/nodes/composites/composite.gd:25)
       [3] interrupt (res://addons/beehave/nodes/composites/sequence.gd:81)
       [4] interrupt (res://addons/beehave/nodes/beehave_tree.gd:262)
       [5] _run (res://reuse_check.gd:46)
CHECK PASS Interrupt reaches active action
CHECK PASS Interrupt does not execute placement
CHECK PASS Beehave reports failure
CHECK PASS Failed pickup blocks placement
CHECK PASS Sequence succeeds when both actions succeed
CHECK PASS Placement executes once after pickup succeeds
ERROR: Can't send message. No active debugger
   at: send_message (core/core_bind.cpp:2222)
   GDScript backtrace (most recent call first):
       [0] unregister_tree (res://addons/beehave/debug/debugger_messages.gd:15)
       [1] <anonymous lambda> (res://addons/beehave/nodes/beehave_tree.gd:163)
ERROR: Can't send message. No active debugger
   at: send_message (core/core_bind.cpp:2222)
   GDScript backtrace (most recent call first):
       [0] unregister_tree (res://addons/beehave/debug/debugger_messages.gd:15)
       [1] <anonymous lambda> (res://addons/beehave/nodes/beehave_tree.gd:163)
ERROR: Can't send message. No active debugger
   at: send_message (core/core_bind.cpp:2222)
   GDScript backtrace (most recent call first):
       [0] unregister_tree (res://addons/beehave/debug/debugger_messages.gd:15)
       [1] <anonymous lambda> (res://addons/beehave/nodes/beehave_tree.gd:163)
CHECK PASS State Charts starts at assembly
CHECK PASS Wiring event starts run state
CHECK PASS Observed goal enters success state
ERROR: The state chart is currently frozen. Cannot set send events.
   at: push_error (core/variant/variant_utility.cpp:1023)
   GDScript backtrace (most recent call first):
       [0] send_event (res://addons/godot_state_charts/state_chart.gd:165)
       [1] _run (res://reuse_check.gd:79)
CHECK PASS Frozen chart ignores new event
CHECK PASS Retry returns to assembly after thaw
RESULT {"checks":13,"engine":"4.7.2-stable (official)","failures":[],"scope":"Synthetic native addon execution; no robot physics, web, or live AI"}
