Godot Engine v4.7.2.stable.official.ed1daf0bf - https://godotengine.org

ERROR: Can't send message. No active debugger
   at: send_message (core/core_bind.cpp:2222)
   GDScript backtrace (most recent call first):
       [0] register_tree (res://addons/beehave/debug/debugger_messages.gd:10)
       [1] _ready (res://addons/beehave/nodes/beehave_tree.gd:139)
       [2] _run (res://reuse_check.gd:51)
CHECK PASS Beehave reports running
CHECK PASS Running pickup blocks placement
ERROR: Can't send message. No active debugger
   at: send_message (core/core_bind.cpp:2222)
   GDScript backtrace (most recent call first):
       [0] process_interrupt (res://addons/beehave/debug/debugger_messages.gd:24)
       [1] interrupt (res://addons/beehave/nodes/beehave_node.gd:26)
       [2] interrupt (res://addons/beehave/nodes/composites/composite.gd:25)
       [3] interrupt (res://addons/beehave/nodes/composites/sequence.gd:81)
       [4] interrupt (res://addons/beehave/nodes/beehave_tree.gd:262)
       [5] _run (res://reuse_check.gd:55)
CHECK PASS Interrupt reaches active action
CHECK PASS Interrupt does not execute placement
CHECK PASS Beehave reports failure
CHECK PASS Failed pickup blocks placement
CHECK PASS Sequence succeeds when both actions succeed
CHECK PASS Placement executes once after pickup succeeds
ERROR: Can't send message. No active debugger
   at: send_message (core/core_bind.cpp:2222)
   GDScript backtrace (most recent call first):
       [0] unregister_tree (res://addons/beehave/debug/debugger_messages.gd:15)
       [1] <anonymous lambda> (res://addons/beehave/nodes/beehave_tree.gd:163)
ERROR: Can't send message. No active debugger
   at: send_message (core/core_bind.cpp:2222)
   GDScript backtrace (most recent call first):
       [0] unregister_tree (res://addons/beehave/debug/debugger_messages.gd:15)
       [1] <anonymous lambda> (res://addons/beehave/nodes/beehave_tree.gd:163)
ERROR: Can't send message. No active debugger
   at: send_message (core/core_bind.cpp:2222)
   GDScript backtrace (most recent call first):
       [0] unregister_tree (res://addons/beehave/debug/debugger_messages.gd:15)
       [1] <anonymous lambda> (res://addons/beehave/nodes/beehave_tree.gd:163)
CHECK PASS State Charts starts at assembly
CHECK PASS Wiring event starts run state
CHECK PASS Observed goal enters success state
CHECK PASS Retry returns to assembly after thaw
RESULT {"checks":12,"engine":"4.7.2-stable (official)","failures":[],"scope":"Synthetic native addon execution; no robot physics, web, or live AI"}
ERROR: Capture not registered: 'beehave'.
   at: unregister_message_capture (core/debugger/engine_debugger.cpp:62)
