Workshop ready
Click starter
Click projects
Paste 19 characters into project_name
Clipboard contains 19 characters
Click project_name
SSOK_TEST_PASTE 19
Paste dispatched to project_name
Click save
01-saved
Workshop ready
Click projects
Click saved_first
Click open
02-replace-confirmation
03-reopened
Click projects
Click export
04-exported
Paste 3475 characters into transfer_text
Clipboard contains 3475 characters
Click transfer_text
SSOK_TEST_PASTE 3475
Paste dispatched to transfer_text
Click import
05-import-confirmation
Click projects
Click export
Paste 39 characters into transfer_text
Clipboard contains 39 characters
Click transfer_text
SSOK_TEST_PASTE 39
Paste dispatched to transfer_text
Click import
06-invalid-import-rejected
Click export
Click close_projects
Click blocks_tab
07-blocks
08-blocks-bottom
Click block_operation
08a-wait-operation
Click add_block
Paste 3 characters into block_seconds
Clipboard contains 3 characters
Click block_seconds
SSOK_TEST_PASTE 3
Paste dispatched to block_seconds
Click apply_blocks
09-blocks-applied
Click projects
Click export
Click close_projects
Paste 3 characters into block_seconds
Clipboard contains 3 characters
Click block_seconds
SSOK_TEST_PASTE 3
Paste dispatched to block_seconds
Click run_code
Click projects
Click export
Click close_projects
Click run_mode
Click wiring_tab
10-wiring-before
Click wire_disconnect_first
Click wire_pin
Click wire_connect
11-wiring-after
Click projects
Click export
Traceback (most recent call last):
  File "/home/hojun/.local/share/agent-remote/jobs/20260930-111403-ssok-core-browser-8b65791-b5f43fc8/work/tools/browser_authoring.py", line 242, in main
    assert len(removed) == len(added) == 1, "Rewiring must replace exactly one electrical connection"
           ^^^^^^^^^^^^^^^^^^^^^^^^^^^^^^^
AssertionError: Rewiring must replace exactly one electrical connection

Traceback (most recent call last):
  File "/home/hojun/.local/share/agent-remote/jobs/20260930-111403-ssok-core-browser-8b65791-b5f43fc8/work/tools/browser_authoring.py", line 286, in <module>
    main()
    ~~~~^^
  File "/home/hojun/.local/share/agent-remote/jobs/20260930-111403-ssok-core-browser-8b65791-b5f43fc8/work/tools/browser_authoring.py", line 242, in main
    assert len(removed) == len(added) == 1, "Rewiring must replace exactly one electrical connection"
           ^^^^^^^^^^^^^^^^^^^^^^^^^^^^^^^
AssertionError: Rewiring must replace exactly one electrical connection
