load
settle
hold_w
stop
measured
{
  "failure": "",
  "finite": true,
  "foot_air_frames": [
    169,
    277
  ],
  "forward": 0.426637291908264,
  "frames": 720,
  "graph_fingerprint": "c1920876e4044891aef8a9db6dafc91f665711f0070e3ed590066762a2b024d7",
  "lateral": 0.0332354828715324,
  "maximum_foot_clearance_m": [
    0.0061504065990448,
    0.01236532330513
  ],
  "minimum_height": 0.129006069898605,
  "minimum_upright": 0.962072849273682,
  "runtime_fingerprint": "0a269bde27b83ce81d78c5fa745237ab960316f4660e6714b624b0a85c6361ae",
  "seconds": 12,
  "yaw_degrees": 3.03559305302119
}
