Godot Engine v4.7.2.stable.official.ed1daf0bf - https://godotengine.org

PASS code mode excludes movement inputs
PASS learner program is sleeping after its first command
PASS changing command source stops the sleeping program
PASS cancelled sleep cannot send a stale motor command or finish event
PASS older cancellation cannot clear a newer program's state
PASS only the newer program finishes
PASS returning to edit stops code before tearing down physics
PASS no stale coroutine accesses removed servo drives
PASS biped run mode connects whole-robot movement program
PASS viewport W dispatches a forward command
PASS key release dispatches stop
PASS typing W in the code editor does not move the robot
PASS clicking the run viewport returns keyboard control from the code editor
PASS viewport S dispatches backward after leaving the editor
PASS Run code hands ownership away from WASD
PASS Stop cancels both input sources
PASS edit controls are restored after run mode
PASS complete input/code lifecycle has no runtime errors
control_flow_check: 0 failure(s)
