Workshop ready
Click starter
Click projects
Paste 19 characters into project_name
Clipboard contains 19 characters
Click project_name
SSOK_TEST_PASTE 19
Paste dispatched to project_name
Click save
01-saved
Workshop ready
Click projects
Click saved_first
Click open
02-replace-confirmation
03-reopened
Click projects
Click export
04-exported
Paste 3475 characters into transfer_text
Clipboard contains 3475 characters
Click transfer_text
SSOK_TEST_PASTE 3475
Paste dispatched to transfer_text
Click import
05-import-confirmation
Click projects
Click export
Paste 39 characters into transfer_text
Clipboard contains 39 characters
Click transfer_text
SSOK_TEST_PASTE 39
Paste dispatched to transfer_text
Click import
06-invalid-import-rejected
Click export
Click close_projects
Click blocks_tab
07-blocks
08-blocks-bottom
Click block_operation
08a-wait-operation
Click add_block
Paste 3 characters into block_seconds
Clipboard contains 3 characters
Click block_seconds
SSOK_TEST_PASTE 3
Paste dispatched to block_seconds
Click apply_blocks
09-blocks-applied
Click projects
Click export
Click close_projects
10-compact-workshop
Browser authoring checks passed: /home/hojun/.local/share/agent-remote/jobs/20260922-124044-ssok-clean-6470757-browser-60c8f21a/work/out/authoring
