load
settle
hold_w
stop
measured
{
  "failure": "",
  "finite": true,
  "foot_air_frames": [
    150,
    272
  ],
  "forward": 0.429204910993576,
  "frames": 720,
  "graph_fingerprint": "c1920876e4044891aef8a9db6dafc91f665711f0070e3ed590066762a2b024d7",
  "lateral": 0.0297571010887623,
  "maximum_foot_clearance_m": [
    0.00567030608654022,
    0.0123369961977005
  ],
  "minimum_height": 0.128904041647911,
  "minimum_upright": 0.962360799312592,
  "runtime_fingerprint": "0a269bde27b83ce81d78c5fa745237ab960316f4660e6714b624b0a85c6361ae",
  "seconds": 12,
  "yaw_degrees": 4.39218132030703
}
